
> frontend@3.4.0 build /app/apps/frontend
> cross-env BUILD_TARGET=web tsc && vite build

src/App.tsx(6,33): error TS6305: Output file '/app/packages/ui/dist/src/index.d.ts' has not been built from source file '/app/packages/ui/src/index.ts'.
src/adapters/tauri/addons.ts(2,45): error TS6305: Output file '/app/packages/addon-sdk/dist/src/index.d.ts' has not been built from source file '/app/packages/addon-sdk/src/index.ts'.
src/adapters/types.ts(47,8): error TS6305: Output file '/app/packages/addon-sdk/dist/src/index.d.ts' has not been built from source file '/app/packages/addon-sdk/src/index.ts'.
src/adapters/web/addons.ts(5,45): error TS6305: Output file '/app/packages/addon-sdk/dist/src/index.d.ts' has not been built from source file '/app/packages/addon-sdk/src/index.ts'.
src/addons/addons-core.ts(8,50): error TS6305: Output file '/app/packages/addon-sdk/dist/src/index.d.ts' has not been built from source file '/app/packages/addon-sdk/src/index.ts'.
src/addons/addons-core.ts(9,43): error TS6305: Output file '/app/packages/addon-sdk/dist/src/index.d.ts' has not been built from source file '/app/packages/addon-sdk/src/index.ts'.
src/addons/addons-core.ts(102,52): error TS7006: Parameter 'p' implicitly has an 'any' type.
src/addons/addons-core.ts(103,27): error TS7006: Parameter 'f' implicitly has an 'any' type.
src/addons/addons-core.ts(103,52): error TS7006: Parameter 'f' implicitly has an 'any' type.
src/addons/addons-core.ts(105,61): error TS7006: Parameter 'p' implicitly has an 'any' type.
src/addons/addons-runtime-context.ts(1,54): error TS6305: Output file '/app/packages/addon-sdk/dist/src/index.d.ts' has not been built from source file '/app/packages/addon-sdk/src/index.ts'.
src/addons/type-bridge.ts(47,8): error TS6305: Output file '/app/packages/addon-sdk/dist/src/index.d.ts' has not been built from source file '/app/packages/addon-sdk/src/index.ts'.
src/addons/type-bridge.ts(365,22): error TS7006: Parameter 'goal' implicitly has an 'any' type.
src/addons/type-bridge.ts(366,22): error TS7006: Parameter 'goal' implicitly has an 'any' type.
src/components/account-selector-mobile.tsx(1,24): error TS6305: Output file '/app/packages/ui/dist/src/components/ui/button.d.ts' has not been built from source file '/app/packages/ui/src/components/ui/button.tsx'.
src/components/account-selector-mobile.tsx(2,28): error TS6305: Output file '/app/packages/ui/dist/src/components/ui/scroll-area.d.ts' has not been built from source file '/app/packages/ui/src/components/ui/scroll-area.tsx'.
src/components/account-selector-mobile.tsx(10,8): error TS6305: Output file '/app/packages/ui/dist/src/components/ui/sheet.d.ts' has not been built from source file '/app/packages/ui/src/components/ui/sheet.tsx'.
src/components/account-selector-mobile.tsx(11,26): error TS6305: Output file '/app/packages/ui/dist/src/components/ui/skeleton.d.ts' has not been built from source file '/app/packages/ui/src/components/ui/skeleton.tsx'.
src/components/account-selector-mobile.tsx(17,34): error TS6305: Output file '/app/packages/ui/dist/src/index.d.ts' has not been built from source file '/app/packages/ui/src/index.ts'.
src/components/account-selector.tsx(1,24): error TS6305: Output file '/app/packages/ui/dist/src/components/ui/button.d.ts' has not been built from source file '/app/packages/ui/src/components/ui/button.tsx'.
src/components/account-selector.tsx(9,8): error TS6305: Output file '/app/packages/ui/dist/src/components/ui/command.d.ts' has not been built from source file '/app/packages/ui/src/components/ui/command.tsx'.
src/components/account-selector.tsx(10,57): error TS6305: Output file '/app/packages/ui/dist/src/components/ui/popover.d.ts' has not been built from source file '/app/packages/ui/src/components/ui/popover.tsx'.
src/components/account-selector.tsx(13,34): error TS6305: Output file '/app/packages/ui/dist/src/index.d.ts' has not been built from source file '/app/packages/ui/src/index.ts'.
src/components/account-selector.tsx(17,26): error TS6305: Output file '/app/packages/ui/dist/src/components/ui/skeleton.d.ts' has not been built from source file '/app/packages/ui/src/components/ui/skeleton.tsx'.
src/components/action-palette.tsx(2,24): error TS6305: Output file '/app/packages/ui/dist/src/components/ui/button.d.ts' has not been built from source file '/app/packages/ui/src/components/ui/button.tsx'.
src/components/action-palette.tsx(3,23): error TS6305: Output file '/app/packages/ui/dist/src/components/ui/icons.d.ts' has not been built from source file '/app/packages/ui/src/components/ui/icons.tsx'.
src/components/action-palette.tsx(4,57): error TS6305: Output file '/app/packages/ui/dist/src/components/ui/popover.d.ts' has not been built from source file '/app/packages/ui/src/components/ui/popover.tsx'.
src/components/action-palette.tsx(5,20): error TS6305: Output file '/app/packages/ui/dist/src/lib/utils.d.ts' has not been built from source file '/app/packages/ui/src/lib/utils.ts'.
src/components/allocation-breadcrumb.tsx(3,23): error TS6305: Output file '/app/packages/ui/dist/src/components/ui/icons.d.ts' has not been built from source file '/app/packages/ui/src/components/ui/icons.tsx'.
src/components/app-launcher.tsx(32,8): error TS6305: Output file '/app/packages/ui/dist/src/index.d.ts' has not been built from source file '/app/packages/ui/src/index.ts'.
src/components/app-launcher.tsx(101,23): error TS7006: Parameter 'prev' implicitly has an 'any' type.
src/components/app-launcher.tsx(103,39): error TS7006: Parameter 'i' implicitly has an 'any' type.
src/components/app-launcher.tsx(581,46): error TS7006: Parameter 'item' implicitly has an 'any' type.
src/components/app-launcher.tsx(632,64): error TS7006: Parameter 'item' implicitly has an 'any' type.
src/components/benchmark-symbol-selector-mobile.tsx(2,24): error TS6305: Output file '/app/packages/ui/dist/src/components/ui/button.d.ts' has not been built from source file '/app/packages/ui/src/components/ui/button.tsx'.
src/components/benchmark-symbol-selector-mobile.tsx(3,23): error TS6305: Output file '/app/packages/ui/dist/src/components/ui/icons.d.ts' has not been built from source file '/app/packages/ui/src/components/ui/icons.tsx'.
src/components/benchmark-symbol-selector-mobile.tsx(4,28): error TS6305: Output file '/app/packages/ui/dist/src/components/ui/scroll-area.d.ts' has not been built from source file '/app/packages/ui/src/components/ui/scroll-area.tsx'.
src/components/benchmark-symbol-selector-mobile.tsx(12,8): error TS6305: Output file '/app/packages/ui/dist/src/components/ui/sheet.d.ts' has not been built from source file '/app/packages/ui/src/components/ui/sheet.tsx'.
src/components/benchmark-symbol-selector-mobile.tsx(13,26): error TS6305: Output file '/app/packages/ui/dist/src/components/ui/skeleton.d.ts' has not been built from source file '/app/packages/ui/src/components/ui/skeleton.tsx'.
src/components/benchmark-symbol-selector.tsx(2,24): error TS6305: Output file '/app/packages/ui/dist/src/components/ui/button.d.ts' has not been built from source file '/app/packages/ui/src/components/ui/button.tsx'.
src/components/benchmark-symbol-selector.tsx(10,8): error TS6305: Output file '/app/packages/ui/dist/src/components/ui/command.d.ts' has not been built from source file '/app/packages/ui/src/components/ui/command.tsx'.
src/components/benchmark-symbol-selector.tsx(11,23): error TS6305: Output file '/app/packages/ui/dist/src/components/ui/icons.d.ts' has not been built from source file '/app/packages/ui/src/components/ui/icons.tsx'.
src/components/benchmark-symbol-selector.tsx(12,57): error TS6305: Output file '/app/packages/ui/dist/src/components/ui/popover.d.ts' has not been built from source file '/app/packages/ui/src/components/ui/popover.tsx'.
src/components/benchmark-symbol-selector.tsx(13,26): error TS6305: Output file '/app/packages/ui/dist/src/components/ui/skeleton.d.ts' has not been built from source file '/app/packages/ui/src/components/ui/skeleton.tsx'.
src/components/classification/classification-sheet.tsx(9,8): error TS6305: Output file '/app/packages/ui/dist/src/index.d.ts' has not been built from source file '/app/packages/ui/src/index.ts'.
src/components/classification/multi-select-taxonomy.tsx(2,24): error TS6305: Output file '/app/packages/ui/dist/src/components/ui/button.d.ts' has not been built from source file '/app/packages/ui/src/components/ui/button.tsx'.
src/components/classification/multi-select-taxonomy.tsx(11,8): error TS6305: Output file '/app/packages/ui/dist/src/components/ui/command.d.ts' has not been built from source file '/app/packages/ui/src/components/ui/command.tsx'.
src/components/classification/multi-select-taxonomy.tsx(12,57): error TS6305: Output file '/app/packages/ui/dist/src/components/ui/popover.d.ts' has not been built from source file '/app/packages/ui/src/components/ui/popover.tsx'.
src/components/classification/multi-select-taxonomy.tsx(13,26): error TS6305: Output file '/app/packages/ui/dist/src/components/ui/skeleton.d.ts' has not been built from source file '/app/packages/ui/src/components/ui/skeleton.tsx'.
src/components/classification/multi-select-taxonomy.tsx(14,23): error TS6305: Output file '/app/packages/ui/dist/src/components/ui/input.d.ts' has not been built from source file '/app/packages/ui/src/components/ui/input.tsx'.
src/components/classification/multi-select-taxonomy.tsx(15,23): error TS6305: Output file '/app/packages/ui/dist/src/index.d.ts' has not been built from source file '/app/packages/ui/src/index.ts'.
src/components/classification/multi-select-taxonomy.tsx(240,28): error TS7006: Parameter 'isOpen' implicitly has an 'any' type.
src/components/classification/multi-select-taxonomy.tsx(275,36): error TS7006: Parameter 'e' implicitly has an 'any' type.
src/components/classification/multi-select-taxonomy.tsx(278,37): error TS7006: Parameter 'e' implicitly has an 'any' type.
src/components/classification/multi-select-taxonomy.tsx(282,35): error TS7006: Parameter 'e' implicitly has an 'any' type.
src/components/classification/multi-select-taxonomy.tsx(388,32): error TS7006: Parameter 'e' implicitly has an 'any' type.
src/components/classification/multi-select-taxonomy.tsx(390,33): error TS7006: Parameter 'e' implicitly has an 'any' type.
src/components/classification/single-select-taxonomy.tsx(2,68): error TS6305: Output file '/app/packages/ui/dist/src/index.d.ts' has not been built from source file '/app/packages/ui/src/index.ts'.
src/components/classification/single-select-taxonomy.tsx(11,8): error TS6305: Output file '/app/packages/ui/dist/src/components/ui/command.d.ts' has not been built from source file '/app/packages/ui/src/components/ui/command.tsx'.
src/components/classification/single-select-taxonomy.tsx(12,57): error TS6305: Output file '/app/packages/ui/dist/src/components/ui/popover.d.ts' has not been built from source file '/app/packages/ui/src/components/ui/popover.tsx'.
src/components/create-custom-asset-dialog.tsx(4,31): error TS6305: Output file '/app/packages/ui/dist/src/index.d.ts' has not been built from source file '/app/packages/ui/src/index.ts'.
src/components/create-custom-asset-dialog.tsx(5,24): error TS6305: Output file '/app/packages/ui/dist/src/components/ui/button.d.ts' has not been built from source file '/app/packages/ui/src/components/ui/button.tsx'.
src/components/create-custom-asset-dialog.tsx(13,8): error TS6305: Output file '/app/packages/ui/dist/src/components/ui/dialog.d.ts' has not been built from source file '/app/packages/ui/src/components/ui/dialog.tsx'.
src/components/create-custom-asset-dialog.tsx(21,8): error TS6305: Output file '/app/packages/ui/dist/src/components/ui/form.d.ts' has not been built from source file '/app/packages/ui/src/components/ui/form.tsx'.
src/components/create-custom-asset-dialog.tsx(22,23): error TS6305: Output file '/app/packages/ui/dist/src/components/ui/input.d.ts' has not been built from source file '/app/packages/ui/src/components/ui/input.tsx'.
src/components/create-custom-asset-dialog.tsx(29,8): error TS6305: Output file '/app/packages/ui/dist/src/components/ui/select.d.ts' has not been built from source file '/app/packages/ui/src/components/ui/select.tsx'.
src/components/create-custom-asset-dialog.tsx(160,26): error TS7031: Binding element 'field' implicitly has an 'any' type.
src/components/create-custom-asset-dialog.tsx(167,34): error TS7006: Parameter 'e' implicitly has an 'any' type.
src/components/create-custom-asset-dialog.tsx(179,26): error TS7031: Binding element 'field' implicitly has an 'any' type.
src/components/create-custom-asset-dialog.tsx(194,28): error TS7031: Binding element 'field' implicitly has an 'any' type.
src/components/create-custom-asset-dialog.tsx(219,28): error TS7031: Binding element 'field' implicitly has an 'any' type.
src/components/currency-selector-mobile.tsx(3,31): error TS6305: Output file '/app/packages/ui/dist/src/index.d.ts' has not been built from source file '/app/packages/ui/src/index.ts'.
src/components/header.tsx(1,24): error TS6305: Output file '/app/packages/ui/dist/src/components/ui/button.d.ts' has not been built from source file '/app/packages/ui/src/components/ui/button.tsx'.
src/components/header.tsx(2,23): error TS6305: Output file '/app/packages/ui/dist/src/components/ui/icons.d.ts' has not been built from source file '/app/packages/ui/src/components/ui/icons.tsx'.
src/components/health-status-icon.tsx(3,24): error TS6305: Output file '/app/packages/ui/dist/src/components/ui/button.d.ts' has not been built from source file '/app/packages/ui/src/components/ui/button.tsx'.
src/components/health-status-icon.tsx(4,23): error TS6305: Output file '/app/packages/ui/dist/src/components/ui/icons.d.ts' has not been built from source file '/app/packages/ui/src/components/ui/icons.tsx'.
src/components/health-status-icon.tsx(5,74): error TS6305: Output file '/app/packages/ui/dist/src/index.d.ts' has not been built from source file '/app/packages/ui/src/index.ts'.
src/components/history-chart-symbol.tsx(3,30): error TS6305: Output file '/app/packages/ui/dist/src/index.d.ts' has not been built from source file '/app/packages/ui/src/index.ts'.
src/components/history-chart.tsx(2,45): error TS6305: Output file '/app/packages/ui/dist/src/components/ui/chart.d.ts' has not been built from source file '/app/packages/ui/src/components/ui/chart.tsx'.
src/components/history-chart.tsx(6,31): error TS6305: Output file '/app/packages/ui/dist/src/index.d.ts' has not been built from source file '/app/packages/ui/src/index.ts'.
src/components/metric-display.tsx(1,24): error TS6305: Output file '/app/packages/ui/dist/src/components/ui/button.d.ts' has not been built from source file '/app/packages/ui/src/components/ui/button.tsx'.
src/components/metric-display.tsx(2,23): error TS6305: Output file '/app/packages/ui/dist/src/components/ui/icons.d.ts' has not been built from source file '/app/packages/ui/src/components/ui/icons.tsx'.
src/components/metric-display.tsx(3,57): error TS6305: Output file '/app/packages/ui/dist/src/components/ui/popover.d.ts' has not been built from source file '/app/packages/ui/src/components/ui/popover.tsx'.
src/components/metric-display.tsx(9,8): error TS6305: Output file '/app/packages/ui/dist/src/components/ui/tooltip.d.ts' has not been built from source file '/app/packages/ui/src/components/ui/tooltip.tsx'.
src/components/metric-display.tsx(11,29): error TS6305: Output file '/app/packages/ui/dist/src/index.d.ts' has not been built from source file '/app/packages/ui/src/index.ts'.
src/components/mobile-actions-menu.tsx(1,24): error TS6305: Output file '/app/packages/ui/dist/src/components/ui/button.d.ts' has not been built from source file '/app/packages/ui/src/components/ui/button.tsx'.
src/components/mobile-actions-menu.tsx(9,8): error TS6305: Output file '/app/packages/ui/dist/src/components/ui/sheet.d.ts' has not been built from source file '/app/packages/ui/src/components/ui/sheet.tsx'.
src/components/mobile-actions-menu.tsx(10,23): error TS6305: Output file '/app/packages/ui/dist/src/index.d.ts' has not been built from source file '/app/packages/ui/src/index.ts'.
src/components/page/index.ts(1,77): error TS6305: Output file '/app/packages/ui/dist/src/index.d.ts' has not been built from source file '/app/packages/ui/src/index.ts'.
src/components/page/swipable-page.tsx(3,47): error TS6305: Output file '/app/packages/ui/dist/src/index.d.ts' has not been built from source file '/app/packages/ui/src/index.ts'.
src/components/page/swipable-routes-page.tsx(2,30): error TS6305: Output file '/app/packages/ui/dist/src/index.d.ts' has not been built from source file '/app/packages/ui/src/index.ts'.
src/components/page/swipable-routes-page.tsx(5,47): error TS6305: Output file '/app/packages/ui/dist/src/index.d.ts' has not been built from source file '/app/packages/ui/src/index.ts'.
src/components/page/swipable-routes-page.tsx(217,22): error TS7006: Parameter 'api' implicitly has an 'any' type.
src/components/performance-chart-mobile.tsx(8,8): error TS6305: Output file '/app/packages/ui/dist/src/components/ui/chart.d.ts' has not been built from source file '/app/packages/ui/src/components/ui/chart.tsx'.
src/components/performance-chart-mobile.tsx(11,31): error TS6305: Output file '/app/packages/ui/dist/src/index.d.ts' has not been built from source file '/app/packages/ui/src/index.ts'.
src/components/performance-chart.tsx(9,8): error TS6305: Output file '/app/packages/ui/dist/src/components/ui/chart.d.ts' has not been built from source file '/app/packages/ui/src/components/ui/chart.tsx'.
src/components/performance-chart.tsx(11,31): error TS6305: Output file '/app/packages/ui/dist/src/index.d.ts' has not been built from source file '/app/packages/ui/src/index.ts'.
src/components/privacy-toggle.tsx(1,24): error TS6305: Output file '/app/packages/ui/dist/src/components/ui/button.d.ts' has not been built from source file '/app/packages/ui/src/components/ui/button.tsx'.
src/components/privacy-toggle.tsx(2,23): error TS6305: Output file '/app/packages/ui/dist/src/components/ui/icons.d.ts' has not been built from source file '/app/packages/ui/src/components/ui/icons.tsx'.
src/components/privacy-toggle.tsx(18,17): error TS7006: Parameter 'e' implicitly has an 'any' type.
src/components/risk-badge.tsx(2,57): error TS6305: Output file '/app/packages/ui/dist/src/components/ui/tooltip.d.ts' has not been built from source file '/app/packages/ui/src/components/ui/tooltip.tsx'.
src/components/sonner.tsx(3,23): error TS6305: Output file '/app/packages/ui/dist/src/index.d.ts' has not been built from source file '/app/packages/ui/src/index.ts'.
src/components/symbol-selector-mobile.tsx(7,31): error TS6305: Output file '/app/packages/ui/dist/src/components/financial/index.d.ts' has not been built from source file '/app/packages/ui/src/components/financial/index.ts'.
src/components/symbol-selector-mobile.tsx(8,24): error TS6305: Output file '/app/packages/ui/dist/src/components/ui/button.d.ts' has not been built from source file '/app/packages/ui/src/components/ui/button.tsx'.
src/components/symbol-selector-mobile.tsx(9,23): error TS6305: Output file '/app/packages/ui/dist/src/components/ui/icons.d.ts' has not been built from source file '/app/packages/ui/src/components/ui/icons.tsx'.
src/components/symbol-selector-mobile.tsx(10,23): error TS6305: Output file '/app/packages/ui/dist/src/components/ui/input.d.ts' has not been built from source file '/app/packages/ui/src/components/ui/input.tsx'.
src/components/symbol-selector-mobile.tsx(11,28): error TS6305: Output file '/app/packages/ui/dist/src/components/ui/scroll-area.d.ts' has not been built from source file '/app/packages/ui/src/components/ui/scroll-area.tsx'.
src/components/symbol-selector-mobile.tsx(18,8): error TS6305: Output file '/app/packages/ui/dist/src/components/ui/select.d.ts' has not been built from source file '/app/packages/ui/src/components/ui/select.tsx'.
src/components/symbol-selector-mobile.tsx(19,27): error TS6305: Output file '/app/packages/ui/dist/src/components/ui/separator.d.ts' has not been built from source file '/app/packages/ui/src/components/ui/separator.tsx'.
src/components/symbol-selector-mobile.tsx(27,8): error TS6305: Output file '/app/packages/ui/dist/src/components/ui/sheet.d.ts' has not been built from source file '/app/packages/ui/src/components/ui/sheet.tsx'.
src/components/symbol-selector-mobile.tsx(28,26): error TS6305: Output file '/app/packages/ui/dist/src/components/ui/skeleton.d.ts' has not been built from source file '/app/packages/ui/src/components/ui/skeleton.tsx'.
src/components/symbol-selector-mobile.tsx(213,38): error TS7006: Parameter 'e' implicitly has an 'any' type.
src/components/symbol-selector-mobile.tsx(225,38): error TS7006: Parameter 'e' implicitly has an 'any' type.
src/components/symbol-selector-mobile.tsx(235,45): error TS7006: Parameter 'value' implicitly has an 'any' type.
src/components/theme-selector.tsx(1,50): error TS6305: Output file '/app/packages/ui/dist/src/components/ui/form.d.ts' has not been built from source file '/app/packages/ui/src/components/ui/form.tsx'.
src/components/theme-selector.tsx(2,44): error TS6305: Output file '/app/packages/ui/dist/src/components/ui/radio-group.d.ts' has not been built from source file '/app/packages/ui/src/components/ui/radio-group.tsx'.
src/components/ticker-avatar.tsx(3,53): error TS6305: Output file '/app/packages/ui/dist/src/index.d.ts' has not been built from source file '/app/packages/ui/src/index.ts'.
src/components/ticker-search.tsx(6,24): error TS6305: Output file '/app/packages/ui/dist/src/components/ui/button.d.ts' has not been built from source file '/app/packages/ui/src/components/ui/button.tsx'.
src/components/ticker-search.tsx(13,8): error TS6305: Output file '/app/packages/ui/dist/src/components/ui/command.d.ts' has not been built from source file '/app/packages/ui/src/components/ui/command.tsx'.
src/components/ticker-search.tsx(14,23): error TS6305: Output file '/app/packages/ui/dist/src/components/ui/icons.d.ts' has not been built from source file '/app/packages/ui/src/components/ui/icons.tsx'.
src/components/ticker-search.tsx(15,57): error TS6305: Output file '/app/packages/ui/dist/src/components/ui/popover.d.ts' has not been built from source file '/app/packages/ui/src/components/ui/popover.tsx'.
src/components/ticker-search.tsx(16,26): error TS6305: Output file '/app/packages/ui/dist/src/components/ui/skeleton.d.ts' has not been built from source file '/app/packages/ui/src/components/ui/skeleton.tsx'.
src/components/ticker-search.tsx(17,33): error TS6305: Output file '/app/packages/ui/dist/src/hooks/index.d.ts' has not been built from source file '/app/packages/ui/src/hooks/index.ts'.
src/components/ticker-search.tsx(554,23): error TS7006: Parameter 'e' implicitly has an 'any' type.
src/components/tracking-mode-badge.tsx(1,23): error TS6305: Output file '/app/packages/ui/dist/src/components/ui/badge.d.ts' has not been built from source file '/app/packages/ui/src/components/ui/badge.tsx'.
src/components/tracking-mode-badge.tsx(2,23): error TS6305: Output file '/app/packages/ui/dist/src/components/ui/icons.d.ts' has not been built from source file '/app/packages/ui/src/components/ui/icons.tsx'.
src/components/update-dialog.tsx(4,24): error TS6305: Output file '/app/packages/ui/dist/src/components/ui/button.d.ts' has not been built from source file '/app/packages/ui/src/components/ui/button.tsx'.
src/components/update-dialog.tsx(11,8): error TS6305: Output file '/app/packages/ui/dist/src/components/ui/carousel.d.ts' has not been built from source file '/app/packages/ui/src/components/ui/carousel.tsx'.
src/components/update-dialog.tsx(12,26): error TS6305: Output file '/app/packages/ui/dist/src/components/ui/progress.d.ts' has not been built from source file '/app/packages/ui/src/components/ui/progress.tsx'.
src/components/update-dialog.tsx(13,23): error TS6305: Output file '/app/packages/ui/dist/src/components/ui/use-toast.d.ts' has not been built from source file '/app/packages/ui/src/components/ui/use-toast.ts'.
src/components/update-dialog.tsx(20,23): error TS6305: Output file '/app/packages/ui/dist/src/index.d.ts' has not been built from source file '/app/packages/ui/src/index.ts'.
src/components/update-dialog.tsx(21,36): error TS6305: Output file '/app/packages/ui/dist/src/hooks/use-persistent-state.d.ts' has not been built from source file '/app/packages/ui/src/hooks/use-persistent-state.ts'.
src/context/privacy-context.tsx(5,8): error TS6305: Output file '/app/packages/ui/dist/src/index.d.ts' has not been built from source file '/app/packages/ui/src/index.ts'.
src/features/ai-assistant/components/attachment.tsx(10,34): error TS6305: Output file '/app/packages/ui/dist/src/components/ui/icons.d.ts' has not been built from source file '/app/packages/ui/src/components/ui/icons.tsx'.
src/features/ai-assistant/components/attachment.tsx(13,53): error TS6305: Output file '/app/packages/ui/dist/src/components/ui/avatar.d.ts' has not been built from source file '/app/packages/ui/src/components/ui/avatar.tsx'.
src/features/ai-assistant/components/attachment.tsx(19,8): error TS6305: Output file '/app/packages/ui/dist/src/components/ui/dialog.d.ts' has not been built from source file '/app/packages/ui/src/components/ui/dialog.tsx'.
src/features/ai-assistant/components/attachment.tsx(20,57): error TS6305: Output file '/app/packages/ui/dist/src/components/ui/tooltip.d.ts' has not been built from source file '/app/packages/ui/src/components/ui/tooltip.tsx'.
src/features/ai-assistant/components/chat-shell.tsx(5,24): error TS6305: Output file '/app/packages/ui/dist/src/components/ui/button.d.ts' has not been built from source file '/app/packages/ui/src/components/ui/button.tsx'.
src/features/ai-assistant/components/chat-shell.tsx(6,23): error TS6305: Output file '/app/packages/ui/dist/src/components/ui/icons.d.ts' has not been built from source file '/app/packages/ui/src/components/ui/icons.tsx'.
src/features/ai-assistant/components/chat-shell.tsx(7,41): error TS6305: Output file '/app/packages/ui/dist/src/index.d.ts' has not been built from source file '/app/packages/ui/src/index.ts'.
src/features/ai-assistant/components/chat-shell.tsx(14,8): error TS6305: Output file '/app/packages/ui/dist/src/components/ui/sheet.d.ts' has not been built from source file '/app/packages/ui/src/components/ui/sheet.tsx'.
src/features/ai-assistant/components/chat-shell.tsx(15,57): error TS6305: Output file '/app/packages/ui/dist/src/components/ui/tooltip.d.ts' has not been built from source file '/app/packages/ui/src/components/ui/tooltip.tsx'.
src/features/ai-assistant/components/markdown-text.tsx(12,23): error TS6305: Output file '/app/packages/ui/dist/src/components/ui/icons.d.ts' has not been built from source file '/app/packages/ui/src/components/ui/icons.tsx'.
src/features/ai-assistant/components/model-picker.tsx(11,8): error TS6305: Output file '/app/packages/ui/dist/src/index.d.ts' has not been built from source file '/app/packages/ui/src/index.ts'.
src/features/ai-assistant/components/model-picker.tsx(12,23): error TS6305: Output file '/app/packages/ui/dist/src/components/ui/icons.d.ts' has not been built from source file '/app/packages/ui/src/components/ui/icons.tsx'.
src/features/ai-assistant/components/provider-picker.tsx(8,8): error TS6305: Output file '/app/packages/ui/dist/src/index.d.ts' has not been built from source file '/app/packages/ui/src/index.ts'.
src/features/ai-assistant/components/provider-picker.tsx(9,23): error TS6305: Output file '/app/packages/ui/dist/src/components/ui/icons.d.ts' has not been built from source file '/app/packages/ui/src/components/ui/icons.tsx'.
src/features/ai-assistant/components/provider-settings-card.tsx(3,23): error TS6305: Output file '/app/packages/ui/dist/src/components/ui/badge.d.ts' has not been built from source file '/app/packages/ui/src/components/ui/badge.tsx'.
src/features/ai-assistant/components/provider-settings-card.tsx(4,24): error TS6305: Output file '/app/packages/ui/dist/src/components/ui/button.d.ts' has not been built from source file '/app/packages/ui/src/components/ui/button.tsx'.
src/features/ai-assistant/components/provider-settings-card.tsx(5,23): error TS6305: Output file '/app/packages/ui/dist/src/components/ui/icons.d.ts' has not been built from source file '/app/packages/ui/src/components/ui/icons.tsx'.
src/features/ai-assistant/components/provider-settings-card.tsx(6,23): error TS6305: Output file '/app/packages/ui/dist/src/components/ui/input.d.ts' has not been built from source file '/app/packages/ui/src/components/ui/input.tsx'.
src/features/ai-assistant/components/provider-settings-card.tsx(7,23): error TS6305: Output file '/app/packages/ui/dist/src/components/ui/label.d.ts' has not been built from source file '/app/packages/ui/src/components/ui/label.tsx'.
src/features/ai-assistant/components/provider-settings-card.tsx(8,24): error TS6305: Output file '/app/packages/ui/dist/src/components/ui/switch.d.ts' has not been built from source file '/app/packages/ui/src/components/ui/switch.tsx'.
src/features/ai-assistant/components/provider-settings-card.tsx(9,26): error TS6305: Output file '/app/packages/ui/dist/src/components/ui/checkbox.d.ts' has not been built from source file '/app/packages/ui/src/components/ui/checkbox.tsx'.
src/features/ai-assistant/components/provider-settings-card.tsx(14,8): error TS6305: Output file '/app/packages/ui/dist/src/components/ui/collapsible.d.ts' has not been built from source file '/app/packages/ui/src/components/ui/collapsible.tsx'.
src/features/ai-assistant/components/provider-settings-card.tsx(15,57): error TS6305: Output file '/app/packages/ui/dist/src/components/ui/popover.d.ts' has not been built from source file '/app/packages/ui/src/components/ui/popover.tsx'.
src/features/ai-assistant/components/provider-settings-card.tsx(23,8): error TS6305: Output file '/app/packages/ui/dist/src/components/ui/command.d.ts' has not been built from source file '/app/packages/ui/src/components/ui/command.tsx'.
src/features/ai-assistant/components/provider-settings-card.tsx(400,38): error TS7006: Parameter 'e' implicitly has an 'any' type.
src/features/ai-assistant/components/provider-settings-card.tsx(623,47): error TS7006: Parameter 'e' implicitly has an 'any' type.
src/features/ai-assistant/components/provider-settings-card.tsx(665,53): error TS7006: Parameter 'checked' implicitly has an 'any' type.
src/features/ai-assistant/components/provider-settings-card.tsx(675,53): error TS7006: Parameter 'checked' implicitly has an 'any' type.
src/features/ai-assistant/components/provider-settings-card.tsx(685,53): error TS7006: Parameter 'checked' implicitly has an 'any' type.
src/features/ai-assistant/components/provider-settings-card.tsx(1349,31): error TS7006: Parameter 'next' implicitly has an 'any' type.
src/features/ai-assistant/components/provider-settings-card.tsx(1418,22): error TS7006: Parameter 'e' implicitly has an 'any' type.
src/features/ai-assistant/components/provider-settings-card.tsx(1484,24): error TS7006: Parameter 'e' implicitly has an 'any' type.
src/features/ai-assistant/components/reasoning.tsx(8,23): error TS6305: Output file '/app/packages/ui/dist/src/components/ui/icons.d.ts' has not been built from source file '/app/packages/ui/src/components/ui/icons.tsx'.
src/features/ai-assistant/components/reasoning.tsx(13,8): error TS6305: Output file '/app/packages/ui/dist/src/components/ui/collapsible.d.ts' has not been built from source file '/app/packages/ui/src/components/ui/collapsible.tsx'.
src/features/ai-assistant/components/thinking-toggle.tsx(2,64): error TS6305: Output file '/app/packages/ui/dist/src/index.d.ts' has not been built from source file '/app/packages/ui/src/index.ts'.
src/features/ai-assistant/components/thinking-toggle.tsx(3,23): error TS6305: Output file '/app/packages/ui/dist/src/components/ui/icons.d.ts' has not been built from source file '/app/packages/ui/src/components/ui/icons.tsx'.
src/features/ai-assistant/components/thread-list.tsx(4,23): error TS6305: Output file '/app/packages/ui/dist/src/components/ui/icons.d.ts' has not been built from source file '/app/packages/ui/src/components/ui/icons.tsx'.
src/features/ai-assistant/components/thread-list.tsx(6,31): error TS6305: Output file '/app/packages/ui/dist/src/components/common/index.d.ts' has not been built from source file '/app/packages/ui/src/components/common/index.ts'.
src/features/ai-assistant/components/thread-list.tsx(7,24): error TS6305: Output file '/app/packages/ui/dist/src/components/ui/button.d.ts' has not been built from source file '/app/packages/ui/src/components/ui/button.tsx'.
src/features/ai-assistant/components/thread-list.tsx(8,23): error TS6305: Output file '/app/packages/ui/dist/src/components/ui/input.d.ts' has not been built from source file '/app/packages/ui/src/components/ui/input.tsx'.
src/features/ai-assistant/components/thread-list.tsx(9,26): error TS6305: Output file '/app/packages/ui/dist/src/components/ui/skeleton.d.ts' has not been built from source file '/app/packages/ui/src/components/ui/skeleton.tsx'.
src/features/ai-assistant/components/thread-list.tsx(133,20): error TS7006: Parameter 'e' implicitly has an 'any' type.
src/features/ai-assistant/components/thread-list.tsx(381,23): error TS7006: Parameter 'e' implicitly has an 'any' type.
src/features/ai-assistant/components/thread-list.tsx(407,27): error TS7006: Parameter 'e' implicitly has an 'any' type.
src/features/ai-assistant/components/thread-sidebar.tsx(2,24): error TS6305: Output file '/app/packages/ui/dist/src/components/ui/button.d.ts' has not been built from source file '/app/packages/ui/src/components/ui/button.tsx'.
src/features/ai-assistant/components/thread-sidebar.tsx(3,23): error TS6305: Output file '/app/packages/ui/dist/src/components/ui/input.d.ts' has not been built from source file '/app/packages/ui/src/components/ui/input.tsx'.
src/features/ai-assistant/components/thread-sidebar.tsx(4,23): error TS6305: Output file '/app/packages/ui/dist/src/components/ui/icons.d.ts' has not been built from source file '/app/packages/ui/src/components/ui/icons.tsx'.
src/features/ai-assistant/components/thread-sidebar.tsx(5,23): error TS6305: Output file '/app/packages/ui/dist/src/components/ui/badge.d.ts' has not been built from source file '/app/packages/ui/src/components/ui/badge.tsx'.
src/features/ai-assistant/components/thread-sidebar.tsx(6,27): error TS6305: Output file '/app/packages/ui/dist/src/components/ui/tag-input.d.ts' has not been built from source file '/app/packages/ui/src/components/ui/tag-input.tsx'.
src/features/ai-assistant/components/thread-sidebar.tsx(13,8): error TS6305: Output file '/app/packages/ui/dist/src/components/ui/dropdown-menu.d.ts' has not been built from source file '/app/packages/ui/src/components/ui/dropdown-menu.tsx'.
src/features/ai-assistant/components/thread-sidebar.tsx(22,8): error TS6305: Output file '/app/packages/ui/dist/src/components/ui/alert-dialog.d.ts' has not been built from source file '/app/packages/ui/src/components/ui/alert-dialog.tsx'.
src/features/ai-assistant/components/thread-sidebar.tsx(30,8): error TS6305: Output file '/app/packages/ui/dist/src/components/ui/dialog.d.ts' has not been built from source file '/app/packages/ui/src/components/ui/dialog.tsx'.
src/features/ai-assistant/components/thread-sidebar.tsx(31,23): error TS6305: Output file '/app/packages/ui/dist/src/components/ui/label.d.ts' has not been built from source file '/app/packages/ui/src/components/ui/label.tsx'.
src/features/ai-assistant/components/thread-sidebar.tsx(275,24): error TS7006: Parameter 'e' implicitly has an 'any' type.
src/features/ai-assistant/components/thread-sidebar.tsx(354,24): error TS7006: Parameter 'e' implicitly has an 'any' type.
src/features/ai-assistant/components/thread-sidebar.tsx(356,25): error TS7006: Parameter 'e' implicitly has an 'any' type.
src/features/ai-assistant/components/thread-sidebar.tsx(374,52): error TS7006: Parameter 'open' implicitly has an 'any' type.
src/features/ai-assistant/components/thread.tsx(13,24): error TS6305: Output file '/app/packages/ui/dist/src/components/ui/button.d.ts' has not been built from source file '/app/packages/ui/src/components/ui/button.tsx'.
src/features/ai-assistant/components/thread.tsx(14,23): error TS6305: Output file '/app/packages/ui/dist/src/components/ui/icons.d.ts' has not been built from source file '/app/packages/ui/src/components/ui/icons.tsx'.
src/features/ai-assistant/components/tool-fallback.tsx(4,23): error TS6305: Output file '/app/packages/ui/dist/src/components/ui/icons.d.ts' has not been built from source file '/app/packages/ui/src/components/ui/icons.tsx'.
src/features/ai-assistant/components/tool-uis/accounts-tool-ui.tsx(3,75): error TS6305: Output file '/app/packages/ui/dist/src/index.d.ts' has not been built from source file '/app/packages/ui/src/index.ts'.
src/features/ai-assistant/components/tool-uis/activities-tool-ui.tsx(16,8): error TS6305: Output file '/app/packages/ui/dist/src/index.d.ts' has not been built from source file '/app/packages/ui/src/index.ts'.
src/features/ai-assistant/components/tool-uis/allocation-tool-ui.tsx(15,8): error TS6305: Output file '/app/packages/ui/dist/src/index.d.ts' has not been built from source file '/app/packages/ui/src/index.ts'.
src/features/ai-assistant/components/tool-uis/chat-review-grid.tsx(3,24): error TS6305: Output file '/app/packages/ui/dist/src/index.d.ts' has not been built from source file '/app/packages/ui/src/index.ts'.
src/features/ai-assistant/components/tool-uis/chat-review-grid.tsx(120,10): error TS2739: Type '{ drafts: DraftActivity[]; selectedRows: number[]; onSelectionChange: (rows: number[]) => void; onDraftUpdate: (rowIndex: number, updates: Partial<DraftActivity>) => void; onBulkSkip: (rowIndexes: number[]) => void; onBulkUnskip: (rowIndexes: number[]) => void; onBulkForceImport: (rowIndexes: number[]) => void; grid...' is missing the following properties from type 'ImportReviewGridProps': onBulkSetCurrency, onBulkSetAccount
src/features/ai-assistant/components/tool-uis/goals-tool-ui.tsx(11,8): error TS6305: Output file '/app/packages/ui/dist/src/index.d.ts' has not been built from source file '/app/packages/ui/src/index.ts'.
src/features/ai-assistant/components/tool-uis/goals-tool-ui.tsx(15,23): error TS6305: Output file '/app/packages/ui/dist/src/components/ui/icons.d.ts' has not been built from source file '/app/packages/ui/src/components/ui/icons.tsx'.
src/features/ai-assistant/components/tool-uis/holdings-tool-ui.tsx(19,8): error TS6305: Output file '/app/packages/ui/dist/src/index.d.ts' has not been built from source file '/app/packages/ui/src/index.ts'.
src/features/ai-assistant/components/tool-uis/holdings-tool-ui.tsx(25,37): error TS6305: Output file '/app/packages/ui/dist/src/index.d.ts' has not been built from source file '/app/packages/ui/src/index.ts'.
src/features/ai-assistant/components/tool-uis/import-csv-tool-ui.tsx(17,8): error TS6305: Output file '/app/packages/ui/dist/src/index.d.ts' has not been built from source file '/app/packages/ui/src/index.ts'.
src/features/ai-assistant/components/tool-uis/import-csv-tool-ui.tsx(18,23): error TS6305: Output file '/app/packages/ui/dist/src/components/ui/icons.d.ts' has not been built from source file '/app/packages/ui/src/components/ui/icons.tsx'.
src/features/ai-assistant/components/tool-uis/income-tool-ui.tsx(17,8): error TS6305: Output file '/app/packages/ui/dist/src/index.d.ts' has not been built from source file '/app/packages/ui/src/index.ts'.
src/features/ai-assistant/components/tool-uis/mapping-badge-strip.tsx(3,31): error TS6305: Output file '/app/packages/ui/dist/src/index.d.ts' has not been built from source file '/app/packages/ui/src/index.ts'.
src/features/ai-assistant/components/tool-uis/mapping-badge-strip.tsx(4,23): error TS6305: Output file '/app/packages/ui/dist/src/components/ui/icons.d.ts' has not been built from source file '/app/packages/ui/src/components/ui/icons.tsx'.
src/features/ai-assistant/components/tool-uis/mapping-badge-strip.tsx(5,57): error TS6305: Output file '/app/packages/ui/dist/src/components/ui/popover.d.ts' has not been built from source file '/app/packages/ui/src/components/ui/popover.tsx'.
src/features/ai-assistant/components/tool-uis/performance-tool-ui.tsx(3,75): error TS6305: Output file '/app/packages/ui/dist/src/index.d.ts' has not been built from source file '/app/packages/ui/src/index.ts'.
src/features/ai-assistant/components/tool-uis/performance-tool-ui.tsx(7,23): error TS6305: Output file '/app/packages/ui/dist/src/components/ui/icons.d.ts' has not been built from source file '/app/packages/ui/src/components/ui/icons.tsx'.
src/features/ai-assistant/components/tool-uis/record-activities-tool-ui.tsx(21,8): error TS6305: Output file '/app/packages/ui/dist/src/index.d.ts' has not been built from source file '/app/packages/ui/src/index.ts'.
src/features/ai-assistant/components/tool-uis/record-activities-tool-ui.tsx(22,23): error TS6305: Output file '/app/packages/ui/dist/src/components/ui/icons.d.ts' has not been built from source file '/app/packages/ui/src/components/ui/icons.tsx'.
src/features/ai-assistant/components/tool-uis/record-activity-tool-ui.tsx(3,83): error TS6305: Output file '/app/packages/ui/dist/src/index.d.ts' has not been built from source file '/app/packages/ui/src/index.ts'.
src/features/ai-assistant/components/tool-uis/record-activity-tool-ui.tsx(4,23): error TS6305: Output file '/app/packages/ui/dist/src/components/ui/icons.d.ts' has not been built from source file '/app/packages/ui/src/components/ui/icons.tsx'.
src/features/ai-assistant/components/tool-uis/shared/compact-tool-card.tsx(1,23): error TS6305: Output file '/app/packages/ui/dist/src/components/ui/icons.d.ts' has not been built from source file '/app/packages/ui/src/components/ui/icons.tsx'.
src/features/ai-assistant/components/tool-uis/shared/tool-card.tsx(2,23): error TS6305: Output file '/app/packages/ui/dist/src/components/ui/icons.d.ts' has not been built from source file '/app/packages/ui/src/components/ui/icons.tsx'.
src/features/ai-assistant/components/tool-uis/shared/tool-card.tsx(3,58): error TS6305: Output file '/app/packages/ui/dist/src/index.d.ts' has not been built from source file '/app/packages/ui/src/index.ts'.
src/features/ai-assistant/components/tool-uis/shared/tool-error.tsx(1,24): error TS6305: Output file '/app/packages/ui/dist/src/index.d.ts' has not been built from source file '/app/packages/ui/src/index.ts'.
src/features/ai-assistant/components/tool-uis/shared/tool-error.tsx(2,23): error TS6305: Output file '/app/packages/ui/dist/src/components/ui/icons.d.ts' has not been built from source file '/app/packages/ui/src/components/ui/icons.tsx'.
src/features/ai-assistant/components/tool-uis/shared/tool-skeleton.tsx(1,26): error TS6305: Output file '/app/packages/ui/dist/src/index.d.ts' has not been built from source file '/app/packages/ui/src/index.ts'.
src/features/ai-assistant/components/tool-uis/valuation-tool-ui.tsx(6,83): error TS6305: Output file '/app/packages/ui/dist/src/index.d.ts' has not been built from source file '/app/packages/ui/src/index.ts'.
src/features/ai-assistant/components/tool-uis/valuation-tool-ui.tsx(10,23): error TS6305: Output file '/app/packages/ui/dist/src/components/ui/icons.d.ts' has not been built from source file '/app/packages/ui/src/components/ui/icons.tsx'.
src/features/ai-assistant/components/tooltip-icon-button.tsx(5,24): error TS6305: Output file '/app/packages/ui/dist/src/components/ui/button.d.ts' has not been built from source file '/app/packages/ui/src/components/ui/button.tsx'.
src/features/ai-assistant/components/tooltip-icon-button.tsx(6,57): error TS6305: Output file '/app/packages/ui/dist/src/components/ui/tooltip.d.ts' has not been built from source file '/app/packages/ui/src/components/ui/tooltip.tsx'.
src/features/ai-assistant/hooks/use-ai-providers.ts(14,23): error TS6305: Output file '/app/packages/ui/dist/src/components/ui/use-toast.d.ts' has not been built from source file '/app/packages/ui/src/components/ui/use-toast.ts'.
src/features/devices-sync/components/device-sync-section.tsx(8,33): error TS6305: Output file '/app/packages/ui/dist/src/index.d.ts' has not been built from source file '/app/packages/ui/src/index.ts'.
src/features/devices-sync/components/device-sync-section.tsx(17,8): error TS6305: Output file '/app/packages/ui/dist/src/components/ui/alert-dialog.d.ts' has not been built from source file '/app/packages/ui/src/components/ui/alert-dialog.tsx'.
src/features/devices-sync/components/device-sync-section.tsx(18,40): error TS6305: Output file '/app/packages/ui/dist/src/components/ui/avatar.d.ts' has not been built from source file '/app/packages/ui/src/components/ui/avatar.tsx'.
src/features/devices-sync/components/device-sync-section.tsx(19,23): error TS6305: Output file '/app/packages/ui/dist/src/components/ui/badge.d.ts' has not been built from source file '/app/packages/ui/src/components/ui/badge.tsx'.
src/features/devices-sync/components/device-sync-section.tsx(20,24): error TS6305: Output file '/app/packages/ui/dist/src/components/ui/button.d.ts' has not been built from source file '/app/packages/ui/src/components/ui/button.tsx'.
src/features/devices-sync/components/device-sync-section.tsx(27,8): error TS6305: Output file '/app/packages/ui/dist/src/components/ui/card.d.ts' has not been built from source file '/app/packages/ui/src/components/ui/card.tsx'.
src/features/devices-sync/components/device-sync-section.tsx(33,8): error TS6305: Output file '/app/packages/ui/dist/src/components/ui/dialog.d.ts' has not been built from source file '/app/packages/ui/src/components/ui/dialog.tsx'.
src/features/devices-sync/components/device-sync-section.tsx(40,8): error TS6305: Output file '/app/packages/ui/dist/src/components/ui/dropdown-menu.d.ts' has not been built from source file '/app/packages/ui/src/components/ui/dropdown-menu.tsx'.
src/features/devices-sync/components/device-sync-section.tsx(41,23): error TS6305: Output file '/app/packages/ui/dist/src/components/ui/input.d.ts' has not been built from source file '/app/packages/ui/src/components/ui/input.tsx'.
src/features/devices-sync/components/device-sync-section.tsx(47,8): error TS6305: Output file '/app/packages/ui/dist/src/components/ui/tooltip.d.ts' has not been built from source file '/app/packages/ui/src/components/ui/tooltip.tsx'.
src/features/devices-sync/components/device-sync-section.tsx(459,31): error TS7006: Parameter 'e' implicitly has an 'any' type.
src/features/devices-sync/components/device-sync-section.tsx(460,33): error TS7006: Parameter 'e' implicitly has an 'any' type.
src/features/devices-sync/components/device-sync-section.tsx(513,31): error TS7006: Parameter 'e' implicitly has an 'any' type.
src/features/devices-sync/components/device-sync-section.tsx(514,33): error TS7006: Parameter 'e' implicitly has an 'any' type.
src/features/devices-sync/components/device-sync-section.tsx(745,26): error TS7006: Parameter 'open' implicitly has an 'any' type.
src/features/devices-sync/components/device-sync-section.tsx(757,31): error TS7006: Parameter 'e' implicitly has an 'any' type.
src/features/devices-sync/components/device-sync-section.tsx(758,33): error TS7006: Parameter 'e' implicitly has an 'any' type.
src/features/devices-sync/components/device-sync-section.tsx(1307,28): error TS7006: Parameter 'e' implicitly has an 'any' type.
src/features/devices-sync/components/device-sync-section.tsx(1311,29): error TS7006: Parameter 'e' implicitly has an 'any' type.
src/features/devices-sync/components/e2ee-setup-card.tsx(6,23): error TS6305: Output file '/app/packages/ui/dist/src/index.d.ts' has not been built from source file '/app/packages/ui/src/index.ts'.
src/features/devices-sync/components/e2ee-setup-card.tsx(7,41): error TS6305: Output file '/app/packages/ui/dist/src/components/ui/alert.d.ts' has not been built from source file '/app/packages/ui/src/components/ui/alert.tsx'.
src/features/devices-sync/components/e2ee-setup-card.tsx(8,24): error TS6305: Output file '/app/packages/ui/dist/src/components/ui/button.d.ts' has not been built from source file '/app/packages/ui/src/components/ui/button.tsx'.
src/features/devices-sync/components/e2ee-setup-card.tsx(15,8): error TS6305: Output file '/app/packages/ui/dist/src/components/ui/card.d.ts' has not been built from source file '/app/packages/ui/src/components/ui/card.tsx'.
src/features/devices-sync/components/pairing-flow/display-code.tsx(7,24): error TS6305: Output file '/app/packages/ui/dist/src/components/ui/button.d.ts' has not been built from source file '/app/packages/ui/src/components/ui/button.tsx'.
src/features/devices-sync/components/pairing-flow/display-code.tsx(8,23): error TS6305: Output file '/app/packages/ui/dist/src/index.d.ts' has not been built from source file '/app/packages/ui/src/index.ts'.
src/features/devices-sync/components/pairing-flow/enter-code.tsx(7,23): error TS6305: Output file '/app/packages/ui/dist/src/index.d.ts' has not been built from source file '/app/packages/ui/src/index.ts'.
src/features/devices-sync/components/pairing-flow/enter-code.tsx(8,24): error TS6305: Output file '/app/packages/ui/dist/src/components/ui/button.d.ts' has not been built from source file '/app/packages/ui/src/components/ui/button.tsx'.
src/features/devices-sync/components/pairing-flow/enter-code.tsx(9,23): error TS6305: Output file '/app/packages/ui/dist/src/components/ui/input.d.ts' has not been built from source file '/app/packages/ui/src/components/ui/input.tsx'.
src/features/devices-sync/components/pairing-flow/index.tsx(6,23): error TS6305: Output file '/app/packages/ui/dist/src/index.d.ts' has not been built from source file '/app/packages/ui/src/index.ts'.
src/features/devices-sync/components/pairing-flow/index.tsx(7,24): error TS6305: Output file '/app/packages/ui/dist/src/components/ui/button.d.ts' has not been built from source file '/app/packages/ui/src/components/ui/button.tsx'.
src/features/devices-sync/components/pairing-flow/pairing-result.tsx(6,24): error TS6305: Output file '/app/packages/ui/dist/src/components/ui/button.d.ts' has not been built from source file '/app/packages/ui/src/components/ui/button.tsx'.
src/features/devices-sync/components/pairing-flow/pairing-result.tsx(7,23): error TS6305: Output file '/app/packages/ui/dist/src/index.d.ts' has not been built from source file '/app/packages/ui/src/index.ts'.
src/features/devices-sync/components/pairing-flow/sas-verification.tsx(5,24): error TS6305: Output file '/app/packages/ui/dist/src/components/ui/button.d.ts' has not been built from source file '/app/packages/ui/src/components/ui/button.tsx'.
src/features/devices-sync/components/pairing-flow/sas-verification.tsx(6,23): error TS6305: Output file '/app/packages/ui/dist/src/index.d.ts' has not been built from source file '/app/packages/ui/src/index.ts'.
src/features/devices-sync/components/pairing-flow/waiting-state.tsx(5,24): error TS6305: Output file '/app/packages/ui/dist/src/components/ui/button.d.ts' has not been built from source file '/app/packages/ui/src/components/ui/button.tsx'.
src/features/devices-sync/components/pairing-flow/waiting-state.tsx(6,33): error TS6305: Output file '/app/packages/ui/dist/src/index.d.ts' has not been built from source file '/app/packages/ui/src/index.ts'.
src/features/devices-sync/components/recovery-dialog.tsx(12,8): error TS6305: Output file '/app/packages/ui/dist/src/components/ui/alert-dialog.d.ts' has not been built from source file '/app/packages/ui/src/components/ui/alert-dialog.tsx'.
src/features/devices-sync/components/recovery-dialog.tsx(13,23): error TS6305: Output file '/app/packages/ui/dist/src/index.d.ts' has not been built from source file '/app/packages/ui/src/index.ts'.
src/features/devices-sync/components/recovery-dialog.tsx(14,24): error TS6305: Output file '/app/packages/ui/dist/src/components/ui/button.d.ts' has not been built from source file '/app/packages/ui/src/components/ui/button.tsx'.
src/features/goals/components/goal-card.tsx(4,61): error TS6305: Output file '/app/packages/ui/dist/src/index.d.ts' has not been built from source file '/app/packages/ui/src/index.ts'.
src/features/goals/components/goal-edit-dialog.tsx(3,38): error TS6305: Output file '/app/packages/ui/dist/src/index.d.ts' has not been built from source file '/app/packages/ui/src/index.ts'.
src/features/goals/components/goal-edit-dialog.tsx(4,23): error TS6305: Output file '/app/packages/ui/dist/src/components/ui/badge.d.ts' has not been built from source file '/app/packages/ui/src/components/ui/badge.tsx'.
src/features/goals/components/goal-edit-dialog.tsx(5,23): error TS6305: Output file '/app/packages/ui/dist/src/components/ui/icons.d.ts' has not been built from source file '/app/packages/ui/src/components/ui/icons.tsx'.
src/features/goals/components/goal-edit-dialog.tsx(13,8): error TS6305: Output file '/app/packages/ui/dist/src/components/ui/dialog.d.ts' has not been built from source file '/app/packages/ui/src/components/ui/dialog.tsx'.
src/features/goals/components/goal-edit-dialog.tsx(14,26): error TS6305: Output file '/app/packages/ui/dist/src/components/ui/textarea.d.ts' has not been built from source file '/app/packages/ui/src/components/ui/textarea.tsx'.
src/features/goals/components/goal-edit-dialog.tsx(98,22): error TS7006: Parameter 'nextOpen' implicitly has an 'any' type.
src/features/goals/components/goal-edit-dialog.tsx(133,28): error TS7006: Parameter 'event' implicitly has an 'any' type.
src/features/goals/components/goal-edit-dialog.tsx(145,28): error TS7006: Parameter 'event' implicitly has an 'any' type.
src/features/goals/components/goal-funding-editor.tsx(5,24): error TS6305: Output file '/app/packages/ui/dist/src/index.d.ts' has not been built from source file '/app/packages/ui/src/index.ts'.
src/features/goals/components/goal-funding-editor.tsx(6,58): error TS6305: Output file '/app/packages/ui/dist/src/components/ui/card.d.ts' has not been built from source file '/app/packages/ui/src/components/ui/card.tsx'.
src/features/goals/components/goal-funding-editor.tsx(7,23): error TS6305: Output file '/app/packages/ui/dist/src/components/ui/icons.d.ts' has not been built from source file '/app/packages/ui/src/components/ui/icons.tsx'.
src/features/goals/components/goal-funding-editor.tsx(14,8): error TS6305: Output file '/app/packages/ui/dist/src/components/ui/sheet.d.ts' has not been built from source file '/app/packages/ui/src/components/ui/sheet.tsx'.
src/features/goals/components/goal-funding-editor.tsx(15,57): error TS6305: Output file '/app/packages/ui/dist/src/components/ui/tooltip.d.ts' has not been built from source file '/app/packages/ui/src/components/ui/tooltip.tsx'.
src/features/goals/components/goal-lever-row.tsx(1,28): error TS6305: Output file '/app/packages/ui/dist/src/index.d.ts' has not been built from source file '/app/packages/ui/src/index.ts'.
src/features/goals/components/goal-lever-row.tsx(134,27): error TS7006: Parameter 'event' implicitly has an 'any' type.
src/features/goals/pages/goal-detail-page.tsx(18,8): error TS6305: Output file '/app/packages/ui/dist/src/index.d.ts' has not been built from source file '/app/packages/ui/src/index.ts'.
src/features/goals/pages/goal-detail-page.tsx(19,23): error TS6305: Output file '/app/packages/ui/dist/src/components/ui/icons.d.ts' has not been built from source file '/app/packages/ui/src/components/ui/icons.tsx'.
src/features/goals/pages/goal-detail-page.tsx(20,23): error TS6305: Output file '/app/packages/ui/dist/src/components/ui/badge.d.ts' has not been built from source file '/app/packages/ui/src/components/ui/badge.tsx'.
src/features/goals/pages/goal-new-page.tsx(13,8): error TS6305: Output file '/app/packages/ui/dist/src/index.d.ts' has not been built from source file '/app/packages/ui/src/index.ts'.
src/features/goals/pages/goal-new-page.tsx(20,8): error TS6305: Output file '/app/packages/ui/dist/src/components/ui/card.d.ts' has not been built from source file '/app/packages/ui/src/components/ui/card.tsx'.
src/features/goals/pages/goal-new-page.tsx(21,23): error TS6305: Output file '/app/packages/ui/dist/src/components/ui/icons.d.ts' has not been built from source file '/app/packages/ui/src/components/ui/icons.tsx'.
src/features/goals/pages/goal-new-page.tsx(22,26): error TS6305: Output file '/app/packages/ui/dist/src/components/ui/textarea.d.ts' has not been built from source file '/app/packages/ui/src/components/ui/textarea.tsx'.
src/features/goals/pages/goal-new-page.tsx(291,34): error TS7006: Parameter 'event' implicitly has an 'any' type.
src/features/goals/pages/goal-new-page.tsx(305,34): error TS7006: Parameter 'event' implicitly has an 'any' type.
src/features/goals/pages/goal-new-page.tsx(368,40): error TS7006: Parameter 'event' implicitly has an 'any' type.
src/features/goals/pages/goal-new-page.tsx(403,43): error TS7006: Parameter 'value' implicitly has an 'any' type.
src/features/goals/pages/goal-new-page.tsx(415,38): error TS7006: Parameter 'date' implicitly has an 'any' type.
src/features/goals/pages/goal-new-page.tsx(514,20): error TS7006: Parameter 'event' implicitly has an 'any' type.
src/features/goals/pages/goal-new-page.tsx(524,21): error TS7006: Parameter 'event' implicitly has an 'any' type.
src/features/goals/pages/goal-retirement-guide-page.tsx(1,47): error TS6305: Output file '/app/packages/ui/dist/src/index.d.ts' has not been built from source file '/app/packages/ui/src/index.ts'.
src/features/goals/pages/goals-dashboard-page.tsx(12,8): error TS6305: Output file '/app/packages/ui/dist/src/index.d.ts' has not been built from source file '/app/packages/ui/src/index.ts'.
src/features/goals/pages/goals-dashboard-page.tsx(13,23): error TS6305: Output file '/app/packages/ui/dist/src/components/ui/icons.d.ts' has not been built from source file '/app/packages/ui/src/components/ui/icons.tsx'.
src/features/goals/retirement-planner/components/retirement-coverage-chart.tsx(1,37): error TS6305: Output file '/app/packages/ui/dist/src/index.d.ts' has not been built from source file '/app/packages/ui/src/index.ts'.
src/features/goals/retirement-planner/components/retirement-dashboard-skeleton.tsx(1,57): error TS6305: Output file '/app/packages/ui/dist/src/index.d.ts' has not been built from source file '/app/packages/ui/src/index.ts'.
src/features/goals/retirement-planner/components/retirement-portfolio-chart.tsx(1,37): error TS6305: Output file '/app/packages/ui/dist/src/index.d.ts' has not been built from source file '/app/packages/ui/src/index.ts'.
src/features/goals/retirement-planner/components/retirement-snapshot-table.tsx(11,8): error TS6305: Output file '/app/packages/ui/dist/src/index.d.ts' has not been built from source file '/app/packages/ui/src/index.ts'.
src/features/goals/retirement-planner/components/retirement-snapshot-table.tsx(12,23): error TS6305: Output file '/app/packages/ui/dist/src/components/ui/icons.d.ts' has not been built from source file '/app/packages/ui/src/components/ui/icons.tsx'.
src/features/goals/retirement-planner/components/risk-lab-skeleton.tsx(1,57): error TS6305: Output file '/app/packages/ui/dist/src/index.d.ts' has not been built from source file '/app/packages/ui/src/index.ts'.
src/features/goals/retirement-planner/components/risk-lab-skeleton.tsx(2,23): error TS6305: Output file '/app/packages/ui/dist/src/components/ui/icons.d.ts' has not been built from source file '/app/packages/ui/src/components/ui/icons.tsx'.
src/features/goals/retirement-planner/components/sidebar-configurator.tsx(24,8): error TS6305: Output file '/app/packages/ui/dist/src/index.d.ts' has not been built from source file '/app/packages/ui/src/index.ts'.
src/features/goals/retirement-planner/components/sidebar-configurator.tsx(25,23): error TS6305: Output file '/app/packages/ui/dist/src/components/ui/icons.d.ts' has not been built from source file '/app/packages/ui/src/components/ui/icons.tsx'.
src/features/goals/retirement-planner/components/sidebar-configurator.tsx(26,57): error TS6305: Output file '/app/packages/ui/dist/src/components/ui/tooltip.d.ts' has not been built from source file '/app/packages/ui/src/components/ui/tooltip.tsx'.
src/features/goals/retirement-planner/components/sidebar-configurator.tsx(855,36): error TS7006: Parameter 'e' implicitly has an 'any' type.
src/features/goals/retirement-planner/components/sidebar-configurator.tsx(907,45): error TS7006: Parameter 'value' implicitly has an 'any' type.
src/features/goals/retirement-planner/components/sidebar-configurator.tsx(1085,36): error TS7006: Parameter 'e' implicitly has an 'any' type.
src/features/goals/retirement-planner/components/sidebar-configurator.tsx(1105,43): error TS7006: Parameter 'value' implicitly has an 'any' type.
src/features/goals/retirement-planner/components/sidebar-configurator.tsx(1232,45): error TS7006: Parameter 'value' implicitly has an 'any' type.
src/features/goals/retirement-planner/components/value-mode-toggle.tsx(1,58): error TS6305: Output file '/app/packages/ui/dist/src/index.d.ts' has not been built from source file '/app/packages/ui/src/index.ts'.
src/features/goals/retirement-planner/components/value-mode-toggle.tsx(2,57): error TS6305: Output file '/app/packages/ui/dist/src/components/ui/tooltip.d.ts' has not been built from source file '/app/packages/ui/src/components/ui/tooltip.tsx'.
src/features/goals/retirement-planner/pages/dashboard-page.tsx(11,8): error TS6305: Output file '/app/packages/ui/dist/src/index.d.ts' has not been built from source file '/app/packages/ui/src/index.ts'.
src/features/goals/retirement-planner/pages/dashboard-page.tsx(12,23): error TS6305: Output file '/app/packages/ui/dist/src/components/ui/icons.d.ts' has not been built from source file '/app/packages/ui/src/components/ui/icons.tsx'.
src/features/goals/retirement-planner/pages/dashboard-page.tsx(13,57): error TS6305: Output file '/app/packages/ui/dist/src/components/ui/tooltip.d.ts' has not been built from source file '/app/packages/ui/src/components/ui/tooltip.tsx'.
src/features/goals/retirement-planner/pages/guide-page.tsx(1,58): error TS6305: Output file '/app/packages/ui/dist/src/index.d.ts' has not been built from source file '/app/packages/ui/src/index.ts'.
src/features/goals/retirement-planner/pages/risk-lab-page.tsx(19,8): error TS6305: Output file '/app/packages/ui/dist/src/index.d.ts' has not been built from source file '/app/packages/ui/src/index.ts'.
src/features/goals/retirement-planner/pages/risk-lab-page.tsx(20,23): error TS6305: Output file '/app/packages/ui/dist/src/components/ui/icons.d.ts' has not been built from source file '/app/packages/ui/src/components/ui/icons.tsx'.
src/features/goals/retirement-planner/pages/risk-lab-page.tsx(26,8): error TS6305: Output file '/app/packages/ui/dist/src/components/ui/tooltip.d.ts' has not been built from source file '/app/packages/ui/src/components/ui/tooltip.tsx'.
src/features/goals/save-up/components/save-up-detail.tsx(11,78): error TS6305: Output file '/app/packages/ui/dist/src/index.d.ts' has not been built from source file '/app/packages/ui/src/index.ts'.
src/features/goals/save-up/components/save-up-detail.tsx(12,58): error TS6305: Output file '/app/packages/ui/dist/src/components/ui/card.d.ts' has not been built from source file '/app/packages/ui/src/components/ui/card.tsx'.
src/features/goals/save-up/components/save-up-detail.tsx(13,23): error TS6305: Output file '/app/packages/ui/dist/src/components/ui/icons.d.ts' has not been built from source file '/app/packages/ui/src/components/ui/icons.tsx'.
src/features/goals/save-up/components/save-up-detail.tsx(775,20): error TS7006: Parameter 'date' implicitly has an 'any' type.
src/features/goals/save-up/components/save-up-projection-card.tsx(2,37): error TS6305: Output file '/app/packages/ui/dist/src/index.d.ts' has not been built from source file '/app/packages/ui/src/index.ts'.
src/features/goals/save-up/components/save-up-projection-card.tsx(3,58): error TS6305: Output file '/app/packages/ui/dist/src/components/ui/card.d.ts' has not been built from source file '/app/packages/ui/src/components/ui/card.tsx'.
src/features/goals/save-up/components/savings-milestones-card.tsx(2,31): error TS6305: Output file '/app/packages/ui/dist/src/index.d.ts' has not been built from source file '/app/packages/ui/src/index.ts'.
src/features/goals/save-up/components/savings-milestones-card.tsx(3,58): error TS6305: Output file '/app/packages/ui/dist/src/components/ui/card.d.ts' has not been built from source file '/app/packages/ui/src/components/ui/card.tsx'.
src/features/goals/save-up/components/savings-milestones-card.tsx(4,23): error TS6305: Output file '/app/packages/ui/dist/src/components/ui/icons.d.ts' has not been built from source file '/app/packages/ui/src/components/ui/icons.tsx'.
src/features/wealthfolio-connect/components/broker-account-card.tsx(1,35): error TS6305: Output file '/app/packages/ui/dist/src/components/ui/card.d.ts' has not been built from source file '/app/packages/ui/src/components/ui/card.tsx'.
src/features/wealthfolio-connect/components/broker-account-card.tsx(2,23): error TS6305: Output file '/app/packages/ui/dist/src/components/ui/badge.d.ts' has not been built from source file '/app/packages/ui/src/components/ui/badge.tsx'.
src/features/wealthfolio-connect/components/broker-account-card.tsx(3,23): error TS6305: Output file '/app/packages/ui/dist/src/components/ui/icons.d.ts' has not been built from source file '/app/packages/ui/src/components/ui/icons.tsx'.
src/features/wealthfolio-connect/components/broker-sync-state-card.tsx(1,23): error TS6305: Output file '/app/packages/ui/dist/src/components/ui/badge.d.ts' has not been built from source file '/app/packages/ui/src/components/ui/badge.tsx'.
src/features/wealthfolio-connect/components/broker-sync-state-card.tsx(2,35): error TS6305: Output file '/app/packages/ui/dist/src/components/ui/card.d.ts' has not been built from source file '/app/packages/ui/src/components/ui/card.tsx'.
src/features/wealthfolio-connect/components/broker-sync-state-card.tsx(3,23): error TS6305: Output file '/app/packages/ui/dist/src/components/ui/icons.d.ts' has not been built from source file '/app/packages/ui/src/components/ui/icons.tsx'.
src/features/wealthfolio-connect/components/connect-empty-state.tsx(3,24): error TS6305: Output file '/app/packages/ui/dist/src/components/ui/button.d.ts' has not been built from source file '/app/packages/ui/src/components/ui/button.tsx'.
src/features/wealthfolio-connect/components/connect-empty-state.tsx(4,23): error TS6305: Output file '/app/packages/ui/dist/src/components/ui/icons.d.ts' has not been built from source file '/app/packages/ui/src/components/ui/icons.tsx'.
src/features/wealthfolio-connect/components/connected-view.tsx(7,31): error TS6305: Output file '/app/packages/ui/dist/src/index.d.ts' has not been built from source file '/app/packages/ui/src/index.ts'.
src/features/wealthfolio-connect/components/connected-view.tsx(8,53): error TS6305: Output file '/app/packages/ui/dist/src/components/ui/avatar.d.ts' has not been built from source file '/app/packages/ui/src/components/ui/avatar.tsx'.
src/features/wealthfolio-connect/components/connected-view.tsx(9,23): error TS6305: Output file '/app/packages/ui/dist/src/components/ui/badge.d.ts' has not been built from source file '/app/packages/ui/src/components/ui/badge.tsx'.
src/features/wealthfolio-connect/components/connected-view.tsx(10,24): error TS6305: Output file '/app/packages/ui/dist/src/components/ui/button.d.ts' has not been built from source file '/app/packages/ui/src/components/ui/button.tsx'.
src/features/wealthfolio-connect/components/connected-view.tsx(11,47): error TS6305: Output file '/app/packages/ui/dist/src/components/ui/card.d.ts' has not been built from source file '/app/packages/ui/src/components/ui/card.tsx'.
src/features/wealthfolio-connect/components/connected-view.tsx(12,23): error TS6305: Output file '/app/packages/ui/dist/src/components/ui/icons.d.ts' has not been built from source file '/app/packages/ui/src/components/ui/icons.tsx'.
src/features/wealthfolio-connect/components/connected-view.tsx(13,26): error TS6305: Output file '/app/packages/ui/dist/src/components/ui/skeleton.d.ts' has not been built from source file '/app/packages/ui/src/components/ui/skeleton.tsx'.
src/features/wealthfolio-connect/components/connected-view.tsx(14,57): error TS6305: Output file '/app/packages/ui/dist/src/components/ui/tooltip.d.ts' has not been built from source file '/app/packages/ui/src/components/ui/tooltip.tsx'.
src/features/wealthfolio-connect/components/connected-view.tsx(15,23): error TS6305: Output file '/app/packages/ui/dist/src/components/ui/use-toast.d.ts' has not been built from source file '/app/packages/ui/src/components/ui/use-toast.ts'.
src/features/wealthfolio-connect/components/import-runs-list.tsx(1,23): error TS6305: Output file '/app/packages/ui/dist/src/components/ui/badge.d.ts' has not been built from source file '/app/packages/ui/src/components/ui/badge.tsx'.
src/features/wealthfolio-connect/components/import-runs-list.tsx(2,58): error TS6305: Output file '/app/packages/ui/dist/src/components/ui/card.d.ts' has not been built from source file '/app/packages/ui/src/components/ui/card.tsx'.
src/features/wealthfolio-connect/components/import-runs-list.tsx(3,23): error TS6305: Output file '/app/packages/ui/dist/src/components/ui/icons.d.ts' has not been built from source file '/app/packages/ui/src/components/ui/icons.tsx'.
src/features/wealthfolio-connect/components/import-runs-list.tsx(8,8): error TS6305: Output file '/app/packages/ui/dist/src/components/ui/collapsible.d.ts' has not been built from source file '/app/packages/ui/src/components/ui/collapsible.tsx'.
src/features/wealthfolio-connect/components/login-form.tsx(4,41): error TS6305: Output file '/app/packages/ui/dist/src/components/ui/alert.d.ts' has not been built from source file '/app/packages/ui/src/components/ui/alert.tsx'.
src/features/wealthfolio-connect/components/login-form.tsx(5,24): error TS6305: Output file '/app/packages/ui/dist/src/components/ui/button.d.ts' has not been built from source file '/app/packages/ui/src/components/ui/button.tsx'.
src/features/wealthfolio-connect/components/login-form.tsx(12,8): error TS6305: Output file '/app/packages/ui/dist/src/components/ui/card.d.ts' has not been built from source file '/app/packages/ui/src/components/ui/card.tsx'.
src/features/wealthfolio-connect/components/login-form.tsx(17,8): error TS6305: Output file '/app/packages/ui/dist/src/components/ui/collapsible.d.ts' has not been built from source file '/app/packages/ui/src/components/ui/collapsible.tsx'.
src/features/wealthfolio-connect/components/login-form.tsx(18,23): error TS6305: Output file '/app/packages/ui/dist/src/components/ui/icons.d.ts' has not been built from source file '/app/packages/ui/src/components/ui/icons.tsx'.
src/features/wealthfolio-connect/components/login-form.tsx(19,23): error TS6305: Output file '/app/packages/ui/dist/src/components/ui/input.d.ts' has not been built from source file '/app/packages/ui/src/components/ui/input.tsx'.
src/features/wealthfolio-connect/components/login-form.tsx(20,55): error TS6305: Output file '/app/packages/ui/dist/src/components/ui/input-otp.d.ts' has not been built from source file '/app/packages/ui/src/components/ui/input-otp.tsx'.
src/features/wealthfolio-connect/components/login-form.tsx(21,23): error TS6305: Output file '/app/packages/ui/dist/src/components/ui/label.d.ts' has not been built from source file '/app/packages/ui/src/components/ui/label.tsx'.
src/features/wealthfolio-connect/components/login-form.tsx(22,27): error TS6305: Output file '/app/packages/ui/dist/src/components/ui/separator.d.ts' has not been built from source file '/app/packages/ui/src/components/ui/separator.tsx'.
src/features/wealthfolio-connect/components/login-form.tsx(383,36): error TS7006: Parameter 'e' implicitly has an 'any' type.
src/features/wealthfolio-connect/components/login-form.tsx(449,36): error TS7006: Parameter 'e' implicitly has an 'any' type.
src/features/wealthfolio-connect/components/new-accounts-found-modal.tsx(3,24): error TS6305: Output file '/app/packages/ui/dist/src/components/ui/button.d.ts' has not been built from source file '/app/packages/ui/src/components/ui/button.tsx'.
src/features/wealthfolio-connect/components/new-accounts-found-modal.tsx(4,23): error TS6305: Output file '/app/packages/ui/dist/src/components/ui/input.d.ts' has not been built from source file '/app/packages/ui/src/components/ui/input.tsx'.
src/features/wealthfolio-connect/components/new-accounts-found-modal.tsx(5,23): error TS6305: Output file '/app/packages/ui/dist/src/components/ui/label.d.ts' has not been built from source file '/app/packages/ui/src/components/ui/label.tsx'.
src/features/wealthfolio-connect/components/new-accounts-found-modal.tsx(6,44): error TS6305: Output file '/app/packages/ui/dist/src/index.d.ts' has not been built from source file '/app/packages/ui/src/index.ts'.
src/features/wealthfolio-connect/components/new-accounts-found-modal.tsx(7,23): error TS6305: Output file '/app/packages/ui/dist/src/components/ui/icons.d.ts' has not been built from source file '/app/packages/ui/src/components/ui/icons.tsx'.
src/features/wealthfolio-connect/components/new-accounts-found-modal.tsx(15,8): error TS6305: Output file '/app/packages/ui/dist/src/components/ui/sheet.d.ts' has not been built from source file '/app/packages/ui/src/components/ui/sheet.tsx'.
src/features/wealthfolio-connect/components/new-accounts-found-modal.tsx(16,41): error TS6305: Output file '/app/packages/ui/dist/src/components/ui/alert.d.ts' has not been built from source file '/app/packages/ui/src/components/ui/alert.tsx'.
src/features/wealthfolio-connect/components/new-accounts-found-modal.tsx(17,28): error TS6305: Output file '/app/packages/ui/dist/src/components/ui/scroll-area.d.ts' has not been built from source file '/app/packages/ui/src/components/ui/scroll-area.tsx'.
src/features/wealthfolio-connect/components/new-accounts-found-modal.tsx(176,38): error TS7006: Parameter 'e' implicitly has an 'any' type.
src/features/wealthfolio-connect/components/new-accounts-found-modal.tsx(185,38): error TS7006: Parameter 'e' implicitly has an 'any' type.
src/features/wealthfolio-connect/components/new-accounts-found-modal.tsx(194,41): error TS7006: Parameter 'value' implicitly has an 'any' type.
src/features/wealthfolio-connect/components/provider-button.tsx(1,24): error TS6305: Output file '/app/packages/ui/dist/src/components/ui/button.d.ts' has not been built from source file '/app/packages/ui/src/components/ui/button.tsx'.
src/features/wealthfolio-connect/components/provider-button.tsx(2,23): error TS6305: Output file '/app/packages/ui/dist/src/components/ui/icons.d.ts' has not been built from source file '/app/packages/ui/src/components/ui/icons.tsx'.
src/features/wealthfolio-connect/components/subscription-plans.tsx(5,23): error TS6305: Output file '/app/packages/ui/dist/src/components/ui/badge.d.ts' has not been built from source file '/app/packages/ui/src/components/ui/badge.tsx'.
src/features/wealthfolio-connect/components/subscription-plans.tsx(6,24): error TS6305: Output file '/app/packages/ui/dist/src/components/ui/button.d.ts' has not been built from source file '/app/packages/ui/src/components/ui/button.tsx'.
src/features/wealthfolio-connect/components/subscription-plans.tsx(13,8): error TS6305: Output file '/app/packages/ui/dist/src/components/ui/card.d.ts' has not been built from source file '/app/packages/ui/src/components/ui/card.tsx'.
src/features/wealthfolio-connect/components/subscription-plans.tsx(14,57): error TS6305: Output file '/app/packages/ui/dist/src/components/ui/popover.d.ts' has not been built from source file '/app/packages/ui/src/components/ui/popover.tsx'.
src/features/wealthfolio-connect/components/subscription-plans.tsx(15,23): error TS6305: Output file '/app/packages/ui/dist/src/components/ui/use-toast.d.ts' has not been built from source file '/app/packages/ui/src/components/ui/use-toast.ts'.
src/features/wealthfolio-connect/components/subscription-plans.tsx(16,23): error TS6305: Output file '/app/packages/ui/dist/src/components/ui/icons.d.ts' has not been built from source file '/app/packages/ui/src/components/ui/icons.tsx'.
src/features/wealthfolio-connect/components/subscription-plans.tsx(17,26): error TS6305: Output file '/app/packages/ui/dist/src/components/ui/skeleton.d.ts' has not been built from source file '/app/packages/ui/src/components/ui/skeleton.tsx'.
src/features/wealthfolio-connect/components/subscription-plans.tsx(18,46): error TS6305: Output file '/app/packages/ui/dist/src/components/ui/toggle-group.d.ts' has not been built from source file '/app/packages/ui/src/components/ui/toggle-group.tsx'.
src/features/wealthfolio-connect/components/subscription-plans.tsx(319,29): error TS7006: Parameter 'value' implicitly has an 'any' type.
src/features/wealthfolio-connect/components/sync-button.tsx(1,24): error TS6305: Output file '/app/packages/ui/dist/src/components/ui/button.d.ts' has not been built from source file '/app/packages/ui/src/components/ui/button.tsx'.
src/features/wealthfolio-connect/components/sync-button.tsx(2,23): error TS6305: Output file '/app/packages/ui/dist/src/components/ui/icons.d.ts' has not been built from source file '/app/packages/ui/src/components/ui/icons.tsx'.
src/features/wealthfolio-connect/components/sync-button.tsx(3,57): error TS6305: Output file '/app/packages/ui/dist/src/components/ui/tooltip.d.ts' has not been built from source file '/app/packages/ui/src/components/ui/tooltip.tsx'.
src/features/wealthfolio-connect/components/sync-history.tsx(1,23): error TS6305: Output file '/app/packages/ui/dist/src/components/ui/badge.d.ts' has not been built from source file '/app/packages/ui/src/components/ui/badge.tsx'.
src/features/wealthfolio-connect/components/sync-history.tsx(2,24): error TS6305: Output file '/app/packages/ui/dist/src/components/ui/button.d.ts' has not been built from source file '/app/packages/ui/src/components/ui/button.tsx'.
src/features/wealthfolio-connect/components/sync-history.tsx(3,58): error TS6305: Output file '/app/packages/ui/dist/src/components/ui/card.d.ts' has not been built from source file '/app/packages/ui/src/components/ui/card.tsx'.
src/features/wealthfolio-connect/components/sync-history.tsx(4,23): error TS6305: Output file '/app/packages/ui/dist/src/components/ui/icons.d.ts' has not been built from source file '/app/packages/ui/src/components/ui/icons.tsx'.
src/features/wealthfolio-connect/components/sync-history.tsx(5,26): error TS6305: Output file '/app/packages/ui/dist/src/components/ui/skeleton.d.ts' has not been built from source file '/app/packages/ui/src/components/ui/skeleton.tsx'.
src/features/wealthfolio-connect/components/sync-status-icon.tsx(1,23): error TS6305: Output file '/app/packages/ui/dist/src/components/ui/icons.d.ts' has not been built from source file '/app/packages/ui/src/components/ui/icons.tsx'.
src/features/wealthfolio-connect/components/sync-status-icon.tsx(2,20): error TS6305: Output file '/app/packages/ui/dist/src/lib/utils.d.ts' has not been built from source file '/app/packages/ui/src/lib/utils.ts'.
src/features/wealthfolio-connect/components/sync-summary-card.tsx(1,23): error TS6305: Output file '/app/packages/ui/dist/src/components/ui/badge.d.ts' has not been built from source file '/app/packages/ui/src/components/ui/badge.tsx'.
src/features/wealthfolio-connect/components/sync-summary-card.tsx(2,24): error TS6305: Output file '/app/packages/ui/dist/src/components/ui/button.d.ts' has not been built from source file '/app/packages/ui/src/components/ui/button.tsx'.
src/features/wealthfolio-connect/components/sync-summary-card.tsx(3,58): error TS6305: Output file '/app/packages/ui/dist/src/components/ui/card.d.ts' has not been built from source file '/app/packages/ui/src/components/ui/card.tsx'.
src/features/wealthfolio-connect/components/sync-summary-card.tsx(4,23): error TS6305: Output file '/app/packages/ui/dist/src/components/ui/icons.d.ts' has not been built from source file '/app/packages/ui/src/components/ui/icons.tsx'.
src/features/wealthfolio-connect/hooks/use-sync-broker-data.ts(3,23): error TS6305: Output file '/app/packages/ui/dist/src/components/ui/use-toast.d.ts' has not been built from source file '/app/packages/ui/src/components/ui/use-toast.ts'.
src/features/wealthfolio-connect/pages/auth-callback-page.tsx(2,23): error TS6305: Output file '/app/packages/ui/dist/src/components/ui/icons.d.ts' has not been built from source file '/app/packages/ui/src/components/ui/icons.tsx'.
src/features/wealthfolio-connect/pages/connect-page.tsx(17,23): error TS6305: Output file '/app/packages/ui/dist/src/components/ui/alert.d.ts' has not been built from source file '/app/packages/ui/src/components/ui/alert.tsx'.
src/features/wealthfolio-connect/pages/connect-page.tsx(18,53): error TS6305: Output file '/app/packages/ui/dist/src/components/ui/avatar.d.ts' has not been built from source file '/app/packages/ui/src/components/ui/avatar.tsx'.
src/features/wealthfolio-connect/pages/connect-page.tsx(19,23): error TS6305: Output file '/app/packages/ui/dist/src/components/ui/badge.d.ts' has not been built from source file '/app/packages/ui/src/components/ui/badge.tsx'.
src/features/wealthfolio-connect/pages/connect-page.tsx(20,24): error TS6305: Output file '/app/packages/ui/dist/src/components/ui/button.d.ts' has not been built from source file '/app/packages/ui/src/components/ui/button.tsx'.
src/features/wealthfolio-connect/pages/connect-page.tsx(21,58): error TS6305: Output file '/app/packages/ui/dist/src/components/ui/card.d.ts' has not been built from source file '/app/packages/ui/src/components/ui/card.tsx'.
src/features/wealthfolio-connect/pages/connect-page.tsx(22,23): error TS6305: Output file '/app/packages/ui/dist/src/components/ui/icons.d.ts' has not been built from source file '/app/packages/ui/src/components/ui/icons.tsx'.
src/features/wealthfolio-connect/pages/connect-page.tsx(23,26): error TS6305: Output file '/app/packages/ui/dist/src/components/ui/skeleton.d.ts' has not been built from source file '/app/packages/ui/src/components/ui/skeleton.tsx'.
src/features/wealthfolio-connect/pages/connect-page.tsx(29,8): error TS6305: Output file '/app/packages/ui/dist/src/components/ui/tooltip.d.ts' has not been built from source file '/app/packages/ui/src/components/ui/tooltip.tsx'.
src/hooks/use-alternative-assets.ts(2,23): error TS6305: Output file '/app/packages/ui/dist/src/components/ui/use-toast.d.ts' has not been built from source file '/app/packages/ui/src/components/ui/use-toast.ts'.
src/hooks/use-calculate-portfolio.ts(2,23): error TS6305: Output file '/app/packages/ui/dist/src/components/ui/use-toast.d.ts' has not been built from source file '/app/packages/ui/src/components/ui/use-toast.ts'.
src/hooks/use-custom-providers.ts(15,23): error TS6305: Output file '/app/packages/ui/dist/src/components/ui/use-toast.d.ts' has not been built from source file '/app/packages/ui/src/components/ui/use-toast.ts'.
src/hooks/use-health.ts(14,23): error TS6305: Output file '/app/packages/ui/dist/src/components/ui/use-toast.d.ts' has not been built from source file '/app/packages/ui/src/components/ui/use-toast.ts'.
src/hooks/use-persistent-state.ts(1,36): error TS6305: Output file '/app/packages/ui/dist/src/index.d.ts' has not been built from source file '/app/packages/ui/src/index.ts'.
src/hooks/use-settings-mutation.ts(2,23): error TS6305: Output file '/app/packages/ui/dist/src/components/ui/use-toast.d.ts' has not been built from source file '/app/packages/ui/src/components/ui/use-toast.ts'.
src/hooks/use-sync-market-data.ts(3,26): error TS6305: Output file '/app/packages/ui/dist/src/components/ui/use-toast.d.ts' has not been built from source file '/app/packages/ui/src/components/ui/use-toast.ts'.
src/hooks/use-updater.ts(8,23): error TS6305: Output file '/app/packages/ui/dist/src/components/ui/use-toast.d.ts' has not been built from source file '/app/packages/ui/src/components/ui/use-toast.ts'.
src/pages/account/account-contribution-limit.tsx(2,47): error TS6305: Output file '/app/packages/ui/dist/src/components/ui/card.d.ts' has not been built from source file '/app/packages/ui/src/components/ui/card.tsx'.
src/pages/account/account-contribution-limit.tsx(3,26): error TS6305: Output file '/app/packages/ui/dist/src/components/ui/progress.d.ts' has not been built from source file '/app/packages/ui/src/components/ui/progress.tsx'.
src/pages/account/account-contribution-limit.tsx(4,26): error TS6305: Output file '/app/packages/ui/dist/src/components/ui/skeleton.d.ts' has not been built from source file '/app/packages/ui/src/components/ui/skeleton.tsx'.
src/pages/account/account-contribution-limit.tsx(8,38): error TS6305: Output file '/app/packages/ui/dist/src/index.d.ts' has not been built from source file '/app/packages/ui/src/index.ts'.
src/pages/account/account-holdings.tsx(17,8): error TS6305: Output file '/app/packages/ui/dist/src/index.d.ts' has not been built from source file '/app/packages/ui/src/index.ts'.
src/pages/account/account-metrics.tsx(22,8): error TS6305: Output file '/app/packages/ui/dist/src/index.d.ts' has not been built from source file '/app/packages/ui/src/index.ts'.
src/pages/account/account-metrics.tsx(48,53): error TS7006: Parameter 'value' implicitly has an 'any' type.
src/pages/account/account-page.tsx(21,8): error TS6305: Output file '/app/packages/ui/dist/src/index.d.ts' has not been built from source file '/app/packages/ui/src/index.ts'.
src/pages/account/account-page.tsx(49,34): error TS6305: Output file '/app/packages/ui/dist/src/index.d.ts' has not been built from source file '/app/packages/ui/src/index.ts'.
src/pages/account/account-page.tsx(50,24): error TS6305: Output file '/app/packages/ui/dist/src/components/ui/button.d.ts' has not been built from source file '/app/packages/ui/src/components/ui/button.tsx'.
src/pages/account/account-page.tsx(58,8): error TS6305: Output file '/app/packages/ui/dist/src/components/ui/command.d.ts' has not been built from source file '/app/packages/ui/src/components/ui/command.tsx'.
src/pages/account/account-page.tsx(59,57): error TS6305: Output file '/app/packages/ui/dist/src/components/ui/popover.d.ts' has not been built from source file '/app/packages/ui/src/components/ui/popover.tsx'.
src/pages/account/account-page.tsx(60,28): error TS6305: Output file '/app/packages/ui/dist/src/components/ui/scroll-area.d.ts' has not been built from source file '/app/packages/ui/src/components/ui/scroll-area.tsx'.
src/pages/account/account-page.tsx(68,8): error TS6305: Output file '/app/packages/ui/dist/src/components/ui/sheet.d.ts' has not been built from source file '/app/packages/ui/src/components/ui/sheet.tsx'.
src/pages/account/account-snapshot-history.tsx(17,8): error TS6305: Output file '/app/packages/ui/dist/src/components/ui/alert-dialog.d.ts' has not been built from source file '/app/packages/ui/src/components/ui/alert-dialog.tsx'.
src/pages/account/account-snapshot-history.tsx(18,23): error TS6305: Output file '/app/packages/ui/dist/src/components/ui/badge.d.ts' has not been built from source file '/app/packages/ui/src/components/ui/badge.tsx'.
src/pages/account/account-snapshot-history.tsx(19,24): error TS6305: Output file '/app/packages/ui/dist/src/components/ui/button.d.ts' has not been built from source file '/app/packages/ui/src/components/ui/button.tsx'.
src/pages/account/account-snapshot-history.tsx(20,23): error TS6305: Output file '/app/packages/ui/dist/src/components/ui/icons.d.ts' has not been built from source file '/app/packages/ui/src/components/ui/icons.tsx'.
src/pages/account/account-snapshot-history.tsx(21,62): error TS6305: Output file '/app/packages/ui/dist/src/components/ui/sheet.d.ts' has not been built from source file '/app/packages/ui/src/components/ui/sheet.tsx'.
src/pages/account/account-snapshot-history.tsx(29,8): error TS6305: Output file '/app/packages/ui/dist/src/components/ui/table.d.ts' has not been built from source file '/app/packages/ui/src/components/ui/table.tsx'.
src/pages/account/account-snapshot-history.tsx(35,8): error TS6305: Output file '/app/packages/ui/dist/src/components/ui/tooltip.d.ts' has not been built from source file '/app/packages/ui/src/components/ui/tooltip.tsx'.
src/pages/account/performance-grid.tsx(10,35): error TS6305: Output file '/app/packages/ui/dist/src/components/ui/card.d.ts' has not been built from source file '/app/packages/ui/src/components/ui/card.tsx'.
src/pages/account/performance-grid.tsx(11,26): error TS6305: Output file '/app/packages/ui/dist/src/components/ui/skeleton.d.ts' has not been built from source file '/app/packages/ui/src/components/ui/skeleton.tsx'.
src/pages/account/performance-grid.tsx(12,23): error TS6305: Output file '/app/packages/ui/dist/src/index.d.ts' has not been built from source file '/app/packages/ui/src/index.ts'.
src/pages/account/performance-grid.tsx(13,41): error TS6305: Output file '/app/packages/ui/dist/src/components/ui/alert.d.ts' has not been built from source file '/app/packages/ui/src/components/ui/alert.tsx'.
src/pages/account/use-balance-update.ts(4,23): error TS6305: Output file '/app/packages/ui/dist/src/components/ui/use-toast.d.ts' has not been built from source file '/app/packages/ui/src/components/ui/use-toast.ts'.
src/pages/activity/activity-manager-page.tsx(25,8): error TS6305: Output file '/app/packages/ui/dist/src/index.d.ts' has not been built from source file '/app/packages/ui/src/index.ts'.
src/pages/activity/activity-page.tsx(9,62): error TS6305: Output file '/app/packages/ui/dist/src/index.d.ts' has not been built from source file '/app/packages/ui/src/index.ts'.
src/pages/activity/components/activity-data-grid/activity-data-grid-pagination.tsx(10,8): error TS6305: Output file '/app/packages/ui/dist/src/index.d.ts' has not been built from source file '/app/packages/ui/src/index.ts'.
src/pages/activity/components/activity-data-grid/activity-data-grid-pagination.tsx(107,29): error TS7006: Parameter 'value' implicitly has an 'any' type.
src/pages/activity/components/activity-data-grid/activity-data-grid-pagination.tsx(131,24): error TS7006: Parameter 'e' implicitly has an 'any' type.
src/pages/activity/components/activity-data-grid/activity-data-grid-toolbar.tsx(10,8): error TS6305: Output file '/app/packages/ui/dist/src/index.d.ts' has not been built from source file '/app/packages/ui/src/index.ts'.
src/pages/activity/components/activity-data-grid/activity-data-grid-toolbar.tsx(207,37): error TS7006: Parameter 'value' implicitly has an 'any' type.
src/pages/activity/components/activity-data-grid/activity-data-grid.tsx(1,23): error TS6305: Output file '/app/packages/ui/dist/src/components/ui/use-toast.d.ts' has not been built from source file '/app/packages/ui/src/components/ui/use-toast.ts'.
src/pages/activity/components/activity-data-grid/activity-data-grid.tsx(7,64): error TS6305: Output file '/app/packages/ui/dist/src/index.d.ts' has not been built from source file '/app/packages/ui/src/index.ts'.
src/pages/activity/components/activity-data-grid/activity-data-grid.tsx(446,16): error TS7006: Parameter 'row' implicitly has an 'any' type.
src/pages/activity/components/activity-data-grid/activity-data-grid.tsx(474,32): error TS7006: Parameter 'row' implicitly has an 'any' type.
src/pages/activity/components/activity-data-grid/activity-data-grid.tsx(488,47): error TS7006: Parameter 'row' implicitly has an 'any' type.
src/pages/activity/components/activity-data-grid/activity-data-grid.tsx(533,47): error TS7006: Parameter 'row' implicitly has an 'any' type.
src/pages/activity/components/activity-data-grid/activity-data-grid.tsx(575,60): error TS7006: Parameter 'row' implicitly has an 'any' type.
src/pages/activity/components/activity-data-grid/activity-data-grid.tsx(634,48): error TS7006: Parameter 'row' implicitly has an 'any' type.
src/pages/activity/components/activity-data-grid/activity-data-grid.tsx(643,16): error TS7006: Parameter 'row' implicitly has an 'any' type.
src/pages/activity/components/activity-data-grid/activity-data-grid.tsx(644,13): error TS7006: Parameter 'row' implicitly has an 'any' type.
src/pages/activity/components/activity-data-grid/activity-data-grid.tsx(651,54): error TS7006: Parameter 'p' implicitly has an 'any' type.
src/pages/activity/components/activity-data-grid/activity-data-grid.tsx(660,42): error TS7006: Parameter 'transaction' implicitly has an 'any' type.
src/pages/activity/components/activity-data-grid/status-indicator.tsx(1,74): error TS6305: Output file '/app/packages/ui/dist/src/index.d.ts' has not been built from source file '/app/packages/ui/src/index.ts'.
src/pages/activity/components/activity-data-grid/use-activity-columns.tsx(19,58): error TS6305: Output file '/app/packages/ui/dist/src/index.d.ts' has not been built from source file '/app/packages/ui/src/index.ts'.
src/pages/activity/components/activity-data-grid/use-activity-columns.tsx(116,31): error TS7006: Parameter 'checked' implicitly has an 'any' type.
src/pages/activity/components/activity-data-grid/use-activity-columns.tsx(123,31): error TS7006: Parameter 'checked' implicitly has an 'any' type.
src/pages/activity/components/activity-data-grid/use-activity-columns.tsx(181,44): error TS7006: Parameter '_option' implicitly has an 'any' type.
src/pages/activity/components/activity-data-grid/use-activity-columns.tsx(181,53): error TS7006: Parameter 'rowData' implicitly has an 'any' type.
src/pages/activity/components/activity-data-grid/use-save-activities.ts(2,23): error TS6305: Output file '/app/packages/ui/dist/src/components/ui/use-toast.d.ts' has not been built from source file '/app/packages/ui/src/components/ui/use-toast.ts'.
src/pages/activity/components/activity-delete-modal.tsx(1,23): error TS6305: Output file '/app/packages/ui/dist/src/components/ui/icons.d.ts' has not been built from source file '/app/packages/ui/src/components/ui/icons.tsx'.
src/pages/activity/components/activity-delete-modal.tsx(10,8): error TS6305: Output file '/app/packages/ui/dist/src/components/ui/alert-dialog.d.ts' has not been built from source file '/app/packages/ui/src/components/ui/alert-dialog.tsx'.
src/pages/activity/components/activity-delete-modal.tsx(11,24): error TS6305: Output file '/app/packages/ui/dist/src/components/ui/button.d.ts' has not been built from source file '/app/packages/ui/src/components/ui/button.tsx'.
src/pages/activity/components/activity-detail-sheet.tsx(13,8): error TS6305: Output file '/app/packages/ui/dist/src/index.d.ts' has not been built from source file '/app/packages/ui/src/index.ts'.
src/pages/activity/components/activity-detail-sheet.tsx(14,31): error TS6305: Output file '/app/packages/ui/dist/src/components/financial/amount-display.d.ts' has not been built from source file '/app/packages/ui/src/components/financial/amount-display.tsx'.
src/pages/activity/components/activity-form.tsx(2,53): error TS6305: Output file '/app/packages/ui/dist/src/components/ui/alert.d.ts' has not been built from source file '/app/packages/ui/src/components/ui/alert.tsx'.
src/pages/activity/components/activity-form.tsx(3,24): error TS6305: Output file '/app/packages/ui/dist/src/components/ui/button.d.ts' has not been built from source file '/app/packages/ui/src/components/ui/button.tsx'.
src/pages/activity/components/activity-form.tsx(4,23): error TS6305: Output file '/app/packages/ui/dist/src/components/ui/icons.d.ts' has not been built from source file '/app/packages/ui/src/components/ui/icons.tsx'.
src/pages/activity/components/activity-form.tsx(12,8): error TS6305: Output file '/app/packages/ui/dist/src/components/ui/sheet.d.ts' has not been built from source file '/app/packages/ui/src/components/ui/sheet.tsx'.
src/pages/activity/components/activity-mobile-controls.tsx(1,38): error TS6305: Output file '/app/packages/ui/dist/src/index.d.ts' has not been built from source file '/app/packages/ui/src/index.ts'.
src/pages/activity/components/activity-mobile-controls.tsx(42,22): error TS7006: Parameter 'e' implicitly has an 'any' type.
src/pages/activity/components/activity-mobile-filter-sheet.tsx(1,24): error TS6305: Output file '/app/packages/ui/dist/src/components/ui/button.d.ts' has not been built from source file '/app/packages/ui/src/components/ui/button.tsx'.
src/pages/activity/components/activity-mobile-filter-sheet.tsx(2,23): error TS6305: Output file '/app/packages/ui/dist/src/components/ui/icons.d.ts' has not been built from source file '/app/packages/ui/src/components/ui/icons.tsx'.
src/pages/activity/components/activity-mobile-filter-sheet.tsx(9,8): error TS6305: Output file '/app/packages/ui/dist/src/components/ui/sheet.d.ts' has not been built from source file '/app/packages/ui/src/components/ui/sheet.tsx'.
src/pages/activity/components/activity-mobile-filter-sheet.tsx(13,28): error TS6305: Output file '/app/packages/ui/dist/src/index.d.ts' has not been built from source file '/app/packages/ui/src/index.ts'.
src/pages/activity/components/activity-operations.tsx(7,8): error TS6305: Output file '/app/packages/ui/dist/src/components/ui/dropdown-menu.d.ts' has not been built from source file '/app/packages/ui/src/components/ui/dropdown-menu.tsx'.
src/pages/activity/components/activity-operations.tsx(8,23): error TS6305: Output file '/app/packages/ui/dist/src/components/ui/icons.d.ts' has not been built from source file '/app/packages/ui/src/components/ui/icons.tsx'.
src/pages/activity/components/activity-pagination.tsx(1,31): error TS6305: Output file '/app/packages/ui/dist/src/index.d.ts' has not been built from source file '/app/packages/ui/src/index.ts'.
src/pages/activity/components/activity-table/activity-table-mobile.tsx(2,22): error TS6305: Output file '/app/packages/ui/dist/src/components/ui/card.d.ts' has not been built from source file '/app/packages/ui/src/components/ui/card.tsx'.
src/pages/activity/components/activity-table/activity-table-mobile.tsx(20,41): error TS6305: Output file '/app/packages/ui/dist/src/index.d.ts' has not been built from source file '/app/packages/ui/src/index.ts'.
src/pages/activity/components/activity-table/activity-table.tsx(6,39): error TS6305: Output file '/app/packages/ui/dist/src/components/ui/data-table/data-table-column-header.d.ts' has not been built from source file '/app/packages/ui/src/components/ui/data-table/data-table-column-header.tsx'.
src/pages/activity/components/activity-table/activity-table.tsx(12,8): error TS6305: Output file '/app/packages/ui/dist/src/components/ui/dropdown-menu.d.ts' has not been built from source file '/app/packages/ui/src/components/ui/dropdown-menu.tsx'.
src/pages/activity/components/activity-table/activity-table.tsx(13,23): error TS6305: Output file '/app/packages/ui/dist/src/components/ui/icons.d.ts' has not been built from source file '/app/packages/ui/src/components/ui/icons.tsx'.
src/pages/activity/components/activity-table/activity-table.tsx(21,8): error TS6305: Output file '/app/packages/ui/dist/src/components/ui/table.d.ts' has not been built from source file '/app/packages/ui/src/components/ui/table.tsx'.
src/pages/activity/components/activity-table/activity-table.tsx(47,38): error TS6305: Output file '/app/packages/ui/dist/src/index.d.ts' has not been built from source file '/app/packages/ui/src/index.ts'.
src/pages/activity/components/activity-table/activity-table.tsx(458,43): error TS7006: Parameter 'value' implicitly has an 'any' type.
src/pages/activity/components/activity-type-badge.tsx(1,23): error TS6305: Output file '/app/packages/ui/dist/src/components/ui/badge.d.ts' has not been built from source file '/app/packages/ui/src/components/ui/badge.tsx'.
src/pages/activity/components/activity-type-picker.tsx(10,8): error TS6305: Output file '/app/packages/ui/dist/src/components/ui/carousel.d.ts' has not been built from source file '/app/packages/ui/src/components/ui/carousel.tsx'.
src/pages/activity/components/activity-type-picker.tsx(11,38): error TS6305: Output file '/app/packages/ui/dist/src/components/ui/icons.d.ts' has not been built from source file '/app/packages/ui/src/components/ui/icons.tsx'.
src/pages/activity/components/activity-view-controls.tsx(13,8): error TS6305: Output file '/app/packages/ui/dist/src/index.d.ts' has not been built from source file '/app/packages/ui/src/index.ts'.
src/pages/activity/components/activity-view-controls.tsx(126,22): error TS7006: Parameter 'value' implicitly has an 'any' type.
src/pages/activity/components/activity-view-controls.tsx(206,27): error TS7006: Parameter 'value' implicitly has an 'any' type.
src/pages/activity/components/cash-balance-warning.tsx(2,48): error TS6305: Output file '/app/packages/ui/dist/src/index.d.ts' has not been built from source file '/app/packages/ui/src/index.ts'.
src/pages/activity/components/forms/bulk-holdings-form.tsx(20,8): error TS6305: Output file '/app/packages/ui/dist/src/index.d.ts' has not been built from source file '/app/packages/ui/src/index.ts'.
src/pages/activity/components/forms/bulk-holdings-form.tsx(21,23): error TS6305: Output file '/app/packages/ui/dist/src/components/ui/icons.d.ts' has not been built from source file '/app/packages/ui/src/components/ui/icons.tsx'.
src/pages/activity/components/forms/bulk-holdings-form.tsx(194,35): error TS7031: Binding element 'tickerField' implicitly has an 'any' type.
src/pages/activity/components/forms/bulk-holdings-form.tsx(229,31): error TS7031: Binding element 'sharesField' implicitly has an 'any' type.
src/pages/activity/components/forms/bulk-holdings-form.tsx(246,31): error TS7031: Binding element 'priceField' implicitly has an 'any' type.
src/pages/activity/components/forms/bulk-holdings-form.tsx(375,26): error TS7031: Binding element 'field' implicitly has an 'any' type.
src/pages/activity/components/forms/bulk-holdings-form.tsx(399,26): error TS7031: Binding element 'field' implicitly has an 'any' type.
src/pages/activity/components/forms/bulk-holdings-modal.tsx(15,8): error TS6305: Output file '/app/packages/ui/dist/src/index.d.ts' has not been built from source file '/app/packages/ui/src/index.ts'.
src/pages/activity/components/forms/bulk-holdings-modal.tsx(16,23): error TS6305: Output file '/app/packages/ui/dist/src/components/ui/use-toast.d.ts' has not been built from source file '/app/packages/ui/src/components/ui/use-toast.ts'.
src/pages/activity/components/forms/bulk-holdings-modal.tsx(240,40): error TS7006: Parameter 'nextOpen' implicitly has an 'any' type.
src/pages/activity/components/forms/buy-form.tsx(6,24): error TS6305: Output file '/app/packages/ui/dist/src/components/ui/button.d.ts' has not been built from source file '/app/packages/ui/src/components/ui/button.tsx'.
src/pages/activity/components/forms/buy-form.tsx(7,35): error TS6305: Output file '/app/packages/ui/dist/src/components/ui/card.d.ts' has not been built from source file '/app/packages/ui/src/components/ui/card.tsx'.
src/pages/activity/components/forms/buy-form.tsx(8,23): error TS6305: Output file '/app/packages/ui/dist/src/components/ui/icons.d.ts' has not been built from source file '/app/packages/ui/src/components/ui/icons.tsx'.
src/pages/activity/components/forms/deposit-form.tsx(3,24): error TS6305: Output file '/app/packages/ui/dist/src/components/ui/button.d.ts' has not been built from source file '/app/packages/ui/src/components/ui/button.tsx'.
src/pages/activity/components/forms/deposit-form.tsx(4,35): error TS6305: Output file '/app/packages/ui/dist/src/components/ui/card.d.ts' has not been built from source file '/app/packages/ui/src/components/ui/card.tsx'.
src/pages/activity/components/forms/deposit-form.tsx(5,23): error TS6305: Output file '/app/packages/ui/dist/src/components/ui/icons.d.ts' has not been built from source file '/app/packages/ui/src/components/ui/icons.tsx'.
src/pages/activity/components/forms/dividend-form.tsx(5,24): error TS6305: Output file '/app/packages/ui/dist/src/components/ui/button.d.ts' has not been built from source file '/app/packages/ui/src/components/ui/button.tsx'.
src/pages/activity/components/forms/dividend-form.tsx(6,35): error TS6305: Output file '/app/packages/ui/dist/src/components/ui/card.d.ts' has not been built from source file '/app/packages/ui/src/components/ui/card.tsx'.
src/pages/activity/components/forms/dividend-form.tsx(7,23): error TS6305: Output file '/app/packages/ui/dist/src/components/ui/icons.d.ts' has not been built from source file '/app/packages/ui/src/components/ui/icons.tsx'.
src/pages/activity/components/forms/dividend-form.tsx(8,23): error TS6305: Output file '/app/packages/ui/dist/src/components/ui/label.d.ts' has not been built from source file '/app/packages/ui/src/components/ui/label.tsx'.
src/pages/activity/components/forms/dividend-form.tsx(9,44): error TS6305: Output file '/app/packages/ui/dist/src/components/ui/radio-group.d.ts' has not been built from source file '/app/packages/ui/src/components/ui/radio-group.tsx'.
src/pages/activity/components/forms/fee-form.tsx(4,24): error TS6305: Output file '/app/packages/ui/dist/src/components/ui/button.d.ts' has not been built from source file '/app/packages/ui/src/components/ui/button.tsx'.
src/pages/activity/components/forms/fee-form.tsx(5,35): error TS6305: Output file '/app/packages/ui/dist/src/components/ui/card.d.ts' has not been built from source file '/app/packages/ui/src/components/ui/card.tsx'.
src/pages/activity/components/forms/fee-form.tsx(6,23): error TS6305: Output file '/app/packages/ui/dist/src/components/ui/icons.d.ts' has not been built from source file '/app/packages/ui/src/components/ui/icons.tsx'.
src/pages/activity/components/forms/fields/account-select.tsx(12,8): error TS6305: Output file '/app/packages/ui/dist/src/index.d.ts' has not been built from source file '/app/packages/ui/src/index.ts'.
src/pages/activity/components/forms/fields/account-select.tsx(68,18): error TS7031: Binding element 'field' implicitly has an 'any' type.
src/pages/activity/components/forms/fields/account-select.tsx(73,31): error TS7006: Parameter 'value' implicitly has an 'any' type.
src/pages/activity/components/forms/fields/advanced-options-section.tsx(7,8): error TS6305: Output file '/app/packages/ui/dist/src/components/ui/collapsible.d.ts' has not been built from source file '/app/packages/ui/src/components/ui/collapsible.tsx'.
src/pages/activity/components/forms/fields/advanced-options-section.tsx(19,8): error TS6305: Output file '/app/packages/ui/dist/src/index.d.ts' has not been built from source file '/app/packages/ui/src/index.ts'.
src/pages/activity/components/forms/fields/advanced-options-section.tsx(20,33): error TS6305: Output file '/app/packages/ui/dist/src/components/ui/form.d.ts' has not been built from source file '/app/packages/ui/src/components/ui/form.tsx'.
src/pages/activity/components/forms/fields/advanced-options-section.tsx(21,43): error TS6305: Output file '/app/packages/ui/dist/src/components/financial/index.d.ts' has not been built from source file '/app/packages/ui/src/components/financial/index.ts'.
src/pages/activity/components/forms/fields/advanced-options-section.tsx(22,23): error TS6305: Output file '/app/packages/ui/dist/src/components/ui/icons.d.ts' has not been built from source file '/app/packages/ui/src/components/ui/icons.tsx'.
src/pages/activity/components/forms/fields/advanced-options-section.tsx(23,24): error TS6305: Output file '/app/packages/ui/dist/src/components/ui/button.d.ts' has not been built from source file '/app/packages/ui/src/components/ui/button.tsx'.
src/pages/activity/components/forms/fields/advanced-options-section.tsx(156,26): error TS7031: Binding element 'field' implicitly has an 'any' type.
src/pages/activity/components/forms/fields/advanced-options-section.tsx(204,26): error TS7031: Binding element 'field' implicitly has an 'any' type.
src/pages/activity/components/forms/fields/advanced-options-section.tsx(235,26): error TS7031: Binding element 'field' implicitly has an 'any' type.
src/pages/activity/components/forms/fields/advanced-options-section.tsx(240,39): error TS7006: Parameter 'value' implicitly has an 'any' type.
src/pages/activity/components/forms/fields/amount-input.tsx(15,8): error TS6305: Output file '/app/packages/ui/dist/src/index.d.ts' has not been built from source file '/app/packages/ui/src/index.ts'.
src/pages/activity/components/forms/fields/amount-input.tsx(43,18): error TS7031: Binding element 'field' implicitly has an 'any' type.
src/pages/activity/components/forms/fields/asset-type-selector.tsx(2,23): error TS6305: Output file '/app/packages/ui/dist/src/components/ui/icons.d.ts' has not been built from source file '/app/packages/ui/src/components/ui/icons.tsx'.
src/pages/activity/components/forms/fields/date-picker.tsx(1,78): error TS6305: Output file '/app/packages/ui/dist/src/index.d.ts' has not been built from source file '/app/packages/ui/src/index.ts'.
src/pages/activity/components/forms/fields/date-picker.tsx(38,18): error TS7031: Binding element 'field' implicitly has an 'any' type.
src/pages/activity/components/forms/fields/notes-input.tsx(8,8): error TS6305: Output file '/app/packages/ui/dist/src/index.d.ts' has not been built from source file '/app/packages/ui/src/index.ts'.
src/pages/activity/components/forms/fields/notes-input.tsx(31,18): error TS7031: Binding element 'field' implicitly has an 'any' type.
src/pages/activity/components/forms/fields/option-contract-fields.tsx(6,23): error TS6305: Output file '/app/packages/ui/dist/src/components/ui/input.d.ts' has not been built from source file '/app/packages/ui/src/components/ui/input.tsx'.
src/pages/activity/components/forms/fields/option-contract-fields.tsx(14,8): error TS6305: Output file '/app/packages/ui/dist/src/index.d.ts' has not been built from source file '/app/packages/ui/src/index.ts'.
src/pages/activity/components/forms/fields/option-contract-fields.tsx(168,20): error TS7031: Binding element 'field' implicitly has an 'any' type.
src/pages/activity/components/forms/fields/option-contract-fields.tsx(192,20): error TS7031: Binding element 'field' implicitly has an 'any' type.
src/pages/activity/components/forms/fields/option-contract-fields.tsx(248,22): error TS7031: Binding element 'field' implicitly has an 'any' type.
src/pages/activity/components/forms/fields/option-contract-fields.tsx(257,30): error TS7006: Parameter 'e' implicitly has an 'any' type.
src/pages/activity/components/forms/fields/option-contract-fields.tsx(271,22): error TS7031: Binding element 'field' implicitly has an 'any' type.
src/pages/activity/components/forms/fields/quantity-input.tsx(8,8): error TS6305: Output file '/app/packages/ui/dist/src/index.d.ts' has not been built from source file '/app/packages/ui/src/index.ts'.
src/pages/activity/components/forms/fields/quantity-input.tsx(34,18): error TS7031: Binding element 'field' implicitly has an 'any' type.
src/pages/activity/components/forms/fields/symbol-search.tsx(2,23): error TS6305: Output file '/app/packages/ui/dist/src/components/ui/input.d.ts' has not been built from source file '/app/packages/ui/src/components/ui/input.tsx'.
src/pages/activity/components/forms/fields/symbol-search.tsx(3,74): error TS6305: Output file '/app/packages/ui/dist/src/index.d.ts' has not been built from source file '/app/packages/ui/src/index.ts'.
src/pages/activity/components/forms/fields/symbol-search.tsx(277,18): error TS7031: Binding element 'field' implicitly has an 'any' type.
src/pages/activity/components/forms/fields/symbol-search.tsx(286,28): error TS7006: Parameter 'e' implicitly has an 'any' type.
src/pages/activity/components/forms/interest-form.tsx(5,24): error TS6305: Output file '/app/packages/ui/dist/src/components/ui/button.d.ts' has not been built from source file '/app/packages/ui/src/components/ui/button.tsx'.
src/pages/activity/components/forms/interest-form.tsx(6,35): error TS6305: Output file '/app/packages/ui/dist/src/components/ui/card.d.ts' has not been built from source file '/app/packages/ui/src/components/ui/card.tsx'.
src/pages/activity/components/forms/interest-form.tsx(7,23): error TS6305: Output file '/app/packages/ui/dist/src/components/ui/icons.d.ts' has not been built from source file '/app/packages/ui/src/components/ui/icons.tsx'.
src/pages/activity/components/forms/interest-form.tsx(8,23): error TS6305: Output file '/app/packages/ui/dist/src/components/ui/label.d.ts' has not been built from source file '/app/packages/ui/src/components/ui/label.tsx'.
src/pages/activity/components/forms/interest-form.tsx(9,44): error TS6305: Output file '/app/packages/ui/dist/src/components/ui/radio-group.d.ts' has not been built from source file '/app/packages/ui/src/components/ui/radio-group.tsx'.
src/pages/activity/components/forms/sell-form.tsx(7,41): error TS6305: Output file '/app/packages/ui/dist/src/components/ui/alert.d.ts' has not been built from source file '/app/packages/ui/src/components/ui/alert.tsx'.
src/pages/activity/components/forms/sell-form.tsx(8,24): error TS6305: Output file '/app/packages/ui/dist/src/components/ui/button.d.ts' has not been built from source file '/app/packages/ui/src/components/ui/button.tsx'.
src/pages/activity/components/forms/sell-form.tsx(9,35): error TS6305: Output file '/app/packages/ui/dist/src/components/ui/card.d.ts' has not been built from source file '/app/packages/ui/src/components/ui/card.tsx'.
src/pages/activity/components/forms/sell-form.tsx(10,23): error TS6305: Output file '/app/packages/ui/dist/src/components/ui/icons.d.ts' has not been built from source file '/app/packages/ui/src/components/ui/icons.tsx'.
src/pages/activity/components/forms/split-form.tsx(4,24): error TS6305: Output file '/app/packages/ui/dist/src/components/ui/button.d.ts' has not been built from source file '/app/packages/ui/src/components/ui/button.tsx'.
src/pages/activity/components/forms/split-form.tsx(5,35): error TS6305: Output file '/app/packages/ui/dist/src/components/ui/card.d.ts' has not been built from source file '/app/packages/ui/src/components/ui/card.tsx'.
src/pages/activity/components/forms/split-form.tsx(6,23): error TS6305: Output file '/app/packages/ui/dist/src/components/ui/icons.d.ts' has not been built from source file '/app/packages/ui/src/components/ui/icons.tsx'.
src/pages/activity/components/forms/tax-form.tsx(4,24): error TS6305: Output file '/app/packages/ui/dist/src/components/ui/button.d.ts' has not been built from source file '/app/packages/ui/src/components/ui/button.tsx'.
src/pages/activity/components/forms/tax-form.tsx(5,35): error TS6305: Output file '/app/packages/ui/dist/src/components/ui/card.d.ts' has not been built from source file '/app/packages/ui/src/components/ui/card.tsx'.
src/pages/activity/components/forms/tax-form.tsx(6,23): error TS6305: Output file '/app/packages/ui/dist/src/components/ui/icons.d.ts' has not been built from source file '/app/packages/ui/src/components/ui/icons.tsx'.
src/pages/activity/components/forms/transfer-form.tsx(6,37): error TS6305: Output file '/app/packages/ui/dist/src/components/ui/animated-toggle-group.d.ts' has not been built from source file '/app/packages/ui/src/components/ui/animated-toggle-group.tsx'.
src/pages/activity/components/forms/transfer-form.tsx(7,24): error TS6305: Output file '/app/packages/ui/dist/src/components/ui/button.d.ts' has not been built from source file '/app/packages/ui/src/components/ui/button.tsx'.
src/pages/activity/components/forms/transfer-form.tsx(8,35): error TS6305: Output file '/app/packages/ui/dist/src/components/ui/card.d.ts' has not been built from source file '/app/packages/ui/src/components/ui/card.tsx'.
src/pages/activity/components/forms/transfer-form.tsx(9,26): error TS6305: Output file '/app/packages/ui/dist/src/components/ui/checkbox.d.ts' has not been built from source file '/app/packages/ui/src/components/ui/checkbox.tsx'.
src/pages/activity/components/forms/transfer-form.tsx(10,23): error TS6305: Output file '/app/packages/ui/dist/src/components/ui/icons.d.ts' has not been built from source file '/app/packages/ui/src/components/ui/icons.tsx'.
src/pages/activity/components/forms/transfer-form.tsx(11,23): error TS6305: Output file '/app/packages/ui/dist/src/components/ui/label.d.ts' has not been built from source file '/app/packages/ui/src/components/ui/label.tsx'.
src/pages/activity/components/forms/transfer-form.tsx(12,44): error TS6305: Output file '/app/packages/ui/dist/src/components/ui/radio-group.d.ts' has not been built from source file '/app/packages/ui/src/components/ui/radio-group.tsx'.
src/pages/activity/components/forms/withdrawal-form.tsx(3,24): error TS6305: Output file '/app/packages/ui/dist/src/components/ui/button.d.ts' has not been built from source file '/app/packages/ui/src/components/ui/button.tsx'.
src/pages/activity/components/forms/withdrawal-form.tsx(4,35): error TS6305: Output file '/app/packages/ui/dist/src/components/ui/card.d.ts' has not been built from source file '/app/packages/ui/src/components/ui/card.tsx'.
src/pages/activity/components/forms/withdrawal-form.tsx(5,23): error TS6305: Output file '/app/packages/ui/dist/src/components/ui/icons.d.ts' has not been built from source file '/app/packages/ui/src/components/ui/icons.tsx'.
src/pages/activity/components/link-transfer-modal.tsx(9,8): error TS6305: Output file '/app/packages/ui/dist/src/components/ui/alert-dialog.d.ts' has not been built from source file '/app/packages/ui/src/components/ui/alert-dialog.tsx'.
src/pages/activity/components/link-transfer-modal.tsx(10,45): error TS6305: Output file '/app/packages/ui/dist/src/index.d.ts' has not been built from source file '/app/packages/ui/src/index.ts'.
src/pages/activity/components/link-transfer-modal.tsx(67,47): error TS7006: Parameter 'open' implicitly has an 'any' type.
src/pages/activity/components/mobile-forms/mobile-activity-form.tsx(3,24): error TS6305: Output file '/app/packages/ui/dist/src/components/ui/button.d.ts' has not been built from source file '/app/packages/ui/src/components/ui/button.tsx'.
src/pages/activity/components/mobile-forms/mobile-activity-form.tsx(4,22): error TS6305: Output file '/app/packages/ui/dist/src/components/ui/form.d.ts' has not been built from source file '/app/packages/ui/src/components/ui/form.tsx'.
src/pages/activity/components/mobile-forms/mobile-activity-form.tsx(5,23): error TS6305: Output file '/app/packages/ui/dist/src/components/ui/icons.d.ts' has not been built from source file '/app/packages/ui/src/components/ui/icons.tsx'.
src/pages/activity/components/mobile-forms/mobile-activity-form.tsx(13,8): error TS6305: Output file '/app/packages/ui/dist/src/components/ui/sheet.d.ts' has not been built from source file '/app/packages/ui/src/components/ui/sheet.tsx'.
src/pages/activity/components/mobile-forms/mobile-activity-type-step.tsx(1,50): error TS6305: Output file '/app/packages/ui/dist/src/components/ui/form.d.ts' has not been built from source file '/app/packages/ui/src/components/ui/form.tsx'.
src/pages/activity/components/mobile-forms/mobile-activity-type-step.tsx(2,23): error TS6305: Output file '/app/packages/ui/dist/src/components/ui/icons.d.ts' has not been built from source file '/app/packages/ui/src/components/ui/icons.tsx'.
src/pages/activity/components/mobile-forms/mobile-activity-type-step.tsx(3,44): error TS6305: Output file '/app/packages/ui/dist/src/components/ui/radio-group.d.ts' has not been built from source file '/app/packages/ui/src/components/ui/radio-group.tsx'.
src/pages/activity/components/mobile-forms/mobile-activity-type-step.tsx(4,28): error TS6305: Output file '/app/packages/ui/dist/src/components/ui/scroll-area.d.ts' has not been built from source file '/app/packages/ui/src/components/ui/scroll-area.tsx'.
src/pages/activity/components/mobile-forms/mobile-activity-type-step.tsx(111,22): error TS7031: Binding element 'field' implicitly has an 'any' type.
src/pages/activity/components/mobile-forms/mobile-details-step.tsx(1,28): error TS6305: Output file '/app/packages/ui/dist/src/components/ui/scroll-area.d.ts' has not been built from source file '/app/packages/ui/src/components/ui/scroll-area.tsx'.
src/pages/activity/components/mobile-forms/mobile-details-step.tsx(2,26): error TS6305: Output file '/app/packages/ui/dist/src/components/ui/textarea.d.ts' has not been built from source file '/app/packages/ui/src/components/ui/textarea.tsx'.
src/pages/activity/components/mobile-forms/mobile-details-step.tsx(3,37): error TS6305: Output file '/app/packages/ui/dist/src/components/ui/animated-toggle-group.d.ts' has not been built from source file '/app/packages/ui/src/components/ui/animated-toggle-group.tsx'.
src/pages/activity/components/mobile-forms/mobile-details-step.tsx(14,26): error TS6305: Output file '/app/packages/ui/dist/src/components/ui/checkbox.d.ts' has not been built from source file '/app/packages/ui/src/components/ui/checkbox.tsx'.
src/pages/activity/components/mobile-forms/mobile-details-step.tsx(15,23): error TS6305: Output file '/app/packages/ui/dist/src/components/ui/label.d.ts' has not been built from source file '/app/packages/ui/src/components/ui/label.tsx'.
src/pages/activity/components/mobile-forms/mobile-details-step.tsx(16,44): error TS6305: Output file '/app/packages/ui/dist/src/components/ui/radio-group.d.ts' has not been built from source file '/app/packages/ui/src/components/ui/radio-group.tsx'.
src/pages/activity/components/mobile-forms/mobile-details-step.tsx(36,8): error TS6305: Output file '/app/packages/ui/dist/src/index.d.ts' has not been built from source file '/app/packages/ui/src/index.ts'.
src/pages/activity/components/mobile-forms/mobile-details-step.tsx(357,39): error TS7006: Parameter 'checked' implicitly has an 'any' type.
src/pages/activity/components/mobile-forms/mobile-details-step.tsx(455,24): error TS7031: Binding element 'field' implicitly has an 'any' type.
src/pages/activity/components/mobile-forms/mobile-details-step.tsx(491,26): error TS7031: Binding element 'field' implicitly has an 'any' type.
src/pages/activity/components/mobile-forms/mobile-details-step.tsx(525,24): error TS7031: Binding element 'field' implicitly has an 'any' type.
src/pages/activity/components/mobile-forms/mobile-details-step.tsx(576,30): error TS7031: Binding element 'field' implicitly has an 'any' type.
src/pages/activity/components/mobile-forms/mobile-details-step.tsx(590,32): error TS7031: Binding element 'field' implicitly has an 'any' type.
src/pages/activity/components/mobile-forms/mobile-details-step.tsx(659,26): error TS7031: Binding element 'field' implicitly has an 'any' type.
src/pages/activity/components/mobile-forms/mobile-details-step.tsx(686,26): error TS7031: Binding element 'field' implicitly has an 'any' type.
src/pages/activity/components/mobile-forms/mobile-details-step.tsx(706,26): error TS7031: Binding element 'field' implicitly has an 'any' type.
src/pages/activity/components/mobile-forms/mobile-details-step.tsx(721,26): error TS7031: Binding element 'field' implicitly has an 'any' type.
src/pages/activity/components/mobile-forms/mobile-details-step.tsx(750,24): error TS7031: Binding element 'field' implicitly has an 'any' type.
src/pages/activity/import/activity-import-page.tsx(8,62): error TS6305: Output file '/app/packages/ui/dist/src/index.d.ts' has not been built from source file '/app/packages/ui/src/index.ts'.
src/pages/activity/import/activity-import-page.tsx(9,24): error TS6305: Output file '/app/packages/ui/dist/src/components/ui/button.d.ts' has not been built from source file '/app/packages/ui/src/components/ui/button.tsx'.
src/pages/activity/import/activity-import-page.tsx(10,34): error TS6305: Output file '/app/packages/ui/dist/src/components/ui/card.d.ts' has not been built from source file '/app/packages/ui/src/components/ui/card.tsx'.
src/pages/activity/import/activity-import-page.tsx(11,23): error TS6305: Output file '/app/packages/ui/dist/src/components/ui/icons.d.ts' has not been built from source file '/app/packages/ui/src/components/ui/icons.tsx'.
src/pages/activity/import/components/cancel-confirmation-dialog.tsx(9,8): error TS6305: Output file '/app/packages/ui/dist/src/components/ui/alert-dialog.d.ts' has not been built from source file '/app/packages/ui/src/components/ui/alert-dialog.tsx'.
src/pages/activity/import/components/cancel-confirmation-dialog.tsx(10,24): error TS6305: Output file '/app/packages/ui/dist/src/components/ui/button.d.ts' has not been built from source file '/app/packages/ui/src/components/ui/button.tsx'.
src/pages/activity/import/components/cancel-confirmation-dialog.tsx(11,23): error TS6305: Output file '/app/packages/ui/dist/src/components/ui/icons.d.ts' has not been built from source file '/app/packages/ui/src/components/ui/icons.tsx'.
src/pages/activity/import/components/csv-file-viewer.tsx(1,39): error TS6305: Output file '/app/packages/ui/dist/src/components/ui/data-table/data-table-column-header.d.ts' has not been built from source file '/app/packages/ui/src/components/ui/data-table/data-table-column-header.tsx'.
src/pages/activity/import/components/csv-file-viewer.tsx(2,45): error TS6305: Output file '/app/packages/ui/dist/src/components/ui/data-table/data-table-faceted-filter.d.ts' has not been built from source file '/app/packages/ui/src/components/ui/data-table/data-table-faceted-filter.tsx'.
src/pages/activity/import/components/csv-file-viewer.tsx(3,37): error TS6305: Output file '/app/packages/ui/dist/src/components/ui/data-table/data-table-pagination.d.ts' has not been built from source file '/app/packages/ui/src/components/ui/data-table/data-table-pagination.tsx'.
src/pages/activity/import/components/csv-file-viewer.tsx(4,34): error TS6305: Output file '/app/packages/ui/dist/src/components/ui/data-table/data-table-toolbar.d.ts' has not been built from source file '/app/packages/ui/src/components/ui/data-table/data-table-toolbar.tsx'.
src/pages/activity/import/components/csv-file-viewer.tsx(5,23): error TS6305: Output file '/app/packages/ui/dist/src/components/ui/icons.d.ts' has not been built from source file '/app/packages/ui/src/components/ui/icons.tsx'.
src/pages/activity/import/components/csv-file-viewer.tsx(6,55): error TS6305: Output file '/app/packages/ui/dist/src/components/ui/table.d.ts' has not been built from source file '/app/packages/ui/src/components/ui/table.tsx'.
src/pages/activity/import/components/csv-file-viewer.tsx(12,8): error TS6305: Output file '/app/packages/ui/dist/src/components/ui/tooltip.d.ts' has not been built from source file '/app/packages/ui/src/components/ui/tooltip.tsx'.
src/pages/activity/import/components/file-dropzone.tsx(1,24): error TS6305: Output file '/app/packages/ui/dist/src/components/ui/button.d.ts' has not been built from source file '/app/packages/ui/src/components/ui/button.tsx'.
src/pages/activity/import/components/file-dropzone.tsx(2,23): error TS6305: Output file '/app/packages/ui/dist/src/components/ui/icons.d.ts' has not been built from source file '/app/packages/ui/src/components/ui/icons.tsx'.
src/pages/activity/import/components/help-tooltip.tsx(1,23): error TS6305: Output file '/app/packages/ui/dist/src/components/ui/icons.d.ts' has not been built from source file '/app/packages/ui/src/components/ui/icons.tsx'.
src/pages/activity/import/components/help-tooltip.tsx(7,8): error TS6305: Output file '/app/packages/ui/dist/src/components/ui/tooltip.d.ts' has not been built from source file '/app/packages/ui/src/components/ui/tooltip.tsx'.
src/pages/activity/import/components/holdings-data-grid.tsx(3,64): error TS6305: Output file '/app/packages/ui/dist/src/index.d.ts' has not been built from source file '/app/packages/ui/src/index.ts'.
src/pages/activity/import/components/holdings-data-grid.tsx(224,16): error TS7006: Parameter 'row' implicitly has an 'any' type.
src/pages/activity/import/components/import-alert.tsx(1,53): error TS6305: Output file '/app/packages/ui/dist/src/components/ui/alert.d.ts' has not been built from source file '/app/packages/ui/src/components/ui/alert.tsx'.
src/pages/activity/import/components/import-alert.tsx(2,34): error TS6305: Output file '/app/packages/ui/dist/src/components/ui/icons.d.ts' has not been built from source file '/app/packages/ui/src/components/ui/icons.tsx'.
src/pages/activity/import/components/import-columns.tsx(3,51): error TS6305: Output file '/app/packages/ui/dist/src/index.d.ts' has not been built from source file '/app/packages/ui/src/index.ts'.
src/pages/activity/import/components/import-columns.tsx(136,31): error TS7006: Parameter 'checked' implicitly has an 'any' type.
src/pages/activity/import/components/import-columns.tsx(143,31): error TS7006: Parameter 'checked' implicitly has an 'any' type.
src/pages/activity/import/components/import-columns.tsx(208,42): error TS7006: Parameter '_option' implicitly has an 'any' type.
src/pages/activity/import/components/import-columns.tsx(208,51): error TS7006: Parameter 'rowData' implicitly has an 'any' type.
src/pages/activity/import/components/import-review-grid.tsx(6,8): error TS6305: Output file '/app/packages/ui/dist/src/index.d.ts' has not been built from source file '/app/packages/ui/src/index.ts'.
src/pages/activity/import/components/import-review-grid.tsx(7,26): error TS6305: Output file '/app/packages/ui/dist/src/components/ui/checkbox.d.ts' has not been built from source file '/app/packages/ui/src/components/ui/checkbox.tsx'.
src/pages/activity/import/components/import-review-grid.tsx(13,8): error TS6305: Output file '/app/packages/ui/dist/src/components/ui/tooltip.d.ts' has not been built from source file '/app/packages/ui/src/components/ui/tooltip.tsx'.
src/pages/activity/import/components/import-review-grid.tsx(51,7): error TS6133: 'STATUS_CONFIG' is declared but its value is never read.
src/pages/activity/import/components/import-review-grid.tsx(171,31): error TS7006: Parameter 'checked' implicitly has an 'any' type.
src/pages/activity/import/components/import-review-grid.tsx(179,31): error TS7006: Parameter 'checked' implicitly has an 'any' type.
src/pages/activity/import/components/import-review-grid.tsx(195,18): error TS7031: Binding element 'row' implicitly has an 'any' type.
src/pages/activity/import/components/import-review-grid.tsx(216,65): error TS7053: Element implicitly has an 'any' type because expression of type 'any' can't be used to index type 'Record<DraftActivityStatus, string>'.
src/pages/activity/import/components/import-review-grid.tsx(490,9): error TS6133: 't' is declared but its value is never read.
src/pages/activity/import/components/import-review-grid.tsx(738,16): error TS7006: Parameter 'row' implicitly has an 'any' type.
src/pages/activity/import/components/import-review-grid.tsx(739,26): error TS7006: Parameter 'row' implicitly has an 'any' type.
src/pages/activity/import/components/import-review-grid.tsx(776,52): error TS7006: Parameter 'row' implicitly has an 'any' type.
src/pages/activity/import/components/import-review-grid.tsx(782,29): error TS7006: Parameter 'idx' implicitly has an 'any' type.
src/pages/activity/import/components/import-review-grid.tsx(782,34): error TS7006: Parameter 'i' implicitly has an 'any' type.
src/pages/activity/import/components/import-toolbar.tsx(14,8): error TS6305: Output file '/app/packages/ui/dist/src/index.d.ts' has not been built from source file '/app/packages/ui/src/index.ts'.
src/pages/activity/import/components/import-toolbar.tsx(60,10): error TS7006: Parameter 'c' implicitly has an 'any' type.
src/pages/activity/import/components/import-toolbar.tsx(177,53): error TS7006: Parameter 'currency' implicitly has an 'any' type.
src/pages/activity/import/components/mapping-editor.tsx(1,58): error TS6305: Output file '/app/packages/ui/dist/src/components/ui/tabs.d.ts' has not been built from source file '/app/packages/ui/src/components/ui/tabs.tsx'.
src/pages/activity/import/components/mapping-editor.tsx(5,29): error TS6305: Output file '/app/packages/ui/dist/src/components/ui/card.d.ts' has not been built from source file '/app/packages/ui/src/components/ui/card.tsx'.
src/pages/activity/import/components/mapping-status-card.tsx(2,23): error TS6305: Output file '/app/packages/ui/dist/src/components/ui/icons.d.ts' has not been built from source file '/app/packages/ui/src/components/ui/icons.tsx'.
src/pages/activity/import/components/mapping-table-cells.tsx(3,24): error TS6305: Output file '/app/packages/ui/dist/src/components/ui/button.d.ts' has not been built from source file '/app/packages/ui/src/components/ui/button.tsx'.
src/pages/activity/import/components/mapping-table-cells.tsx(25,8): error TS6305: Output file '/app/packages/ui/dist/src/index.d.ts' has not been built from source file '/app/packages/ui/src/index.ts'.
src/pages/activity/import/components/mapping-table-cells.tsx(69,27): error TS7006: Parameter 'val' implicitly has an 'any' type.
src/pages/activity/import/components/mapping-table-cells.tsx(74,26): error TS7006: Parameter 'open' implicitly has an 'any' type.
src/pages/activity/import/components/mapping-table-cells.tsx(170,29): error TS7006: Parameter 'newType' implicitly has an 'any' type.
src/pages/activity/import/components/mapping-table.tsx(8,8): error TS6305: Output file '/app/packages/ui/dist/src/components/ui/table.d.ts' has not been built from source file '/app/packages/ui/src/components/ui/table.tsx'.
src/pages/activity/import/components/mapping-table.tsx(9,33): error TS6305: Output file '/app/packages/ui/dist/src/components/ui/tooltip.d.ts' has not been built from source file '/app/packages/ui/src/components/ui/tooltip.tsx'.
src/pages/activity/import/components/step-indicator.tsx(1,23): error TS6305: Output file '/app/packages/ui/dist/src/components/ui/icons.d.ts' has not been built from source file '/app/packages/ui/src/components/ui/icons.tsx'.
src/pages/activity/import/components/step-navigation.tsx(1,24): error TS6305: Output file '/app/packages/ui/dist/src/components/ui/button.d.ts' has not been built from source file '/app/packages/ui/src/components/ui/button.tsx'.
src/pages/activity/import/components/step-navigation.tsx(2,23): error TS6305: Output file '/app/packages/ui/dist/src/components/ui/icons.d.ts' has not been built from source file '/app/packages/ui/src/components/ui/icons.tsx'.
src/pages/activity/import/components/symbol-resolution-panel.tsx(2,24): error TS6305: Output file '/app/packages/ui/dist/src/components/ui/button.d.ts' has not been built from source file '/app/packages/ui/src/components/ui/button.tsx'.
src/pages/activity/import/components/symbol-resolution-panel.tsx(3,23): error TS6305: Output file '/app/packages/ui/dist/src/components/ui/icons.d.ts' has not been built from source file '/app/packages/ui/src/components/ui/icons.tsx'.
src/pages/activity/import/components/template-picker.tsx(2,24): error TS6305: Output file '/app/packages/ui/dist/src/components/ui/button.d.ts' has not been built from source file '/app/packages/ui/src/components/ui/button.tsx'.
src/pages/activity/import/components/template-picker.tsx(10,8): error TS6305: Output file '/app/packages/ui/dist/src/components/ui/command.d.ts' has not been built from source file '/app/packages/ui/src/components/ui/command.tsx'.
src/pages/activity/import/components/template-picker.tsx(11,23): error TS6305: Output file '/app/packages/ui/dist/src/components/ui/icons.d.ts' has not been built from source file '/app/packages/ui/src/components/ui/icons.tsx'.
src/pages/activity/import/components/template-picker.tsx(12,57): error TS6305: Output file '/app/packages/ui/dist/src/components/ui/popover.d.ts' has not been built from source file '/app/packages/ui/src/components/ui/popover.tsx'.
src/pages/activity/import/components/template-picker.tsx(13,20): error TS6305: Output file '/app/packages/ui/dist/src/lib/utils.d.ts' has not been built from source file '/app/packages/ui/src/lib/utils.ts'.
src/pages/activity/import/components/wizard-step-indicator.tsx(1,23): error TS6305: Output file '/app/packages/ui/dist/src/components/ui/icons.d.ts' has not been built from source file '/app/packages/ui/src/components/ui/icons.tsx'.
src/pages/activity/import/hooks/use-activity-import-mutations.ts(4,23): error TS6305: Output file '/app/packages/ui/dist/src/components/ui/use-toast.d.ts' has not been built from source file '/app/packages/ui/src/components/ui/use-toast.ts'.
src/pages/activity/import/hooks/use-import-mapping.ts(6,23): error TS6305: Output file '/app/packages/ui/dist/src/components/ui/use-toast.d.ts' has not been built from source file '/app/packages/ui/src/components/ui/use-toast.ts'.
src/pages/activity/import/import-help.tsx(1,23): error TS6305: Output file '/app/packages/ui/dist/src/components/ui/icons.d.ts' has not been built from source file '/app/packages/ui/src/components/ui/icons.tsx'.
src/pages/activity/import/import-help.tsx(3,24): error TS6305: Output file '/app/packages/ui/dist/src/components/ui/button.d.ts' has not been built from source file '/app/packages/ui/src/components/ui/button.tsx'.
src/pages/activity/import/import-help.tsx(4,57): error TS6305: Output file '/app/packages/ui/dist/src/components/ui/popover.d.ts' has not been built from source file '/app/packages/ui/src/components/ui/popover.tsx'.
src/pages/activity/import/import-help.tsx(5,58): error TS6305: Output file '/app/packages/ui/dist/src/components/ui/tabs.d.ts' has not been built from source file '/app/packages/ui/src/components/ui/tabs.tsx'.
src/pages/activity/import/import-help.tsx(14,8): error TS6305: Output file '/app/packages/ui/dist/src/index.d.ts' has not been built from source file '/app/packages/ui/src/index.ts'.
src/pages/activity/import/import-preview-table.tsx(18,23): error TS6305: Output file '/app/packages/ui/dist/src/components/ui/badge.d.ts' has not been built from source file '/app/packages/ui/src/components/ui/badge.tsx'.
src/pages/activity/import/import-preview-table.tsx(19,39): error TS6305: Output file '/app/packages/ui/dist/src/components/ui/data-table/data-table-column-header.d.ts' has not been built from source file '/app/packages/ui/src/components/ui/data-table/data-table-column-header.tsx'.
src/pages/activity/import/import-preview-table.tsx(20,45): error TS6305: Output file '/app/packages/ui/dist/src/components/ui/data-table/data-table-faceted-filter.d.ts' has not been built from source file '/app/packages/ui/src/components/ui/data-table/data-table-faceted-filter.tsx'.
src/pages/activity/import/import-preview-table.tsx(21,37): error TS6305: Output file '/app/packages/ui/dist/src/components/ui/data-table/data-table-pagination.d.ts' has not been built from source file '/app/packages/ui/src/components/ui/data-table/data-table-pagination.tsx'.
src/pages/activity/import/import-preview-table.tsx(22,34): error TS6305: Output file '/app/packages/ui/dist/src/components/ui/data-table/data-table-toolbar.d.ts' has not been built from source file '/app/packages/ui/src/components/ui/data-table/data-table-toolbar.tsx'.
src/pages/activity/import/import-preview-table.tsx(23,23): error TS6305: Output file '/app/packages/ui/dist/src/components/ui/icons.d.ts' has not been built from source file '/app/packages/ui/src/components/ui/icons.tsx'.
src/pages/activity/import/import-preview-table.tsx(31,8): error TS6305: Output file '/app/packages/ui/dist/src/components/ui/table.d.ts' has not been built from source file '/app/packages/ui/src/components/ui/table.tsx'.
src/pages/activity/import/import-preview-table.tsx(37,8): error TS6305: Output file '/app/packages/ui/dist/src/components/ui/tooltip.d.ts' has not been built from source file '/app/packages/ui/src/components/ui/tooltip.tsx'.
src/pages/activity/import/import-preview-table.tsx(41,30): error TS6305: Output file '/app/packages/ui/dist/src/index.d.ts' has not been built from source file '/app/packages/ui/src/index.ts'.
src/pages/activity/import/import-validation-alert.tsx(3,53): error TS6305: Output file '/app/packages/ui/dist/src/components/ui/alert.d.ts' has not been built from source file '/app/packages/ui/src/components/ui/alert.tsx'.
src/pages/activity/import/import-validation-alert.tsx(4,24): error TS6305: Output file '/app/packages/ui/dist/src/components/ui/button.d.ts' has not been built from source file '/app/packages/ui/src/components/ui/button.tsx'.
src/pages/activity/import/import-validation-alert.tsx(5,23): error TS6305: Output file '/app/packages/ui/dist/src/components/ui/icons.d.ts' has not been built from source file '/app/packages/ui/src/components/ui/icons.tsx'.
src/pages/activity/import/steps/asset-review-step.tsx(7,24): error TS6305: Output file '/app/packages/ui/dist/src/components/ui/button.d.ts' has not been built from source file '/app/packages/ui/src/components/ui/button.tsx'.
src/pages/activity/import/steps/asset-review-step.tsx(8,23): error TS6305: Output file '/app/packages/ui/dist/src/components/ui/icons.d.ts' has not been built from source file '/app/packages/ui/src/components/ui/icons.tsx'.
src/pages/activity/import/steps/asset-review-step.tsx(9,35): error TS6305: Output file '/app/packages/ui/dist/src/components/ui/progress-indicator.d.ts' has not been built from source file '/app/packages/ui/src/components/ui/progress-indicator.tsx'.
src/pages/activity/import/steps/confirm-step.tsx(3,24): error TS6305: Output file '/app/packages/ui/dist/src/components/ui/button.d.ts' has not been built from source file '/app/packages/ui/src/components/ui/button.tsx'.
src/pages/activity/import/steps/confirm-step.tsx(4,34): error TS6305: Output file '/app/packages/ui/dist/src/components/ui/icons.d.ts' has not been built from source file '/app/packages/ui/src/components/ui/icons.tsx'.
src/pages/activity/import/steps/confirm-step.tsx(5,35): error TS6305: Output file '/app/packages/ui/dist/src/components/ui/progress-indicator.d.ts' has not been built from source file '/app/packages/ui/src/components/ui/progress-indicator.tsx'.
src/pages/activity/import/steps/context-result-step.tsx(3,24): error TS6305: Output file '/app/packages/ui/dist/src/components/ui/button.d.ts' has not been built from source file '/app/packages/ui/src/components/ui/button.tsx'.
src/pages/activity/import/steps/context-result-step.tsx(4,23): error TS6305: Output file '/app/packages/ui/dist/src/components/ui/icons.d.ts' has not been built from source file '/app/packages/ui/src/components/ui/icons.tsx'.
src/pages/activity/import/steps/holdings-confirm-step.tsx(2,58): error TS6305: Output file '/app/packages/ui/dist/src/components/ui/card.d.ts' has not been built from source file '/app/packages/ui/src/components/ui/card.tsx'.
src/pages/activity/import/steps/holdings-confirm-step.tsx(3,24): error TS6305: Output file '/app/packages/ui/dist/src/components/ui/button.d.ts' has not been built from source file '/app/packages/ui/src/components/ui/button.tsx'.
src/pages/activity/import/steps/holdings-confirm-step.tsx(4,23): error TS6305: Output file '/app/packages/ui/dist/src/components/ui/icons.d.ts' has not been built from source file '/app/packages/ui/src/components/ui/icons.tsx'.
src/pages/activity/import/steps/holdings-confirm-step.tsx(5,53): error TS6305: Output file '/app/packages/ui/dist/src/components/ui/alert.d.ts' has not been built from source file '/app/packages/ui/src/components/ui/alert.tsx'.
src/pages/activity/import/steps/holdings-mapping-step.tsx(2,23): error TS6305: Output file '/app/packages/ui/dist/src/components/ui/icons.d.ts' has not been built from source file '/app/packages/ui/src/components/ui/icons.tsx'.
src/pages/activity/import/steps/holdings-mapping-step.tsx(10,8): error TS6305: Output file '/app/packages/ui/dist/src/components/ui/select.d.ts' has not been built from source file '/app/packages/ui/src/components/ui/select.tsx'.
src/pages/activity/import/steps/holdings-mapping-step.tsx(11,58): error TS6305: Output file '/app/packages/ui/dist/src/components/ui/card.d.ts' has not been built from source file '/app/packages/ui/src/components/ui/card.tsx'.
src/pages/activity/import/steps/holdings-mapping-step.tsx(483,37): error TS7006: Parameter 'value' implicitly has an 'any' type.
src/pages/activity/import/steps/holdings-review-step.tsx(2,23): error TS6305: Output file '/app/packages/ui/dist/src/components/ui/icons.d.ts' has not been built from source file '/app/packages/ui/src/components/ui/icons.tsx'.
src/pages/activity/import/steps/holdings-review-step.tsx(3,26): error TS6305: Output file '/app/packages/ui/dist/src/components/ui/skeleton.d.ts' has not been built from source file '/app/packages/ui/src/components/ui/skeleton.tsx'.
src/pages/activity/import/steps/mapping-step-unified.tsx(9,24): error TS6305: Output file '/app/packages/ui/dist/src/components/ui/button.d.ts' has not been built from source file '/app/packages/ui/src/components/ui/button.tsx'.
src/pages/activity/import/steps/mapping-step-unified.tsx(10,29): error TS6305: Output file '/app/packages/ui/dist/src/components/ui/card.d.ts' has not been built from source file '/app/packages/ui/src/components/ui/card.tsx'.
src/pages/activity/import/steps/mapping-step-unified.tsx(11,23): error TS6305: Output file '/app/packages/ui/dist/src/components/ui/icons.d.ts' has not been built from source file '/app/packages/ui/src/components/ui/icons.tsx'.
src/pages/activity/import/steps/mapping-step-unified.tsx(12,23): error TS6305: Output file '/app/packages/ui/dist/src/components/ui/input.d.ts' has not been built from source file '/app/packages/ui/src/components/ui/input.tsx'.
src/pages/activity/import/steps/mapping-step-unified.tsx(13,23): error TS6305: Output file '/app/packages/ui/dist/src/components/ui/label.d.ts' has not been built from source file '/app/packages/ui/src/components/ui/label.tsx'.
src/pages/activity/import/steps/mapping-step-unified.tsx(14,58): error TS6305: Output file '/app/packages/ui/dist/src/components/ui/tabs.d.ts' has not been built from source file '/app/packages/ui/src/components/ui/tabs.tsx'.
src/pages/activity/import/steps/mapping-step-unified.tsx(633,26): error TS7006: Parameter 'event' implicitly has an 'any' type.
src/pages/activity/import/steps/review-step.tsx(1,23): error TS6305: Output file '/app/packages/ui/dist/src/components/ui/badge.d.ts' has not been built from source file '/app/packages/ui/src/components/ui/badge.tsx'.
src/pages/activity/import/steps/review-step.tsx(2,24): error TS6305: Output file '/app/packages/ui/dist/src/components/ui/button.d.ts' has not been built from source file '/app/packages/ui/src/components/ui/button.tsx'.
src/pages/activity/import/steps/review-step.tsx(3,35): error TS6305: Output file '/app/packages/ui/dist/src/components/ui/progress-indicator.d.ts' has not been built from source file '/app/packages/ui/src/components/ui/progress-indicator.tsx'.
src/pages/activity/import/steps/review-step.tsx(4,31): error TS6305: Output file '/app/packages/ui/dist/src/index.d.ts' has not been built from source file '/app/packages/ui/src/index.ts'.
src/pages/activity/import/steps/upload-step.tsx(16,58): error TS6305: Output file '/app/packages/ui/dist/src/components/ui/card.d.ts' has not been built from source file '/app/packages/ui/src/components/ui/card.tsx'.
src/pages/activity/import/steps/upload-step.tsx(17,58): error TS6305: Output file '/app/packages/ui/dist/src/components/ui/tabs.d.ts' has not been built from source file '/app/packages/ui/src/components/ui/tabs.tsx'.
src/pages/activity/import/steps/upload-step.tsx(18,26): error TS6305: Output file '/app/packages/ui/dist/src/components/ui/checkbox.d.ts' has not been built from source file '/app/packages/ui/src/components/ui/checkbox.tsx'.
src/pages/activity/import/steps/upload-step.tsx(23,8): error TS6305: Output file '/app/packages/ui/dist/src/components/ui/collapsible.d.ts' has not been built from source file '/app/packages/ui/src/components/ui/collapsible.tsx'.
src/pages/activity/import/steps/upload-step.tsx(24,23): error TS6305: Output file '/app/packages/ui/dist/src/components/ui/icons.d.ts' has not been built from source file '/app/packages/ui/src/components/ui/icons.tsx'.
src/pages/activity/import/steps/upload-step.tsx(25,23): error TS6305: Output file '/app/packages/ui/dist/src/components/ui/input.d.ts' has not been built from source file '/app/packages/ui/src/components/ui/input.tsx'.
src/pages/activity/import/steps/upload-step.tsx(26,23): error TS6305: Output file '/app/packages/ui/dist/src/components/ui/label.d.ts' has not been built from source file '/app/packages/ui/src/components/ui/label.tsx'.
src/pages/activity/import/steps/upload-step.tsx(33,8): error TS6305: Output file '/app/packages/ui/dist/src/components/ui/select.d.ts' has not been built from source file '/app/packages/ui/src/components/ui/select.tsx'.
src/pages/activity/import/steps/upload-step.tsx(35,34): error TS6305: Output file '/app/packages/ui/dist/src/index.d.ts' has not been built from source file '/app/packages/ui/src/index.ts'.
src/pages/activity/import/steps/upload-step.tsx(248,25): error TS7006: Parameter 'v' implicitly has an 'any' type.
src/pages/activity/import/steps/upload-step.tsx(267,22): error TS7006: Parameter 'e' implicitly has an 'any' type.
src/pages/activity/import/steps/upload-step.tsx(426,37): error TS7006: Parameter 'checked' implicitly has an 'any' type.
src/pages/activity/import/steps/upload-step.tsx(442,30): error TS7006: Parameter 'e' implicitly has an 'any' type.
src/pages/activity/import/steps/upload-step.tsx(458,30): error TS7006: Parameter 'e' implicitly has an 'any' type.
src/pages/activity/import/steps/upload-step.tsx(471,35): error TS7006: Parameter 'value' implicitly has an 'any' type.
src/pages/activity/import/steps/upload-step.tsx(499,35): error TS7006: Parameter 'value' implicitly has an 'any' type.
src/pages/asset/alternative-asset-content.tsx(3,58): error TS6305: Output file '/app/packages/ui/dist/src/components/ui/card.d.ts' has not been built from source file '/app/packages/ui/src/components/ui/card.tsx'.
src/pages/asset/alternative-asset-content.tsx(4,27): error TS6305: Output file '/app/packages/ui/dist/src/components/ui/separator.d.ts' has not been built from source file '/app/packages/ui/src/components/ui/separator.tsx'.
src/pages/asset/alternative-asset-content.tsx(5,23): error TS6305: Output file '/app/packages/ui/dist/src/components/ui/badge.d.ts' has not been built from source file '/app/packages/ui/src/components/ui/badge.tsx'.
src/pages/asset/alternative-asset-content.tsx(15,8): error TS6305: Output file '/app/packages/ui/dist/src/components/ui/alert-dialog.d.ts' has not been built from source file '/app/packages/ui/src/components/ui/alert-dialog.tsx'.
src/pages/asset/alternative-asset-content.tsx(22,8): error TS6305: Output file '/app/packages/ui/dist/src/index.d.ts' has not been built from source file '/app/packages/ui/src/index.ts'.
src/pages/asset/alternative-assets/components/alternative-asset-quick-add-modal.tsx(8,8): error TS6305: Output file '/app/packages/ui/dist/src/components/ui/dialog.d.ts' has not been built from source file '/app/packages/ui/src/components/ui/dialog.tsx'.
src/pages/asset/alternative-assets/components/alternative-asset-quick-add-modal.tsx(9,24): error TS6305: Output file '/app/packages/ui/dist/src/components/ui/button.d.ts' has not been built from source file '/app/packages/ui/src/components/ui/button.tsx'.
src/pages/asset/alternative-assets/components/alternative-asset-quick-add-modal.tsx(10,23): error TS6305: Output file '/app/packages/ui/dist/src/components/ui/input.d.ts' has not been built from source file '/app/packages/ui/src/components/ui/input.tsx'.
src/pages/asset/alternative-assets/components/alternative-asset-quick-add-modal.tsx(11,23): error TS6305: Output file '/app/packages/ui/dist/src/components/ui/label.d.ts' has not been built from source file '/app/packages/ui/src/components/ui/label.tsx'.
src/pages/asset/alternative-assets/components/alternative-asset-quick-add-modal.tsx(12,26): error TS6305: Output file '/app/packages/ui/dist/src/components/ui/checkbox.d.ts' has not been built from source file '/app/packages/ui/src/components/ui/checkbox.tsx'.
src/pages/asset/alternative-assets/components/alternative-asset-quick-add-modal.tsx(13,23): error TS6305: Output file '/app/packages/ui/dist/src/components/ui/icons.d.ts' has not been built from source file '/app/packages/ui/src/components/ui/icons.tsx'.
src/pages/asset/alternative-assets/components/alternative-asset-quick-add-modal.tsx(20,8): error TS6305: Output file '/app/packages/ui/dist/src/index.d.ts' has not been built from source file '/app/packages/ui/src/index.ts'.
src/pages/asset/alternative-assets/components/alternative-asset-quick-add-modal.tsx(437,41): error TS7006: Parameter 'v' implicitly has an 'any' type.
src/pages/asset/alternative-assets/components/alternative-asset-quick-add-modal.tsx(451,43): error TS7006: Parameter 'v' implicitly has an 'any' type.
src/pages/asset/alternative-assets/components/alternative-asset-quick-add-modal.tsx(460,43): error TS7006: Parameter 'v' implicitly has an 'any' type.
src/pages/asset/alternative-assets/components/alternative-asset-quick-add-modal.tsx(478,39): error TS7006: Parameter 'v' implicitly has an 'any' type.
src/pages/asset/alternative-assets/components/alternative-asset-quick-add-modal.tsx(494,32): error TS7006: Parameter 'e' implicitly has an 'any' type.
src/pages/asset/alternative-assets/components/alternative-asset-quick-add-modal.tsx(505,32): error TS7006: Parameter 'v' implicitly has an 'any' type.
src/pages/asset/alternative-assets/components/alternative-asset-quick-add-modal.tsx(516,39): error TS7006: Parameter 'value' implicitly has an 'any' type.
src/pages/asset/alternative-assets/components/alternative-asset-quick-add-modal.tsx(529,34): error TS7006: Parameter 'date' implicitly has an 'any' type.
src/pages/asset/alternative-assets/components/alternative-asset-quick-add-modal.tsx(547,39): error TS7006: Parameter 'value' implicitly has an 'any' type.
src/pages/asset/alternative-assets/components/alternative-asset-quick-add-modal.tsx(568,34): error TS7006: Parameter 'date' implicitly has an 'any' type.
src/pages/asset/alternative-assets/components/alternative-asset-quick-add-modal.tsx(579,41): error TS7006: Parameter 'checked' implicitly has an 'any' type.
src/pages/asset/alternative-assets/components/alternative-asset-quick-add-modal.tsx(599,41): error TS7006: Parameter 'v' implicitly has an 'any' type.
src/pages/asset/alternative-assets/components/asset-details-sheet.tsx(11,8): error TS6305: Output file '/app/packages/ui/dist/src/components/ui/sheet.d.ts' has not been built from source file '/app/packages/ui/src/components/ui/sheet.tsx'.
src/pages/asset/alternative-assets/components/asset-details-sheet.tsx(19,8): error TS6305: Output file '/app/packages/ui/dist/src/components/ui/form.d.ts' has not been built from source file '/app/packages/ui/src/components/ui/form.tsx'.
src/pages/asset/alternative-assets/components/asset-details-sheet.tsx(20,24): error TS6305: Output file '/app/packages/ui/dist/src/components/ui/button.d.ts' has not been built from source file '/app/packages/ui/src/components/ui/button.tsx'.
src/pages/asset/alternative-assets/components/asset-details-sheet.tsx(21,23): error TS6305: Output file '/app/packages/ui/dist/src/components/ui/input.d.ts' has not been built from source file '/app/packages/ui/src/components/ui/input.tsx'.
src/pages/asset/alternative-assets/components/asset-details-sheet.tsx(22,26): error TS6305: Output file '/app/packages/ui/dist/src/components/ui/textarea.d.ts' has not been built from source file '/app/packages/ui/src/components/ui/textarea.tsx'.
src/pages/asset/alternative-assets/components/asset-details-sheet.tsx(23,27): error TS6305: Output file '/app/packages/ui/dist/src/components/ui/separator.d.ts' has not been built from source file '/app/packages/ui/src/components/ui/separator.tsx'.
src/pages/asset/alternative-assets/components/asset-details-sheet.tsx(24,23): error TS6305: Output file '/app/packages/ui/dist/src/components/ui/badge.d.ts' has not been built from source file '/app/packages/ui/src/components/ui/badge.tsx'.
src/pages/asset/alternative-assets/components/asset-details-sheet.tsx(25,23): error TS6305: Output file '/app/packages/ui/dist/src/components/ui/icons.d.ts' has not been built from source file '/app/packages/ui/src/components/ui/icons.tsx'.
src/pages/asset/alternative-assets/components/asset-details-sheet.tsx(32,8): error TS6305: Output file '/app/packages/ui/dist/src/index.d.ts' has not been built from source file '/app/packages/ui/src/index.ts'.
src/pages/asset/alternative-assets/components/asset-details-sheet.tsx(33,23): error TS6305: Output file '/app/packages/ui/dist/src/components/ui/use-toast.d.ts' has not been built from source file '/app/packages/ui/src/components/ui/use-toast.ts'.
src/pages/asset/alternative-assets/components/asset-details-sheet.tsx(205,26): error TS7031: Binding element 'field' implicitly has an 'any' type.
src/pages/asset/alternative-assets/components/asset-details-sheet.tsx(235,34): error TS7031: Binding element 'field' implicitly has an 'any' type.
src/pages/asset/alternative-assets/components/asset-details-sheet.tsx(247,47): error TS7006: Parameter 'value' implicitly has an 'any' type.
src/pages/asset/alternative-assets/components/asset-details-sheet.tsx(259,34): error TS7031: Binding element 'field' implicitly has an 'any' type.
src/pages/asset/alternative-assets/components/asset-details-sheet.tsx(265,42): error TS7006: Parameter 'date' implicitly has an 'any' type.
src/pages/asset/alternative-assets/components/asset-details-sheet.tsx(332,28): error TS7031: Binding element 'field' implicitly has an 'any' type.
src/pages/asset/alternative-assets/components/asset-details-sheet.tsx(339,36): error TS7006: Parameter 'e' implicitly has an 'any' type.
src/pages/asset/alternative-assets/components/asset-details-sheet.tsx(438,20): error TS7031: Binding element 'field' implicitly has an 'any' type.
src/pages/asset/alternative-assets/components/asset-details-sheet.tsx(445,28): error TS7006: Parameter 'e' implicitly has an 'any' type.
src/pages/asset/alternative-assets/components/asset-details-sheet.tsx(456,20): error TS7031: Binding element 'field' implicitly has an 'any' type.
src/pages/asset/alternative-assets/components/asset-details-sheet.tsx(462,33): error TS7006: Parameter 'val' implicitly has an 'any' type.
src/pages/asset/alternative-assets/components/asset-details-sheet.tsx(482,20): error TS7031: Binding element 'field' implicitly has an 'any' type.
src/pages/asset/alternative-assets/components/asset-details-sheet.tsx(488,33): error TS7006: Parameter 'val' implicitly has an 'any' type.
src/pages/asset/alternative-assets/components/asset-details-sheet.tsx(502,20): error TS7031: Binding element 'field' implicitly has an 'any' type.
src/pages/asset/alternative-assets/components/asset-details-sheet.tsx(509,28): error TS7006: Parameter 'e' implicitly has an 'any' type.
src/pages/asset/alternative-assets/components/asset-details-sheet.tsx(526,20): error TS7031: Binding element 'field' implicitly has an 'any' type.
src/pages/asset/alternative-assets/components/asset-details-sheet.tsx(532,33): error TS7006: Parameter 'val' implicitly has an 'any' type.
src/pages/asset/alternative-assets/components/asset-details-sheet.tsx(546,20): error TS7031: Binding element 'field' implicitly has an 'any' type.
src/pages/asset/alternative-assets/components/asset-details-sheet.tsx(553,28): error TS7006: Parameter 'e' implicitly has an 'any' type.
src/pages/asset/alternative-assets/components/asset-details-sheet.tsx(574,20): error TS7031: Binding element 'field' implicitly has an 'any' type.
src/pages/asset/alternative-assets/components/asset-details-sheet.tsx(580,33): error TS7006: Parameter 'val' implicitly has an 'any' type.
src/pages/asset/alternative-assets/components/asset-details-sheet.tsx(595,22): error TS7031: Binding element 'field' implicitly has an 'any' type.
src/pages/asset/alternative-assets/components/asset-details-sheet.tsx(603,35): error TS7006: Parameter 'value' implicitly has an 'any' type.
src/pages/asset/alternative-assets/components/asset-details-sheet.tsx(615,22): error TS7031: Binding element 'field' implicitly has an 'any' type.
src/pages/asset/alternative-assets/components/asset-details-sheet.tsx(621,35): error TS7006: Parameter 'val' implicitly has an 'any' type.
src/pages/asset/alternative-assets/components/asset-details-sheet.tsx(636,20): error TS7031: Binding element 'field' implicitly has an 'any' type.
src/pages/asset/alternative-assets/components/asset-details-sheet.tsx(643,28): error TS7006: Parameter 'e' implicitly has an 'any' type.
src/pages/asset/alternative-assets/components/asset-details-sheet.tsx(668,20): error TS7031: Binding element 'field' implicitly has an 'any' type.
src/pages/asset/alternative-assets/components/asset-details-sheet.tsx(674,33): error TS7006: Parameter 'val' implicitly has an 'any' type.
src/pages/asset/alternative-assets/components/asset-details-sheet.tsx(689,22): error TS7031: Binding element 'field' implicitly has an 'any' type.
src/pages/asset/alternative-assets/components/asset-details-sheet.tsx(697,35): error TS7006: Parameter 'value' implicitly has an 'any' type.
src/pages/asset/alternative-assets/components/asset-details-sheet.tsx(709,22): error TS7031: Binding element 'field' implicitly has an 'any' type.
src/pages/asset/alternative-assets/components/asset-details-sheet.tsx(717,35): error TS7006: Parameter 'value' implicitly has an 'any' type.
src/pages/asset/alternative-assets/components/asset-details-sheet.tsx(731,20): error TS7031: Binding element 'field' implicitly has an 'any' type.
src/pages/asset/alternative-assets/components/asset-details-sheet.tsx(737,28): error TS7006: Parameter 'date' implicitly has an 'any' type.
src/pages/asset/alternative-assets/components/asset-details-sheet.tsx(749,20): error TS7031: Binding element 'field' implicitly has an 'any' type.
src/pages/asset/alternative-assets/components/asset-details-sheet.tsx(756,35): error TS7006: Parameter 'val' implicitly has an 'any' type.
src/pages/asset/alternative-assets/components/asset-details-sheet.tsx(786,18): error TS7031: Binding element 'field' implicitly has an 'any' type.
src/pages/asset/alternative-assets/components/asset-details-sheet.tsx(793,26): error TS7006: Parameter 'e' implicitly has an 'any' type.
src/pages/asset/alternative-assets/components/update-valuation-modal.tsx(11,8): error TS6305: Output file '/app/packages/ui/dist/src/components/ui/dialog.d.ts' has not been built from source file '/app/packages/ui/src/components/ui/dialog.tsx'.
src/pages/asset/alternative-assets/components/update-valuation-modal.tsx(19,8): error TS6305: Output file '/app/packages/ui/dist/src/components/ui/form.d.ts' has not been built from source file '/app/packages/ui/src/components/ui/form.tsx'.
src/pages/asset/alternative-assets/components/update-valuation-modal.tsx(20,24): error TS6305: Output file '/app/packages/ui/dist/src/components/ui/button.d.ts' has not been built from source file '/app/packages/ui/src/components/ui/button.tsx'.
src/pages/asset/alternative-assets/components/update-valuation-modal.tsx(21,26): error TS6305: Output file '/app/packages/ui/dist/src/components/ui/textarea.d.ts' has not been built from source file '/app/packages/ui/src/components/ui/textarea.tsx'.
src/pages/asset/alternative-assets/components/update-valuation-modal.tsx(22,23): error TS6305: Output file '/app/packages/ui/dist/src/components/ui/icons.d.ts' has not been built from source file '/app/packages/ui/src/components/ui/icons.tsx'.
src/pages/asset/alternative-assets/components/update-valuation-modal.tsx(23,45): error TS6305: Output file '/app/packages/ui/dist/src/index.d.ts' has not been built from source file '/app/packages/ui/src/index.ts'.
src/pages/asset/alternative-assets/components/update-valuation-modal.tsx(131,28): error TS7031: Binding element 'field' implicitly has an 'any' type.
src/pages/asset/alternative-assets/components/update-valuation-modal.tsx(152,28): error TS7031: Binding element 'field' implicitly has an 'any' type.
src/pages/asset/alternative-assets/components/update-valuation-modal.tsx(167,28): error TS7031: Binding element 'field' implicitly has an 'any' type.
src/pages/asset/alternative-assets/components/value-history-data-grid.tsx(1,54): error TS6305: Output file '/app/packages/ui/dist/src/index.d.ts' has not been built from source file '/app/packages/ui/src/index.ts'.
src/pages/asset/alternative-assets/components/value-history-data-grid.tsx(293,16): error TS7006: Parameter 'row' implicitly has an 'any' type.
src/pages/asset/alternative-assets/components/value-history-data-grid.tsx(314,32): error TS7006: Parameter 'row' implicitly has an 'any' type.
src/pages/asset/alternative-assets/components/value-history-toolbar.tsx(1,31): error TS6305: Output file '/app/packages/ui/dist/src/index.d.ts' has not been built from source file '/app/packages/ui/src/index.ts'.
src/pages/asset/alternative-assets/hooks/use-alternative-asset-mutations.ts(2,23): error TS6305: Output file '/app/packages/ui/dist/src/components/ui/use-toast.d.ts' has not been built from source file '/app/packages/ui/src/components/ui/use-toast.ts'.
src/pages/asset/asset-account-holdings.tsx(14,73): error TS6305: Output file '/app/packages/ui/dist/src/index.d.ts' has not been built from source file '/app/packages/ui/src/index.ts'.
src/pages/asset/asset-account-holdings.tsx(15,23): error TS6305: Output file '/app/packages/ui/dist/src/components/ui/badge.d.ts' has not been built from source file '/app/packages/ui/src/components/ui/badge.tsx'.
src/pages/asset/asset-account-holdings.tsx(16,24): error TS6305: Output file '/app/packages/ui/dist/src/components/ui/button.d.ts' has not been built from source file '/app/packages/ui/src/components/ui/button.tsx'.
src/pages/asset/asset-account-holdings.tsx(17,23): error TS6305: Output file '/app/packages/ui/dist/src/components/ui/icons.d.ts' has not been built from source file '/app/packages/ui/src/components/ui/icons.tsx'.
src/pages/asset/asset-account-holdings.tsx(25,8): error TS6305: Output file '/app/packages/ui/dist/src/components/ui/table.d.ts' has not been built from source file '/app/packages/ui/src/components/ui/table.tsx'.
src/pages/asset/asset-account-holdings.tsx(35,8): error TS6305: Output file '/app/packages/ui/dist/src/components/ui/alert-dialog.d.ts' has not been built from source file '/app/packages/ui/src/components/ui/alert-dialog.tsx'.
src/pages/asset/asset-account-holdings.tsx(36,62): error TS6305: Output file '/app/packages/ui/dist/src/components/ui/sheet.d.ts' has not been built from source file '/app/packages/ui/src/components/ui/sheet.tsx'.
src/pages/asset/asset-detail-card.tsx(3,58): error TS6305: Output file '/app/packages/ui/dist/src/components/ui/card.d.ts' has not been built from source file '/app/packages/ui/src/components/ui/card.tsx'.
src/pages/asset/asset-detail-card.tsx(4,27): error TS6305: Output file '/app/packages/ui/dist/src/components/ui/separator.d.ts' has not been built from source file '/app/packages/ui/src/components/ui/separator.tsx'.
src/pages/asset/asset-detail-card.tsx(5,31): error TS6305: Output file '/app/packages/ui/dist/src/index.d.ts' has not been built from source file '/app/packages/ui/src/index.ts'.
src/pages/asset/asset-detail-card.tsx(6,31): error TS6305: Output file '/app/packages/ui/dist/src/index.d.ts' has not been built from source file '/app/packages/ui/src/index.ts'.
src/pages/asset/asset-detail-card.tsx(7,33): error TS6305: Output file '/app/packages/ui/dist/src/index.d.ts' has not been built from source file '/app/packages/ui/src/index.ts'.
src/pages/asset/asset-edit-sheet.tsx(29,8): error TS6305: Output file '/app/packages/ui/dist/src/index.d.ts' has not been built from source file '/app/packages/ui/src/index.ts'.
src/pages/asset/asset-edit-sheet.tsx(30,23): error TS6305: Output file '/app/packages/ui/dist/src/components/ui/badge.d.ts' has not been built from source file '/app/packages/ui/src/components/ui/badge.tsx'.
src/pages/asset/asset-edit-sheet.tsx(31,24): error TS6305: Output file '/app/packages/ui/dist/src/components/ui/button.d.ts' has not been built from source file '/app/packages/ui/src/components/ui/button.tsx'.
src/pages/asset/asset-edit-sheet.tsx(39,8): error TS6305: Output file '/app/packages/ui/dist/src/components/ui/form.d.ts' has not been built from source file '/app/packages/ui/src/components/ui/form.tsx'.
src/pages/asset/asset-edit-sheet.tsx(40,23): error TS6305: Output file '/app/packages/ui/dist/src/components/ui/icons.d.ts' has not been built from source file '/app/packages/ui/src/components/ui/icons.tsx'.
src/pages/asset/asset-edit-sheet.tsx(41,23): error TS6305: Output file '/app/packages/ui/dist/src/components/ui/input.d.ts' has not been built from source file '/app/packages/ui/src/components/ui/input.tsx'.
src/pages/asset/asset-edit-sheet.tsx(50,8): error TS6305: Output file '/app/packages/ui/dist/src/components/ui/select.d.ts' has not been built from source file '/app/packages/ui/src/components/ui/select.tsx'.
src/pages/asset/asset-edit-sheet.tsx(51,26): error TS6305: Output file '/app/packages/ui/dist/src/components/ui/skeleton.d.ts' has not been built from source file '/app/packages/ui/src/components/ui/skeleton.tsx'.
src/pages/asset/asset-edit-sheet.tsx(52,58): error TS6305: Output file '/app/packages/ui/dist/src/components/ui/tabs.d.ts' has not been built from source file '/app/packages/ui/src/components/ui/tabs.tsx'.
src/pages/asset/asset-edit-sheet.tsx(53,26): error TS6305: Output file '/app/packages/ui/dist/src/components/ui/textarea.d.ts' has not been built from source file '/app/packages/ui/src/components/ui/textarea.tsx'.
src/pages/asset/asset-edit-sheet.tsx(57,23): error TS6305: Output file '/app/packages/ui/dist/src/components/ui/use-toast.d.ts' has not been built from source file '/app/packages/ui/src/components/ui/use-toast.ts'.
src/pages/asset/asset-edit-sheet.tsx(369,29): error TS7031: Binding element 'providerField' implicitly has an 'any' type.
src/pages/asset/asset-edit-sheet.tsx(389,29): error TS7031: Binding element 'symbolField' implicitly has an 'any' type.
src/pages/asset/asset-edit-sheet.tsx(663,27): error TS7006: Parameter 'v' implicitly has an 'any' type.
src/pages/asset/asset-edit-sheet.tsx(711,36): error TS7031: Binding element 'field' implicitly has an 'any' type.
src/pages/asset/asset-edit-sheet.tsx(725,36): error TS7031: Binding element 'field' implicitly has an 'any' type.
src/pages/asset/asset-edit-sheet.tsx(733,44): error TS7006: Parameter 'e' implicitly has an 'any' type.
src/pages/asset/asset-edit-sheet.tsx(744,36): error TS7031: Binding element 'field' implicitly has an 'any' type.
src/pages/asset/asset-edit-sheet.tsx(779,38): error TS7031: Binding element 'field' implicitly has an 'any' type.
src/pages/asset/asset-edit-sheet.tsx(801,36): error TS7031: Binding element 'field' implicitly has an 'any' type.
src/pages/asset/asset-edit-sheet.tsx(815,36): error TS7031: Binding element 'field' implicitly has an 'any' type.
src/pages/asset/asset-edit-sheet.tsx(823,44): error TS7006: Parameter 'e' implicitly has an 'any' type.
src/pages/asset/asset-edit-sheet.tsx(834,36): error TS7031: Binding element 'field' implicitly has an 'any' type.
src/pages/asset/asset-edit-sheet.tsx(854,38): error TS7031: Binding element 'field' implicitly has an 'any' type.
src/pages/asset/asset-edit-sheet.tsx(883,38): error TS7031: Binding element 'field' implicitly has an 'any' type.
src/pages/asset/asset-edit-sheet.tsx(1024,36): error TS7031: Binding element 'field' implicitly has an 'any' type.
src/pages/asset/asset-edit-sheet.tsx(1030,49): error TS7006: Parameter 'v' implicitly has an 'any' type.
src/pages/asset/asset-edit-sheet.tsx(1063,51): error TS7006: Parameter 'v' implicitly has an 'any' type.
src/pages/asset/asset-form.tsx(6,24): error TS6305: Output file '/app/packages/ui/dist/src/components/ui/button.d.ts' has not been built from source file '/app/packages/ui/src/components/ui/button.tsx'.
src/pages/asset/asset-form.tsx(14,8): error TS6305: Output file '/app/packages/ui/dist/src/components/ui/form.d.ts' has not been built from source file '/app/packages/ui/src/components/ui/form.tsx'.
src/pages/asset/asset-form.tsx(15,23): error TS6305: Output file '/app/packages/ui/dist/src/components/ui/icons.d.ts' has not been built from source file '/app/packages/ui/src/components/ui/icons.tsx'.
src/pages/asset/asset-form.tsx(16,23): error TS6305: Output file '/app/packages/ui/dist/src/components/ui/input.d.ts' has not been built from source file '/app/packages/ui/src/components/ui/input.tsx'.
src/pages/asset/asset-form.tsx(17,26): error TS6305: Output file '/app/packages/ui/dist/src/components/ui/textarea.d.ts' has not been built from source file '/app/packages/ui/src/components/ui/textarea.tsx'.
src/pages/asset/asset-form.tsx(19,63): error TS6305: Output file '/app/packages/ui/dist/src/index.d.ts' has not been built from source file '/app/packages/ui/src/index.ts'.
src/pages/asset/asset-form.tsx(88,24): error TS7031: Binding element 'field' implicitly has an 'any' type.
src/pages/asset/asset-form.tsx(101,24): error TS7031: Binding element 'field' implicitly has an 'any' type.
src/pages/asset/asset-form.tsx(114,24): error TS7031: Binding element 'field' implicitly has an 'any' type.
src/pages/asset/asset-form.tsx(127,24): error TS7031: Binding element 'field' implicitly has an 'any' type.
src/pages/asset/asset-form.tsx(177,24): error TS7031: Binding element 'field' implicitly has an 'any' type.
src/pages/asset/asset-history-card.tsx(19,8): error TS6305: Output file '/app/packages/ui/dist/src/index.d.ts' has not been built from source file '/app/packages/ui/src/index.ts'.
src/pages/asset/asset-lots-table.tsx(8,8): error TS6305: Output file '/app/packages/ui/dist/src/components/ui/table.d.ts' has not been built from source file '/app/packages/ui/src/components/ui/table.tsx'.
src/pages/asset/asset-lots-table.tsx(10,30): error TS6305: Output file '/app/packages/ui/dist/src/index.d.ts' has not been built from source file '/app/packages/ui/src/index.ts'.
src/pages/asset/asset-lots-table.tsx(12,35): error TS6305: Output file '/app/packages/ui/dist/src/components/ui/card.d.ts' has not been built from source file '/app/packages/ui/src/components/ui/card.tsx'.
src/pages/asset/asset-lots-table.tsx(13,28): error TS6305: Output file '/app/packages/ui/dist/src/index.d.ts' has not been built from source file '/app/packages/ui/src/index.ts'.
src/pages/asset/asset-lots-table.tsx(14,29): error TS6305: Output file '/app/packages/ui/dist/src/index.d.ts' has not been built from source file '/app/packages/ui/src/index.ts'.
src/pages/asset/asset-profile-page.tsx(16,82): error TS6305: Output file '/app/packages/ui/dist/src/index.d.ts' has not been built from source file '/app/packages/ui/src/index.ts'.
src/pages/asset/asset-profile-page.tsx(17,23): error TS6305: Output file '/app/packages/ui/dist/src/components/ui/badge.d.ts' has not been built from source file '/app/packages/ui/src/components/ui/badge.tsx'.
src/pages/asset/asset-profile-page.tsx(18,24): error TS6305: Output file '/app/packages/ui/dist/src/components/ui/button.d.ts' has not been built from source file '/app/packages/ui/src/components/ui/button.tsx'.
src/pages/asset/asset-profile-page.tsx(19,23): error TS6305: Output file '/app/packages/ui/dist/src/components/ui/icons.d.ts' has not been built from source file '/app/packages/ui/src/components/ui/icons.tsx'.
src/pages/asset/asset-profile-page.tsx(20,26): error TS6305: Output file '/app/packages/ui/dist/src/components/ui/skeleton.d.ts' has not been built from source file '/app/packages/ui/src/components/ui/skeleton.tsx'.
src/pages/asset/asset-profile-page.tsx(30,8): error TS6305: Output file '/app/packages/ui/dist/src/components/ui/alert-dialog.d.ts' has not been built from source file '/app/packages/ui/src/components/ui/alert-dialog.tsx'.
src/pages/asset/asset-profile-page.tsx(31,35): error TS6305: Output file '/app/packages/ui/dist/src/components/ui/tabs.d.ts' has not been built from source file '/app/packages/ui/src/components/ui/tabs.tsx'.
src/pages/asset/assets-page.tsx(3,27): error TS6305: Output file '/app/packages/ui/dist/src/index.d.ts' has not been built from source file '/app/packages/ui/src/index.ts'.
src/pages/asset/assets-page.tsx(13,8): error TS6305: Output file '/app/packages/ui/dist/src/components/ui/alert-dialog.d.ts' has not been built from source file '/app/packages/ui/src/components/ui/alert-dialog.tsx'.
src/pages/asset/assets-page.tsx(14,24): error TS6305: Output file '/app/packages/ui/dist/src/components/ui/button.d.ts' has not been built from source file '/app/packages/ui/src/components/ui/button.tsx'.
src/pages/asset/assets-page.tsx(15,23): error TS6305: Output file '/app/packages/ui/dist/src/components/ui/icons.d.ts' has not been built from source file '/app/packages/ui/src/components/ui/icons.tsx'.
src/pages/asset/assets-page.tsx(127,24): error TS7006: Parameter 'open' implicitly has an 'any' type.
src/pages/asset/assets-table-mobile.tsx(4,36): error TS6305: Output file '/app/packages/ui/dist/src/index.d.ts' has not been built from source file '/app/packages/ui/src/index.ts'.
src/pages/asset/assets-table-mobile.tsx(11,39): error TS6305: Output file '/app/packages/ui/dist/src/index.d.ts' has not been built from source file '/app/packages/ui/src/index.ts'.
src/pages/asset/assets-table-mobile.tsx(12,24): error TS6305: Output file '/app/packages/ui/dist/src/components/ui/button.d.ts' has not been built from source file '/app/packages/ui/src/components/ui/button.tsx'.
src/pages/asset/assets-table-mobile.tsx(19,8): error TS6305: Output file '/app/packages/ui/dist/src/components/ui/dropdown-menu.d.ts' has not been built from source file '/app/packages/ui/src/components/ui/dropdown-menu.tsx'.
src/pages/asset/assets-table-mobile.tsx(20,23): error TS6305: Output file '/app/packages/ui/dist/src/components/ui/icons.d.ts' has not been built from source file '/app/packages/ui/src/components/ui/icons.tsx'.
src/pages/asset/assets-table-mobile.tsx(28,8): error TS6305: Output file '/app/packages/ui/dist/src/components/ui/sheet.d.ts' has not been built from source file '/app/packages/ui/src/components/ui/sheet.tsx'.
src/pages/asset/assets-table-mobile.tsx(29,26): error TS6305: Output file '/app/packages/ui/dist/src/components/ui/skeleton.d.ts' has not been built from source file '/app/packages/ui/src/components/ui/skeleton.tsx'.
src/pages/asset/assets-table-mobile.tsx(30,57): error TS6305: Output file '/app/packages/ui/dist/src/components/ui/tooltip.d.ts' has not been built from source file '/app/packages/ui/src/components/ui/tooltip.tsx'.
src/pages/asset/assets-table-mobile.tsx(190,22): error TS7006: Parameter 'e' implicitly has an 'any' type.
src/pages/asset/assets-table.tsx(6,23): error TS6305: Output file '/app/packages/ui/dist/src/index.d.ts' has not been built from source file '/app/packages/ui/src/index.ts'.
src/pages/asset/assets-table.tsx(7,27): error TS6305: Output file '/app/packages/ui/dist/src/components/ui/data-table/index.d.ts' has not been built from source file '/app/packages/ui/src/components/ui/data-table/index.tsx'.
src/pages/asset/assets-table.tsx(8,39): error TS6305: Output file '/app/packages/ui/dist/src/components/ui/data-table/data-table-column-header.d.ts' has not been built from source file '/app/packages/ui/src/components/ui/data-table/data-table-column-header.tsx'.
src/pages/asset/assets-table.tsx(9,45): error TS6305: Output file '/app/packages/ui/dist/src/components/ui/data-table/data-table-faceted-filter.d.ts' has not been built from source file '/app/packages/ui/src/components/ui/data-table/data-table-faceted-filter.tsx'.
src/pages/asset/assets-table.tsx(16,8): error TS6305: Output file '/app/packages/ui/dist/src/components/ui/dropdown-menu.d.ts' has not been built from source file '/app/packages/ui/src/components/ui/dropdown-menu.tsx'.
src/pages/asset/assets-table.tsx(17,23): error TS6305: Output file '/app/packages/ui/dist/src/components/ui/icons.d.ts' has not been built from source file '/app/packages/ui/src/components/ui/icons.tsx'.
src/pages/asset/assets-table.tsx(18,26): error TS6305: Output file '/app/packages/ui/dist/src/components/ui/skeleton.d.ts' has not been built from source file '/app/packages/ui/src/components/ui/skeleton.tsx'.
src/pages/asset/assets-table.tsx(26,8): error TS6305: Output file '/app/packages/ui/dist/src/components/ui/table.d.ts' has not been built from source file '/app/packages/ui/src/components/ui/table.tsx'.
src/pages/asset/assets-table.tsx(27,57): error TS6305: Output file '/app/packages/ui/dist/src/components/ui/tooltip.d.ts' has not been built from source file '/app/packages/ui/src/components/ui/tooltip.tsx'.
src/pages/asset/create-security-dialog.tsx(7,49): error TS6305: Output file '/app/packages/ui/dist/src/index.d.ts' has not been built from source file '/app/packages/ui/src/index.ts'.
src/pages/asset/create-security-dialog.tsx(8,24): error TS6305: Output file '/app/packages/ui/dist/src/components/ui/button.d.ts' has not been built from source file '/app/packages/ui/src/components/ui/button.tsx'.
src/pages/asset/create-security-dialog.tsx(16,8): error TS6305: Output file '/app/packages/ui/dist/src/components/ui/dialog.d.ts' has not been built from source file '/app/packages/ui/src/components/ui/dialog.tsx'.
src/pages/asset/create-security-dialog.tsx(24,8): error TS6305: Output file '/app/packages/ui/dist/src/components/ui/form.d.ts' has not been built from source file '/app/packages/ui/src/components/ui/form.tsx'.
src/pages/asset/create-security-dialog.tsx(25,23): error TS6305: Output file '/app/packages/ui/dist/src/components/ui/icons.d.ts' has not been built from source file '/app/packages/ui/src/components/ui/icons.tsx'.
src/pages/asset/create-security-dialog.tsx(26,23): error TS6305: Output file '/app/packages/ui/dist/src/components/ui/input.d.ts' has not been built from source file '/app/packages/ui/src/components/ui/input.tsx'.
src/pages/asset/create-security-dialog.tsx(33,8): error TS6305: Output file '/app/packages/ui/dist/src/components/ui/select.d.ts' has not been built from source file '/app/packages/ui/src/components/ui/select.tsx'.
src/pages/asset/create-security-dialog.tsx(34,26): error TS6305: Output file '/app/packages/ui/dist/src/components/ui/textarea.d.ts' has not been built from source file '/app/packages/ui/src/components/ui/textarea.tsx'.
src/pages/asset/create-security-dialog.tsx(246,28): error TS7031: Binding element 'field' implicitly has an 'any' type.
src/pages/asset/create-security-dialog.tsx(253,36): error TS7006: Parameter 'e' implicitly has an 'any' type.
src/pages/asset/create-security-dialog.tsx(274,28): error TS7031: Binding element 'field' implicitly has an 'any' type.
src/pages/asset/create-security-dialog.tsx(300,26): error TS7031: Binding element 'field' implicitly has an 'any' type.
src/pages/asset/create-security-dialog.tsx(315,28): error TS7031: Binding element 'field' implicitly has an 'any' type.
src/pages/asset/create-security-dialog.tsx(335,28): error TS7031: Binding element 'field' implicitly has an 'any' type.
src/pages/asset/create-security-dialog.tsx(361,26): error TS7031: Binding element 'field' implicitly has an 'any' type.
src/pages/asset/create-security-dialog.tsx(383,26): error TS7031: Binding element 'field' implicitly has an 'any' type.
src/pages/asset/hooks/use-asset-management.ts(4,23): error TS6305: Output file '/app/packages/ui/dist/src/components/ui/use-toast.d.ts' has not been built from source file '/app/packages/ui/src/components/ui/use-toast.ts'.
src/pages/asset/hooks/use-asset-profile-mutations.ts(3,23): error TS6305: Output file '/app/packages/ui/dist/src/components/ui/use-toast.d.ts' has not been built from source file '/app/packages/ui/src/components/ui/use-toast.ts'.
src/pages/asset/hooks/use-quote-mutations.ts(2,23): error TS6305: Output file '/app/packages/ui/dist/src/components/ui/use-toast.d.ts' has not been built from source file '/app/packages/ui/src/components/ui/use-toast.ts'.
src/pages/asset/linked-liabilities-card.tsx(3,58): error TS6305: Output file '/app/packages/ui/dist/src/components/ui/card.d.ts' has not been built from source file '/app/packages/ui/src/components/ui/card.tsx'.
src/pages/asset/linked-liabilities-card.tsx(4,24): error TS6305: Output file '/app/packages/ui/dist/src/components/ui/button.d.ts' has not been built from source file '/app/packages/ui/src/components/ui/button.tsx'.
src/pages/asset/linked-liabilities-card.tsx(5,27): error TS6305: Output file '/app/packages/ui/dist/src/components/ui/separator.d.ts' has not been built from source file '/app/packages/ui/src/components/ui/separator.tsx'.
src/pages/asset/linked-liabilities-card.tsx(6,23): error TS6305: Output file '/app/packages/ui/dist/src/components/ui/icons.d.ts' has not been built from source file '/app/packages/ui/src/components/ui/icons.tsx'.
src/pages/asset/linked-liabilities-card.tsx(7,31): error TS6305: Output file '/app/packages/ui/dist/src/index.d.ts' has not been built from source file '/app/packages/ui/src/index.ts'.
src/pages/asset/quote-history-data-grid.tsx(9,8): error TS6305: Output file '/app/packages/ui/dist/src/index.d.ts' has not been built from source file '/app/packages/ui/src/index.ts'.
src/pages/asset/quote-history-data-grid.tsx(354,16): error TS7006: Parameter 'row' implicitly has an 'any' type.
src/pages/asset/quote-history-data-grid.tsx(375,32): error TS7006: Parameter 'row' implicitly has an 'any' type.
src/pages/asset/quote-history-data-grid.tsx(486,38): error TS7006: Parameter 'date' implicitly has an 'any' type.
src/pages/asset/quote-history-data-grid.tsx(499,40): error TS7006: Parameter 'e' implicitly has an 'any' type.
src/pages/asset/quote-history-data-grid.tsx(515,40): error TS7006: Parameter 'e' implicitly has an 'any' type.
src/pages/asset/quote-history-data-grid.tsx(531,40): error TS7006: Parameter 'e' implicitly has an 'any' type.
src/pages/asset/quote-history-data-grid.tsx(547,40): error TS7006: Parameter 'e' implicitly has an 'any' type.
src/pages/asset/quote-history-data-grid.tsx(562,40): error TS7006: Parameter 'e' implicitly has an 'any' type.
src/pages/asset/quote-history-data-grid.tsx(594,37): error TS7006: Parameter 'e' implicitly has an 'any' type.
src/pages/asset/quote-history-table.tsx(53,8): error TS6305: Output file '/app/packages/ui/dist/src/index.d.ts' has not been built from source file '/app/packages/ui/src/index.ts'.
src/pages/asset/quote-history-table.tsx(197,26): error TS7006: Parameter 'e' implicitly has an 'any' type.
src/pages/asset/quote-history-table.tsx(214,26): error TS7006: Parameter 'e' implicitly has an 'any' type.
src/pages/asset/quote-history-table.tsx(232,26): error TS7006: Parameter 'e' implicitly has an 'any' type.
src/pages/asset/quote-history-table.tsx(249,26): error TS7006: Parameter 'e' implicitly has an 'any' type.
src/pages/asset/quote-history-table.tsx(266,26): error TS7006: Parameter 'e' implicitly has an 'any' type.
src/pages/asset/quote-history-table.tsx(476,34): error TS7006: Parameter 'e' implicitly has an 'any' type.
src/pages/asset/quote-history-table.tsx(483,34): error TS7006: Parameter 'e' implicitly has an 'any' type.
src/pages/asset/quote-history-table.tsx(490,34): error TS7006: Parameter 'e' implicitly has an 'any' type.
src/pages/asset/quote-history-table.tsx(497,34): error TS7006: Parameter 'e' implicitly has an 'any' type.
src/pages/asset/quote-history-table.tsx(504,34): error TS7006: Parameter 'e' implicitly has an 'any' type.
src/pages/asset/quote-history-table.tsx(558,29): error TS7006: Parameter 'value' implicitly has an 'any' type.
src/pages/asset/quote-history-toolbar.tsx(11,8): error TS6305: Output file '/app/packages/ui/dist/src/index.d.ts' has not been built from source file '/app/packages/ui/src/index.ts'.
src/pages/asset/refresh-quotes-confirm-dialog.tsx(10,8): error TS6305: Output file '/app/packages/ui/dist/src/components/ui/alert-dialog.d.ts' has not been built from source file '/app/packages/ui/src/components/ui/alert-dialog.tsx'.
src/pages/auth/login-page.tsx(13,8): error TS6305: Output file '/app/packages/ui/dist/src/index.d.ts' has not been built from source file '/app/packages/ui/src/index.ts'.
src/pages/auth/login-page.tsx(59,30): error TS7006: Parameter 'event' implicitly has an 'any' type.
src/pages/dashboard/accounts-summary.tsx(10,56): error TS6305: Output file '/app/packages/ui/dist/src/index.d.ts' has not been built from source file '/app/packages/ui/src/index.ts'.
src/pages/dashboard/accounts-summary.tsx(11,24): error TS6305: Output file '/app/packages/ui/dist/src/components/ui/button.d.ts' has not been built from source file '/app/packages/ui/src/components/ui/button.tsx'.
src/pages/dashboard/accounts-summary.tsx(12,23): error TS6305: Output file '/app/packages/ui/dist/src/components/ui/icons.d.ts' has not been built from source file '/app/packages/ui/src/components/ui/icons.tsx'.
src/pages/dashboard/accounts-summary.tsx(13,27): error TS6305: Output file '/app/packages/ui/dist/src/components/ui/separator.d.ts' has not been built from source file '/app/packages/ui/src/components/ui/separator.tsx'.
src/pages/dashboard/accounts-summary.tsx(14,26): error TS6305: Output file '/app/packages/ui/dist/src/components/ui/skeleton.d.ts' has not been built from source file '/app/packages/ui/src/components/ui/skeleton.tsx'.
src/pages/dashboard/accounts-summary.tsx(15,57): error TS6305: Output file '/app/packages/ui/dist/src/components/ui/tooltip.d.ts' has not been built from source file '/app/packages/ui/src/components/ui/tooltip.tsx'.
src/pages/dashboard/balance.tsx(1,26): error TS6305: Output file '/app/packages/ui/dist/src/components/ui/skeleton.d.ts' has not been built from source file '/app/packages/ui/src/components/ui/skeleton.tsx'.
src/pages/dashboard/dashboard-actions.tsx(14,24): error TS6305: Output file '/app/packages/ui/dist/src/components/ui/button.d.ts' has not been built from source file '/app/packages/ui/src/components/ui/button.tsx'.
src/pages/dashboard/dashboard-actions.tsx(15,23): error TS6305: Output file '/app/packages/ui/dist/src/components/ui/icons.d.ts' has not been built from source file '/app/packages/ui/src/components/ui/icons.tsx'.
src/pages/dashboard/dashboard-content.tsx(15,49): error TS6305: Output file '/app/packages/ui/dist/src/index.d.ts' has not been built from source file '/app/packages/ui/src/index.ts'.
src/pages/dashboard/dashboard-content.tsx(22,8): error TS6305: Output file '/app/packages/ui/dist/src/index.d.ts' has not been built from source file '/app/packages/ui/src/index.ts'.
src/pages/dashboard/dashboard-content.tsx(23,26): error TS6305: Output file '/app/packages/ui/dist/src/components/ui/skeleton.d.ts' has not been built from source file '/app/packages/ui/src/components/ui/skeleton.tsx'.
src/pages/dashboard/goals.tsx(3,35): error TS6305: Output file '/app/packages/ui/dist/src/components/ui/card.d.ts' has not been built from source file '/app/packages/ui/src/components/ui/card.tsx'.
src/pages/dashboard/goals.tsx(4,23): error TS6305: Output file '/app/packages/ui/dist/src/components/ui/icons.d.ts' has not been built from source file '/app/packages/ui/src/components/ui/icons.tsx'.
src/pages/dashboard/goals.tsx(5,26): error TS6305: Output file '/app/packages/ui/dist/src/components/ui/skeleton.d.ts' has not been built from source file '/app/packages/ui/src/components/ui/skeleton.tsx'.
src/pages/dashboard/goals.tsx(10,41): error TS6305: Output file '/app/packages/ui/dist/src/index.d.ts' has not been built from source file '/app/packages/ui/src/index.ts'.
src/pages/dashboard/portfolio-page.tsx(8,31): error TS6305: Output file '/app/packages/ui/dist/src/index.d.ts' has not been built from source file '/app/packages/ui/src/index.ts'.
src/pages/dashboard/portfolio-page.tsx(9,47): error TS6305: Output file '/app/packages/ui/dist/src/components/ui/card.d.ts' has not been built from source file '/app/packages/ui/src/components/ui/card.tsx'.
src/pages/dashboard/portfolio-page.tsx(10,26): error TS6305: Output file '/app/packages/ui/dist/src/components/ui/skeleton.d.ts' has not been built from source file '/app/packages/ui/src/components/ui/skeleton.tsx'.
src/pages/dashboard/portfolio-update-trigger.tsx(6,8): error TS6305: Output file '/app/packages/ui/dist/src/components/ui/hover-card.d.ts' has not been built from source file '/app/packages/ui/src/components/ui/hover-card.tsx'.
src/pages/dashboard/portfolio-update-trigger.tsx(7,24): error TS6305: Output file '/app/packages/ui/dist/src/components/ui/button.d.ts' has not been built from source file '/app/packages/ui/src/components/ui/button.tsx'.
src/pages/dashboard/portfolio-update-trigger.tsx(8,23): error TS6305: Output file '/app/packages/ui/dist/src/components/ui/badge.d.ts' has not been built from source file '/app/packages/ui/src/components/ui/badge.tsx'.
src/pages/dashboard/portfolio-update-trigger.tsx(9,23): error TS6305: Output file '/app/packages/ui/dist/src/components/ui/icons.d.ts' has not been built from source file '/app/packages/ui/src/components/ui/icons.tsx'.
src/pages/dashboard/top-holdings.tsx(3,58): error TS6305: Output file '/app/packages/ui/dist/src/components/ui/card.d.ts' has not been built from source file '/app/packages/ui/src/components/ui/card.tsx'.
src/pages/dashboard/top-holdings.tsx(4,26): error TS6305: Output file '/app/packages/ui/dist/src/components/ui/skeleton.d.ts' has not been built from source file '/app/packages/ui/src/components/ui/skeleton.tsx'.
src/pages/dashboard/top-holdings.tsx(16,8): error TS6305: Output file '/app/packages/ui/dist/src/index.d.ts' has not been built from source file '/app/packages/ui/src/index.ts'.
src/pages/dashboard/top-holdings.tsx(17,57): error TS6305: Output file '/app/packages/ui/dist/src/components/ui/popover.d.ts' has not been built from source file '/app/packages/ui/src/components/ui/popover.tsx'.
src/pages/health/components/issue-detail-sheet.tsx(12,8): error TS6305: Output file '/app/packages/ui/dist/src/index.d.ts' has not been built from source file '/app/packages/ui/src/index.ts'.
src/pages/health/components/issue-detail-sheet.tsx(13,20): error TS6305: Output file '/app/packages/ui/dist/src/lib/utils.d.ts' has not been built from source file '/app/packages/ui/src/lib/utils.ts'.
src/pages/health/health-page.tsx(19,8): error TS6305: Output file '/app/packages/ui/dist/src/index.d.ts' has not been built from source file '/app/packages/ui/src/index.ts'.
src/pages/health/health-page.tsx(20,20): error TS6305: Output file '/app/packages/ui/dist/src/lib/utils.d.ts' has not been built from source file '/app/packages/ui/src/lib/utils.ts'.
src/pages/holdings/components/allocation-detail-sheet.tsx(1,24): error TS6305: Output file '/app/packages/ui/dist/src/components/ui/button.d.ts' has not been built from source file '/app/packages/ui/src/components/ui/button.tsx'.
src/pages/holdings/components/allocation-detail-sheet.tsx(9,8): error TS6305: Output file '/app/packages/ui/dist/src/components/ui/sheet.d.ts' has not been built from source file '/app/packages/ui/src/components/ui/sheet.tsx'.
src/pages/holdings/components/allocation-detail-sheet.tsx(10,41): error TS6305: Output file '/app/packages/ui/dist/src/index.d.ts' has not been built from source file '/app/packages/ui/src/index.ts'.
src/pages/holdings/components/allocation-detail-sheet.tsx(11,23): error TS6305: Output file '/app/packages/ui/dist/src/components/ui/icons.d.ts' has not been built from source file '/app/packages/ui/src/components/ui/icons.tsx'.
src/pages/holdings/components/alternative-holdings-list-mobile.tsx(4,55): error TS6305: Output file '/app/packages/ui/dist/src/index.d.ts' has not been built from source file '/app/packages/ui/src/index.ts'.
src/pages/holdings/components/alternative-holdings-list-mobile.tsx(5,22): error TS6305: Output file '/app/packages/ui/dist/src/components/ui/card.d.ts' has not been built from source file '/app/packages/ui/src/components/ui/card.tsx'.
src/pages/holdings/components/alternative-holdings-list-mobile.tsx(6,23): error TS6305: Output file '/app/packages/ui/dist/src/components/ui/icons.d.ts' has not been built from source file '/app/packages/ui/src/components/ui/icons.tsx'.
src/pages/holdings/components/alternative-holdings-list-mobile.tsx(7,26): error TS6305: Output file '/app/packages/ui/dist/src/components/ui/skeleton.d.ts' has not been built from source file '/app/packages/ui/src/components/ui/skeleton.tsx'.
src/pages/holdings/components/alternative-holdings-table.tsx(1,27): error TS6305: Output file '/app/packages/ui/dist/src/components/ui/data-table/index.d.ts' has not been built from source file '/app/packages/ui/src/components/ui/data-table/index.tsx'.
src/pages/holdings/components/alternative-holdings-table.tsx(2,39): error TS6305: Output file '/app/packages/ui/dist/src/components/ui/data-table/data-table-column-header.d.ts' has not been built from source file '/app/packages/ui/src/components/ui/data-table/data-table-column-header.tsx'.
src/pages/holdings/components/alternative-holdings-table.tsx(9,8): error TS6305: Output file '/app/packages/ui/dist/src/components/ui/dropdown-menu.d.ts' has not been built from source file '/app/packages/ui/src/components/ui/dropdown-menu.tsx'.
src/pages/holdings/components/alternative-holdings-table.tsx(19,8): error TS6305: Output file '/app/packages/ui/dist/src/components/ui/alert-dialog.d.ts' has not been built from source file '/app/packages/ui/src/components/ui/alert-dialog.tsx'.
src/pages/holdings/components/alternative-holdings-table.tsx(20,23): error TS6305: Output file '/app/packages/ui/dist/src/components/ui/icons.d.ts' has not been built from source file '/app/packages/ui/src/components/ui/icons.tsx'.
src/pages/holdings/components/alternative-holdings-table.tsx(21,26): error TS6305: Output file '/app/packages/ui/dist/src/components/ui/skeleton.d.ts' has not been built from source file '/app/packages/ui/src/components/ui/skeleton.tsx'.
src/pages/holdings/components/alternative-holdings-table.tsx(22,62): error TS6305: Output file '/app/packages/ui/dist/src/index.d.ts' has not been built from source file '/app/packages/ui/src/index.ts'.
src/pages/holdings/components/alternative-holdings-table.tsx(296,24): error TS7006: Parameter 'open' implicitly has an 'any' type.
src/pages/holdings/components/cash-holdings-widget.tsx(1,22): error TS6305: Output file '/app/packages/ui/dist/src/components/ui/card.d.ts' has not been built from source file '/app/packages/ui/src/components/ui/card.tsx'.
src/pages/holdings/components/cash-holdings-widget.tsx(2,26): error TS6305: Output file '/app/packages/ui/dist/src/components/ui/skeleton.d.ts' has not been built from source file '/app/packages/ui/src/components/ui/skeleton.tsx'.
src/pages/holdings/components/cash-holdings-widget.tsx(7,31): error TS6305: Output file '/app/packages/ui/dist/src/index.d.ts' has not been built from source file '/app/packages/ui/src/index.ts'.
src/pages/holdings/components/compact-allocation-strip.tsx(2,46): error TS6305: Output file '/app/packages/ui/dist/src/index.d.ts' has not been built from source file '/app/packages/ui/src/index.ts'.
src/pages/holdings/components/compact-allocation-strip.tsx(3,22): error TS6305: Output file '/app/packages/ui/dist/src/components/ui/card.d.ts' has not been built from source file '/app/packages/ui/src/components/ui/card.tsx'.
src/pages/holdings/components/compact-allocation-strip.tsx(9,8): error TS6305: Output file '/app/packages/ui/dist/src/components/ui/tooltip.d.ts' has not been built from source file '/app/packages/ui/src/components/ui/tooltip.tsx'.
src/pages/holdings/components/composition-chart.tsx(5,66): error TS6305: Output file '/app/packages/ui/dist/src/index.d.ts' has not been built from source file '/app/packages/ui/src/index.ts'.
src/pages/holdings/components/composition-chart.tsx(6,24): error TS6305: Output file '/app/packages/ui/dist/src/components/ui/button.d.ts' has not been built from source file '/app/packages/ui/src/components/ui/button.tsx'.
src/pages/holdings/components/composition-chart.tsx(7,58): error TS6305: Output file '/app/packages/ui/dist/src/components/ui/card.d.ts' has not been built from source file '/app/packages/ui/src/components/ui/card.tsx'.
src/pages/holdings/components/composition-chart.tsx(8,34): error TS6305: Output file '/app/packages/ui/dist/src/components/ui/empty-placeholder.d.ts' has not been built from source file '/app/packages/ui/src/components/ui/empty-placeholder.tsx'.
src/pages/holdings/components/composition-chart.tsx(9,23): error TS6305: Output file '/app/packages/ui/dist/src/components/ui/icons.d.ts' has not been built from source file '/app/packages/ui/src/components/ui/icons.tsx'.
src/pages/holdings/components/composition-chart.tsx(10,26): error TS6305: Output file '/app/packages/ui/dist/src/components/ui/skeleton.d.ts' has not been built from source file '/app/packages/ui/src/components/ui/skeleton.tsx'.
src/pages/holdings/components/composition-chart.tsx(11,57): error TS6305: Output file '/app/packages/ui/dist/src/components/ui/tooltip.d.ts' has not been built from source file '/app/packages/ui/src/components/ui/tooltip.tsx'.
src/pages/holdings/components/currency-chart.tsx(1,35): error TS6305: Output file '/app/packages/ui/dist/src/components/ui/card.d.ts' has not been built from source file '/app/packages/ui/src/components/ui/card.tsx'.
src/pages/holdings/components/currency-chart.tsx(2,26): error TS6305: Output file '/app/packages/ui/dist/src/components/ui/skeleton.d.ts' has not been built from source file '/app/packages/ui/src/components/ui/skeleton.tsx'.
src/pages/holdings/components/currency-chart.tsx(5,46): error TS6305: Output file '/app/packages/ui/dist/src/index.d.ts' has not been built from source file '/app/packages/ui/src/index.ts'.
src/pages/holdings/components/drillable-account-chart.tsx(17,8): error TS6305: Output file '/app/packages/ui/dist/src/index.d.ts' has not been built from source file '/app/packages/ui/src/index.ts'.
src/pages/holdings/components/drillable-donut-chart.tsx(12,8): error TS6305: Output file '/app/packages/ui/dist/src/index.d.ts' has not been built from source file '/app/packages/ui/src/index.ts'.
src/pages/holdings/components/holdings-edit-mode.tsx(3,24): error TS6305: Output file '/app/packages/ui/dist/src/components/ui/button.d.ts' has not been built from source file '/app/packages/ui/src/components/ui/button.tsx'.
src/pages/holdings/components/holdings-edit-mode.tsx(4,35): error TS6305: Output file '/app/packages/ui/dist/src/components/ui/card.d.ts' has not been built from source file '/app/packages/ui/src/components/ui/card.tsx'.
src/pages/holdings/components/holdings-edit-mode.tsx(5,23): error TS6305: Output file '/app/packages/ui/dist/src/components/ui/icons.d.ts' has not been built from source file '/app/packages/ui/src/components/ui/icons.tsx'.
src/pages/holdings/components/holdings-edit-mode.tsx(6,23): error TS6305: Output file '/app/packages/ui/dist/src/components/ui/label.d.ts' has not been built from source file '/app/packages/ui/src/components/ui/label.tsx'.
src/pages/holdings/components/holdings-edit-mode.tsx(7,26): error TS6305: Output file '/app/packages/ui/dist/src/components/ui/skeleton.d.ts' has not been built from source file '/app/packages/ui/src/components/ui/skeleton.tsx'.
src/pages/holdings/components/holdings-edit-mode.tsx(8,75): error TS6305: Output file '/app/packages/ui/dist/src/index.d.ts' has not been built from source file '/app/packages/ui/src/index.ts'.
src/pages/holdings/components/holdings-edit-mode.tsx(18,8): error TS6305: Output file '/app/packages/ui/dist/src/components/ui/alert-dialog.d.ts' has not been built from source file '/app/packages/ui/src/components/ui/alert-dialog.tsx'.
src/pages/holdings/components/holdings-edit-mode.tsx(19,28): error TS6305: Output file '/app/packages/ui/dist/src/components/ui/scroll-area.d.ts' has not been built from source file '/app/packages/ui/src/components/ui/scroll-area.tsx'.
src/pages/holdings/components/holdings-edit-mode.tsx(412,30): error TS7006: Parameter 'date' implicitly has an 'any' type.
src/pages/holdings/components/holdings-edit-mode.tsx(458,35): error TS7006: Parameter 'el' implicitly has an 'any' type.
src/pages/holdings/components/holdings-edit-mode.tsx(462,45): error TS7006: Parameter 'value' implicitly has an 'any' type.
src/pages/holdings/components/holdings-edit-mode.tsx(472,45): error TS7006: Parameter 'value' implicitly has an 'any' type.
src/pages/holdings/components/holdings-edit-mode.tsx(598,33): error TS7006: Parameter 'el' implicitly has an 'any' type.
src/pages/holdings/components/holdings-edit-mode.tsx(602,43): error TS7006: Parameter 'value' implicitly has an 'any' type.
src/pages/holdings/components/holdings-edit-mode.tsx(633,40): error TS7006: Parameter 'open' implicitly has an 'any' type.
src/pages/holdings/components/holdings-grouped-table.tsx(1,24): error TS6305: Output file '/app/packages/ui/dist/src/components/ui/button.d.ts' has not been built from source file '/app/packages/ui/src/components/ui/button.tsx'.
src/pages/holdings/components/holdings-grouped-table.tsx(2,23): error TS6305: Output file '/app/packages/ui/dist/src/components/ui/icons.d.ts' has not been built from source file '/app/packages/ui/src/components/ui/icons.tsx'.
src/pages/holdings/components/holdings-grouped-table.tsx(3,23): error TS6305: Output file '/app/packages/ui/dist/src/components/ui/badge.d.ts' has not been built from source file '/app/packages/ui/src/components/ui/badge.tsx'.
src/pages/holdings/components/holdings-grouped-table.tsx(8,8): error TS6305: Output file '/app/packages/ui/dist/src/components/ui/collapsible.d.ts' has not been built from source file '/app/packages/ui/src/components/ui/collapsible.tsx'.
src/pages/holdings/components/holdings-grouped-table.tsx(9,61): error TS6305: Output file '/app/packages/ui/dist/src/index.d.ts' has not been built from source file '/app/packages/ui/src/index.ts'.
src/pages/holdings/components/holdings-mobile-filter-sheet.tsx(1,24): error TS6305: Output file '/app/packages/ui/dist/src/components/ui/button.d.ts' has not been built from source file '/app/packages/ui/src/components/ui/button.tsx'.
src/pages/holdings/components/holdings-mobile-filter-sheet.tsx(2,23): error TS6305: Output file '/app/packages/ui/dist/src/components/ui/icons.d.ts' has not been built from source file '/app/packages/ui/src/components/ui/icons.tsx'.
src/pages/holdings/components/holdings-mobile-filter-sheet.tsx(10,8): error TS6305: Output file '/app/packages/ui/dist/src/components/ui/sheet.d.ts' has not been built from source file '/app/packages/ui/src/components/ui/sheet.tsx'.
src/pages/holdings/components/holdings-mobile-filter-sheet.tsx(15,60): error TS6305: Output file '/app/packages/ui/dist/src/index.d.ts' has not been built from source file '/app/packages/ui/src/index.ts'.
src/pages/holdings/components/holdings-mobile-filter-sheet.tsx(92,35): error TS7006: Parameter 'value' implicitly has an 'any' type.
src/pages/holdings/components/holdings-summary-bar.tsx(1,31): error TS6305: Output file '/app/packages/ui/dist/src/index.d.ts' has not been built from source file '/app/packages/ui/src/index.ts'.
src/pages/holdings/components/holdings-table-mobile.tsx(7,62): error TS6305: Output file '/app/packages/ui/dist/src/index.d.ts' has not been built from source file '/app/packages/ui/src/index.ts'.
src/pages/holdings/components/holdings-table-mobile.tsx(8,24): error TS6305: Output file '/app/packages/ui/dist/src/components/ui/button.d.ts' has not been built from source file '/app/packages/ui/src/components/ui/button.tsx'.
src/pages/holdings/components/holdings-table-mobile.tsx(9,22): error TS6305: Output file '/app/packages/ui/dist/src/components/ui/card.d.ts' has not been built from source file '/app/packages/ui/src/components/ui/card.tsx'.
src/pages/holdings/components/holdings-table-mobile.tsx(10,23): error TS6305: Output file '/app/packages/ui/dist/src/components/ui/icons.d.ts' has not been built from source file '/app/packages/ui/src/components/ui/icons.tsx'.
src/pages/holdings/components/holdings-table-mobile.tsx(11,26): error TS6305: Output file '/app/packages/ui/dist/src/components/ui/skeleton.d.ts' has not been built from source file '/app/packages/ui/src/components/ui/skeleton.tsx'.
src/pages/holdings/components/holdings-table-mobile.tsx(142,26): error TS7006: Parameter 'e' implicitly has an 'any' type.
src/pages/holdings/components/holdings-table.tsx(1,24): error TS6305: Output file '/app/packages/ui/dist/src/components/ui/button.d.ts' has not been built from source file '/app/packages/ui/src/components/ui/button.tsx'.
src/pages/holdings/components/holdings-table.tsx(2,27): error TS6305: Output file '/app/packages/ui/dist/src/components/ui/data-table/index.d.ts' has not been built from source file '/app/packages/ui/src/components/ui/data-table/index.tsx'.
src/pages/holdings/components/holdings-table.tsx(3,39): error TS6305: Output file '/app/packages/ui/dist/src/components/ui/data-table/data-table-column-header.d.ts' has not been built from source file '/app/packages/ui/src/components/ui/data-table/data-table-column-header.tsx'.
src/pages/holdings/components/holdings-table.tsx(9,8): error TS6305: Output file '/app/packages/ui/dist/src/components/ui/dropdown-menu.d.ts' has not been built from source file '/app/packages/ui/src/components/ui/dropdown-menu.tsx'.
src/pages/holdings/components/holdings-table.tsx(10,23): error TS6305: Output file '/app/packages/ui/dist/src/components/ui/icons.d.ts' has not been built from source file '/app/packages/ui/src/components/ui/icons.tsx'.
src/pages/holdings/components/holdings-table.tsx(14,36): error TS6305: Output file '/app/packages/ui/dist/src/index.d.ts' has not been built from source file '/app/packages/ui/src/index.ts'.
src/pages/holdings/components/holdings-table.tsx(17,26): error TS6305: Output file '/app/packages/ui/dist/src/components/ui/skeleton.d.ts' has not been built from source file '/app/packages/ui/src/components/ui/skeleton.tsx'.
src/pages/holdings/components/holdings-table.tsx(18,57): error TS6305: Output file '/app/packages/ui/dist/src/components/ui/tooltip.d.ts' has not been built from source file '/app/packages/ui/src/components/ui/tooltip.tsx'.
src/pages/holdings/components/holdings-table.tsx(22,48): error TS6305: Output file '/app/packages/ui/dist/src/index.d.ts' has not been built from source file '/app/packages/ui/src/index.ts'.
src/pages/holdings/components/holdings-table.tsx(27,37): error TS6305: Output file '/app/packages/ui/dist/src/index.d.ts' has not been built from source file '/app/packages/ui/src/index.ts'.
src/pages/holdings/components/holdings-table.tsx(135,33): error TS7006: Parameter 'value' implicitly has an 'any' type.
src/pages/holdings/components/net-worth-widget.tsx(1,22): error TS6305: Output file '/app/packages/ui/dist/src/components/ui/card.d.ts' has not been built from source file '/app/packages/ui/src/components/ui/card.tsx'.
src/pages/holdings/components/net-worth-widget.tsx(6,8): error TS6305: Output file '/app/packages/ui/dist/src/components/ui/collapsible.d.ts' has not been built from source file '/app/packages/ui/src/components/ui/collapsible.tsx'.
src/pages/holdings/components/net-worth-widget.tsx(7,23): error TS6305: Output file '/app/packages/ui/dist/src/components/ui/icons.d.ts' has not been built from source file '/app/packages/ui/src/components/ui/icons.tsx'.
src/pages/holdings/components/net-worth-widget.tsx(8,26): error TS6305: Output file '/app/packages/ui/dist/src/components/ui/skeleton.d.ts' has not been built from source file '/app/packages/ui/src/components/ui/skeleton.tsx'.
src/pages/holdings/components/net-worth-widget.tsx(14,8): error TS6305: Output file '/app/packages/ui/dist/src/components/ui/tooltip.d.ts' has not been built from source file '/app/packages/ui/src/components/ui/tooltip.tsx'.
src/pages/holdings/components/net-worth-widget.tsx(15,31): error TS6305: Output file '/app/packages/ui/dist/src/index.d.ts' has not been built from source file '/app/packages/ui/src/index.ts'.
src/pages/holdings/components/sectors-chart.tsx(1,58): error TS6305: Output file '/app/packages/ui/dist/src/components/ui/card.d.ts' has not been built from source file '/app/packages/ui/src/components/ui/card.tsx'.
src/pages/holdings/components/sectors-chart.tsx(2,34): error TS6305: Output file '/app/packages/ui/dist/src/components/ui/empty-placeholder.d.ts' has not been built from source file '/app/packages/ui/src/components/ui/empty-placeholder.tsx'.
src/pages/holdings/components/sectors-chart.tsx(3,23): error TS6305: Output file '/app/packages/ui/dist/src/components/ui/icons.d.ts' has not been built from source file '/app/packages/ui/src/components/ui/icons.tsx'.
src/pages/holdings/components/sectors-chart.tsx(4,26): error TS6305: Output file '/app/packages/ui/dist/src/components/ui/skeleton.d.ts' has not been built from source file '/app/packages/ui/src/components/ui/skeleton.tsx'.
src/pages/holdings/components/sectors-chart.tsx(10,8): error TS6305: Output file '/app/packages/ui/dist/src/components/ui/tooltip.d.ts' has not been built from source file '/app/packages/ui/src/components/ui/tooltip.tsx'.
src/pages/holdings/components/sectors-chart.tsx(12,46): error TS6305: Output file '/app/packages/ui/dist/src/index.d.ts' has not been built from source file '/app/packages/ui/src/index.ts'.
src/pages/holdings/components/segmented-allocation-bar.tsx(1,58): error TS6305: Output file '/app/packages/ui/dist/src/components/ui/card.d.ts' has not been built from source file '/app/packages/ui/src/components/ui/card.tsx'.
src/pages/holdings/components/segmented-allocation-bar.tsx(2,34): error TS6305: Output file '/app/packages/ui/dist/src/components/ui/empty-placeholder.d.ts' has not been built from source file '/app/packages/ui/src/components/ui/empty-placeholder.tsx'.
src/pages/holdings/components/segmented-allocation-bar.tsx(3,23): error TS6305: Output file '/app/packages/ui/dist/src/components/ui/icons.d.ts' has not been built from source file '/app/packages/ui/src/components/ui/icons.tsx'.
src/pages/holdings/components/segmented-allocation-bar.tsx(4,26): error TS6305: Output file '/app/packages/ui/dist/src/components/ui/skeleton.d.ts' has not been built from source file '/app/packages/ui/src/components/ui/skeleton.tsx'.
src/pages/holdings/components/segmented-allocation-bar.tsx(10,8): error TS6305: Output file '/app/packages/ui/dist/src/components/ui/tooltip.d.ts' has not been built from source file '/app/packages/ui/src/components/ui/tooltip.tsx'.
src/pages/holdings/components/segmented-allocation-bar.tsx(12,46): error TS6305: Output file '/app/packages/ui/dist/src/index.d.ts' has not been built from source file '/app/packages/ui/src/index.ts'.
src/pages/holdings/holdings-insights-page.tsx(1,34): error TS6305: Output file '/app/packages/ui/dist/src/index.d.ts' has not been built from source file '/app/packages/ui/src/index.ts'.
src/pages/holdings/holdings-insights-page.tsx(2,24): error TS6305: Output file '/app/packages/ui/dist/src/components/ui/button.d.ts' has not been built from source file '/app/packages/ui/src/components/ui/button.tsx'.
src/pages/holdings/holdings-insights-page.tsx(3,23): error TS6305: Output file '/app/packages/ui/dist/src/components/ui/icons.d.ts' has not been built from source file '/app/packages/ui/src/components/ui/icons.tsx'.
src/pages/holdings/holdings-page.tsx(1,24): error TS6305: Output file '/app/packages/ui/dist/src/components/ui/button.d.ts' has not been built from source file '/app/packages/ui/src/components/ui/button.tsx'.
src/pages/holdings/holdings-page.tsx(2,23): error TS6305: Output file '/app/packages/ui/dist/src/components/ui/icons.d.ts' has not been built from source file '/app/packages/ui/src/components/ui/icons.tsx'.
src/pages/holdings/holdings-page.tsx(3,34): error TS6305: Output file '/app/packages/ui/dist/src/index.d.ts' has not been built from source file '/app/packages/ui/src/index.ts'.
src/pages/income/income-history-chart.tsx(3,51): error TS6305: Output file '/app/packages/ui/dist/src/index.d.ts' has not been built from source file '/app/packages/ui/src/index.ts'.
src/pages/income/income-history-chart.tsx(10,8): error TS6305: Output file '/app/packages/ui/dist/src/components/ui/card.d.ts' has not been built from source file '/app/packages/ui/src/components/ui/card.tsx'.
src/pages/income/income-history-chart.tsx(17,8): error TS6305: Output file '/app/packages/ui/dist/src/components/ui/chart.d.ts' has not been built from source file '/app/packages/ui/src/components/ui/chart.tsx'.
src/pages/income/income-history-chart.tsx(18,34): error TS6305: Output file '/app/packages/ui/dist/src/components/ui/empty-placeholder.d.ts' has not been built from source file '/app/packages/ui/src/components/ui/empty-placeholder.tsx'.
src/pages/income/income-history-chart.tsx(19,23): error TS6305: Output file '/app/packages/ui/dist/src/components/ui/icons.d.ts' has not been built from source file '/app/packages/ui/src/components/ui/icons.tsx'.
src/pages/income/income-history-chart.tsx(237,33): error TS7006: Parameter 'value' implicitly has an 'any' type.
src/pages/income/income-history-chart.tsx(237,40): error TS7006: Parameter 'name' implicitly has an 'any' type.
src/pages/income/income-history-chart.tsx(237,46): error TS7006: Parameter 'entry' implicitly has an 'any' type.
src/pages/income/income-history-chart.tsx(320,33): error TS7006: Parameter 'value' implicitly has an 'any' type.
src/pages/income/income-history-chart.tsx(320,40): error TS7006: Parameter 'name' implicitly has an 'any' type.
src/pages/income/income-history-chart.tsx(320,46): error TS7006: Parameter 'entry' implicitly has an 'any' type.
src/pages/income/income-mobile-filter-sheet.tsx(1,24): error TS6305: Output file '/app/packages/ui/dist/src/components/ui/button.d.ts' has not been built from source file '/app/packages/ui/src/components/ui/button.tsx'.
src/pages/income/income-mobile-filter-sheet.tsx(2,23): error TS6305: Output file '/app/packages/ui/dist/src/components/ui/icons.d.ts' has not been built from source file '/app/packages/ui/src/components/ui/icons.tsx'.
src/pages/income/income-mobile-filter-sheet.tsx(10,8): error TS6305: Output file '/app/packages/ui/dist/src/components/ui/sheet.d.ts' has not been built from source file '/app/packages/ui/src/components/ui/sheet.tsx'.
src/pages/income/income-mobile-filter-sheet.tsx(15,28): error TS6305: Output file '/app/packages/ui/dist/src/index.d.ts' has not been built from source file '/app/packages/ui/src/index.ts'.
src/pages/income/income-page.tsx(2,23): error TS6305: Output file '/app/packages/ui/dist/src/components/ui/badge.d.ts' has not been built from source file '/app/packages/ui/src/components/ui/badge.tsx'.
src/pages/income/income-page.tsx(3,24): error TS6305: Output file '/app/packages/ui/dist/src/components/ui/button.d.ts' has not been built from source file '/app/packages/ui/src/components/ui/button.tsx'.
src/pages/income/income-page.tsx(4,58): error TS6305: Output file '/app/packages/ui/dist/src/components/ui/card.d.ts' has not been built from source file '/app/packages/ui/src/components/ui/card.tsx'.
src/pages/income/income-page.tsx(9,8): error TS6305: Output file '/app/packages/ui/dist/src/components/ui/chart.d.ts' has not been built from source file '/app/packages/ui/src/components/ui/chart.tsx'.
src/pages/income/income-page.tsx(10,34): error TS6305: Output file '/app/packages/ui/dist/src/components/ui/empty-placeholder.d.ts' has not been built from source file '/app/packages/ui/src/components/ui/empty-placeholder.tsx'.
src/pages/income/income-page.tsx(11,23): error TS6305: Output file '/app/packages/ui/dist/src/components/ui/icons.d.ts' has not been built from source file '/app/packages/ui/src/components/ui/icons.tsx'.
src/pages/income/income-page.tsx(12,26): error TS6305: Output file '/app/packages/ui/dist/src/components/ui/skeleton.d.ts' has not been built from source file '/app/packages/ui/src/components/ui/skeleton.tsx'.
src/pages/income/income-page.tsx(22,80): error TS6305: Output file '/app/packages/ui/dist/src/index.d.ts' has not been built from source file '/app/packages/ui/src/index.ts'.
src/pages/insights/portfolio-insights.tsx(7,23): error TS6305: Output file '/app/packages/ui/dist/src/index.d.ts' has not been built from source file '/app/packages/ui/src/index.ts'.
src/pages/insights/portfolio-insights.tsx(8,47): error TS6305: Output file '/app/packages/ui/dist/src/components/ui/card.d.ts' has not been built from source file '/app/packages/ui/src/components/ui/card.tsx'.
src/pages/insights/portfolio-insights.tsx(9,26): error TS6305: Output file '/app/packages/ui/dist/src/components/ui/skeleton.d.ts' has not been built from source file '/app/packages/ui/src/components/ui/skeleton.tsx'.
src/pages/layouts/app-layout.tsx(13,70): error TS6305: Output file '/app/packages/ui/dist/src/index.d.ts' has not been built from source file '/app/packages/ui/src/index.ts'.
src/pages/layouts/mobile-navigation-container.tsx(4,44): error TS6305: Output file '/app/packages/ui/dist/src/index.d.ts' has not been built from source file '/app/packages/ui/src/index.ts'.
src/pages/layouts/navigation/app-navigation.tsx(2,23): error TS6305: Output file '/app/packages/ui/dist/src/components/ui/icons.d.ts' has not been built from source file '/app/packages/ui/src/components/ui/icons.tsx'.
src/pages/layouts/navigation/app-sidebar.tsx(10,8): error TS6305: Output file '/app/packages/ui/dist/src/index.d.ts' has not been built from source file '/app/packages/ui/src/index.ts'.
src/pages/layouts/navigation/app-sidebar.tsx(11,24): error TS6305: Output file '/app/packages/ui/dist/src/components/ui/button.d.ts' has not been built from source file '/app/packages/ui/src/components/ui/button.tsx'.
src/pages/layouts/navigation/app-sidebar.tsx(12,23): error TS6305: Output file '/app/packages/ui/dist/src/components/ui/icons.d.ts' has not been built from source file '/app/packages/ui/src/components/ui/icons.tsx'.
src/pages/layouts/navigation/app-sidebar.tsx(13,27): error TS6305: Output file '/app/packages/ui/dist/src/components/ui/separator.d.ts' has not been built from source file '/app/packages/ui/src/components/ui/separator.tsx'.
src/pages/layouts/navigation/connect-nav-item.tsx(3,24): error TS6305: Output file '/app/packages/ui/dist/src/components/ui/button.d.ts' has not been built from source file '/app/packages/ui/src/components/ui/button.tsx'.
src/pages/layouts/navigation/connect-nav-item.tsx(4,57): error TS6305: Output file '/app/packages/ui/dist/src/components/ui/tooltip.d.ts' has not been built from source file '/app/packages/ui/src/components/ui/tooltip.tsx'.
src/pages/layouts/navigation/connect-nav-item.tsx(5,20): error TS6305: Output file '/app/packages/ui/dist/src/lib/utils.d.ts' has not been built from source file '/app/packages/ui/src/lib/utils.ts'.
src/pages/layouts/navigation/floating-navigation-bar.tsx(5,79): error TS6305: Output file '/app/packages/ui/dist/src/index.d.ts' has not been built from source file '/app/packages/ui/src/index.ts'.
src/pages/layouts/navigation/mobile-navbar.tsx(15,8): error TS6305: Output file '/app/packages/ui/dist/src/index.d.ts' has not been built from source file '/app/packages/ui/src/index.ts'.
src/pages/layouts/navigation/navigation-mode-context.tsx(82,21): error TS7006: Parameter 'previousMode' implicitly has an 'any' type.
src/pages/layouts/navigation/navigation-mode-context.tsx(88,19): error TS7006: Parameter 'currentMode' implicitly has an 'any' type.
src/pages/layouts/navigation/navigation-mode-context.tsx(93,26): error TS7006: Parameter 'current' implicitly has an 'any' type.
src/pages/layouts/navigation/navigation-mode-context.tsx(99,24): error TS7006: Parameter 'current' implicitly has an 'any' type.
src/pages/layouts/onboarding-layout.tsx(2,31): error TS6305: Output file '/app/packages/ui/dist/src/index.d.ts' has not been built from source file '/app/packages/ui/src/index.ts'.
src/pages/net-worth/net-worth-chart.tsx(2,45): error TS6305: Output file '/app/packages/ui/dist/src/components/ui/chart.d.ts' has not been built from source file '/app/packages/ui/src/components/ui/chart.tsx'.
src/pages/net-worth/net-worth-chart.tsx(6,31): error TS6305: Output file '/app/packages/ui/dist/src/index.d.ts' has not been built from source file '/app/packages/ui/src/index.ts'.
src/pages/net-worth/net-worth-content.tsx(14,8): error TS6305: Output file '/app/packages/ui/dist/src/index.d.ts' has not been built from source file '/app/packages/ui/src/index.ts'.
src/pages/net-worth/net-worth-content.tsx(19,8): error TS6305: Output file '/app/packages/ui/dist/src/components/ui/collapsible.d.ts' has not been built from source file '/app/packages/ui/src/components/ui/collapsible.tsx'.
src/pages/net-worth/net-worth-content.tsx(20,23): error TS6305: Output file '/app/packages/ui/dist/src/components/ui/icons.d.ts' has not been built from source file '/app/packages/ui/src/components/ui/icons.tsx'.
src/pages/net-worth/net-worth-content.tsx(21,26): error TS6305: Output file '/app/packages/ui/dist/src/components/ui/skeleton.d.ts' has not been built from source file '/app/packages/ui/src/components/ui/skeleton.tsx'.
src/pages/net-worth/net-worth-content.tsx(27,8): error TS6305: Output file '/app/packages/ui/dist/src/components/ui/tooltip.d.ts' has not been built from source file '/app/packages/ui/src/components/ui/tooltip.tsx'.
src/pages/not-found.tsx(1,24): error TS6305: Output file '/app/packages/ui/dist/src/index.d.ts' has not been built from source file '/app/packages/ui/src/index.ts'.
src/pages/onboarding/onboarding-appearance.tsx(3,23): error TS6305: Output file '/app/packages/ui/dist/src/index.d.ts' has not been built from source file '/app/packages/ui/src/index.ts'.
src/pages/onboarding/onboarding-appearance.tsx(4,35): error TS6305: Output file '/app/packages/ui/dist/src/components/ui/card.d.ts' has not been built from source file '/app/packages/ui/src/components/ui/card.tsx'.
src/pages/onboarding/onboarding-connect.tsx(1,22): error TS6305: Output file '/app/packages/ui/dist/src/components/ui/card.d.ts' has not been built from source file '/app/packages/ui/src/components/ui/card.tsx'.
src/pages/onboarding/onboarding-connect.tsx(2,23): error TS6305: Output file '/app/packages/ui/dist/src/components/ui/icons.d.ts' has not been built from source file '/app/packages/ui/src/components/ui/icons.tsx'.
src/pages/onboarding/onboarding-page.tsx(6,24): error TS6305: Output file '/app/packages/ui/dist/src/components/ui/button.d.ts' has not been built from source file '/app/packages/ui/src/components/ui/button.tsx'.
src/pages/onboarding/onboarding-page.tsx(7,23): error TS6305: Output file '/app/packages/ui/dist/src/components/ui/icons.d.ts' has not been built from source file '/app/packages/ui/src/components/ui/icons.tsx'.
src/pages/onboarding/onboarding-step1.tsx(2,22): error TS6305: Output file '/app/packages/ui/dist/src/components/ui/card.d.ts' has not been built from source file '/app/packages/ui/src/components/ui/card.tsx'.
src/pages/onboarding/onboarding-step1.tsx(3,23): error TS6305: Output file '/app/packages/ui/dist/src/components/ui/icons.d.ts' has not been built from source file '/app/packages/ui/src/components/ui/icons.tsx'.
src/pages/onboarding/onboarding-step2.tsx(3,23): error TS6305: Output file '/app/packages/ui/dist/src/index.d.ts' has not been built from source file '/app/packages/ui/src/index.ts'.
src/pages/onboarding/onboarding-step2.tsx(4,35): error TS6305: Output file '/app/packages/ui/dist/src/components/ui/card.d.ts' has not been built from source file '/app/packages/ui/src/components/ui/card.tsx'.
src/pages/onboarding/onboarding-step2.tsx(12,8): error TS6305: Output file '/app/packages/ui/dist/src/components/ui/form.d.ts' has not been built from source file '/app/packages/ui/src/components/ui/form.tsx'.
src/pages/onboarding/onboarding-step2.tsx(13,23): error TS6305: Output file '/app/packages/ui/dist/src/components/ui/input.d.ts' has not been built from source file '/app/packages/ui/src/components/ui/input.tsx'.
src/pages/onboarding/onboarding-step2.tsx(14,33): error TS6305: Output file '/app/packages/ui/dist/src/lib/currencies.d.ts' has not been built from source file '/app/packages/ui/src/lib/currencies.ts'.
src/pages/onboarding/onboarding-step2.tsx(133,8): error TS7006: Parameter 'curr' implicitly has an 'any' type.
src/pages/onboarding/onboarding-step2.tsx(228,32): error TS7031: Binding element 'field' implicitly has an 'any' type.
src/pages/onboarding/onboarding-step2.tsx(273,32): error TS7031: Binding element 'field' implicitly has an 'any' type.
src/pages/onboarding/onboarding-step2.tsx(345,32): error TS7006: Parameter 'e' implicitly has an 'any' type.
src/pages/onboarding/onboarding-step2.tsx(352,44): error TS7006: Parameter 'curr' implicitly has an 'any' type.
src/pages/onboarding/onboarding-step2.tsx(405,32): error TS7006: Parameter 'e' implicitly has an 'any' type.
src/pages/performance/performance-page.tsx(13,34): error TS6305: Output file '/app/packages/ui/dist/src/components/ui/empty-placeholder.d.ts' has not been built from source file '/app/packages/ui/src/components/ui/empty-placeholder.tsx'.
src/pages/performance/performance-page.tsx(40,8): error TS6305: Output file '/app/packages/ui/dist/src/index.d.ts' has not been built from source file '/app/packages/ui/src/index.ts'.
src/pages/performance/performance-page.tsx(166,19): error TS7006: Parameter 'e' implicitly has an 'any' type.
src/pages/performance/performance-page.tsx(289,38): error TS7006: Parameter 'item' implicitly has an 'any' type.
src/pages/performance/performance-page.tsx(302,40): error TS7006: Parameter 'item' implicitly has an 'any' type.
src/pages/performance/performance-page.tsx(305,67): error TS7006: Parameter 'item' implicitly has an 'any' type.
src/pages/performance/performance-page.tsx(325,40): error TS7006: Parameter 'item' implicitly has an 'any' type.
src/pages/performance/performance-page.tsx(347,25): error TS7006: Parameter 'prev' implicitly has an 'any' type.
src/pages/performance/performance-page.tsx(347,67): error TS7006: Parameter 'i' implicitly has an 'any' type.
src/pages/performance/performance-page.tsx(378,37): error TS7006: Parameter 'item' implicitly has an 'any' type.
src/pages/performance/performance-page.tsx(434,39): error TS7006: Parameter 'item' implicitly has an 'any' type.
src/pages/settings/about/about-page.tsx(8,24): error TS6305: Output file '/app/packages/ui/dist/src/components/ui/button.d.ts' has not been built from source file '/app/packages/ui/src/components/ui/button.tsx'.
src/pages/settings/about/about-page.tsx(15,8): error TS6305: Output file '/app/packages/ui/dist/src/components/ui/card.d.ts' has not been built from source file '/app/packages/ui/src/components/ui/card.tsx'.
src/pages/settings/about/about-page.tsx(16,23): error TS6305: Output file '/app/packages/ui/dist/src/components/ui/icons.d.ts' has not been built from source file '/app/packages/ui/src/components/ui/icons.tsx'.
src/pages/settings/about/about-page.tsx(17,27): error TS6305: Output file '/app/packages/ui/dist/src/components/ui/separator.d.ts' has not been built from source file '/app/packages/ui/src/components/ui/separator.tsx'.
src/pages/settings/about/about-page.tsx(18,23): error TS6305: Output file '/app/packages/ui/dist/src/components/ui/use-toast.d.ts' has not been built from source file '/app/packages/ui/src/components/ui/use-toast.ts'.
src/pages/settings/accounts/accounts-page.tsx(14,8): error TS6305: Output file '/app/packages/ui/dist/src/index.d.ts' has not been built from source file '/app/packages/ui/src/index.ts'.
src/pages/settings/accounts/accounts-page.tsx(15,23): error TS6305: Output file '/app/packages/ui/dist/src/components/ui/input.d.ts' has not been built from source file '/app/packages/ui/src/components/ui/input.tsx'.
src/pages/settings/accounts/accounts-page.tsx(184,26): error TS7006: Parameter 'e' implicitly has an 'any' type.
src/pages/settings/accounts/accounts-page.tsx(202,29): error TS7006: Parameter 'value' implicitly has an 'any' type.
src/pages/settings/accounts/components/account-edit-modal.tsx(1,39): error TS6305: Output file '/app/packages/ui/dist/src/components/ui/dialog.d.ts' has not been built from source file '/app/packages/ui/src/components/ui/dialog.tsx'.
src/pages/settings/accounts/components/account-form.tsx(6,24): error TS6305: Output file '/app/packages/ui/dist/src/components/ui/button.d.ts' has not been built from source file '/app/packages/ui/src/components/ui/button.tsx'.
src/pages/settings/accounts/components/account-form.tsx(7,26): error TS6305: Output file '/app/packages/ui/dist/src/components/ui/checkbox.d.ts' has not been built from source file '/app/packages/ui/src/components/ui/checkbox.tsx'.
src/pages/settings/accounts/components/account-form.tsx(16,8): error TS6305: Output file '/app/packages/ui/dist/src/index.d.ts' has not been built from source file '/app/packages/ui/src/index.ts'.
src/pages/settings/accounts/components/account-form.tsx(17,41): error TS6305: Output file '/app/packages/ui/dist/src/components/ui/alert.d.ts' has not been built from source file '/app/packages/ui/src/components/ui/alert.tsx'.
src/pages/settings/accounts/components/account-form.tsx(26,8): error TS6305: Output file '/app/packages/ui/dist/src/components/ui/alert-dialog.d.ts' has not been built from source file '/app/packages/ui/src/components/ui/alert-dialog.tsx'.
src/pages/settings/accounts/components/account-form.tsx(33,8): error TS6305: Output file '/app/packages/ui/dist/src/components/ui/dialog.d.ts' has not been built from source file '/app/packages/ui/src/components/ui/dialog.tsx'.
src/pages/settings/accounts/components/account-form.tsx(41,8): error TS6305: Output file '/app/packages/ui/dist/src/components/ui/form.d.ts' has not been built from source file '/app/packages/ui/src/components/ui/form.tsx'.
src/pages/settings/accounts/components/account-form.tsx(42,23): error TS6305: Output file '/app/packages/ui/dist/src/components/ui/icons.d.ts' has not been built from source file '/app/packages/ui/src/components/ui/icons.tsx'.
src/pages/settings/accounts/components/account-form.tsx(43,23): error TS6305: Output file '/app/packages/ui/dist/src/components/ui/input.d.ts' has not been built from source file '/app/packages/ui/src/components/ui/input.tsx'.
src/pages/settings/accounts/components/account-form.tsx(160,24): error TS7031: Binding element 'field' implicitly has an 'any' type.
src/pages/settings/accounts/components/account-form.tsx(173,24): error TS7031: Binding element 'field' implicitly has an 'any' type.
src/pages/settings/accounts/components/account-form.tsx(187,24): error TS7031: Binding element 'field' implicitly has an 'any' type.
src/pages/settings/accounts/components/account-form.tsx(209,26): error TS7031: Binding element 'field' implicitly has an 'any' type.
src/pages/settings/accounts/components/account-form.tsx(227,24): error TS7031: Binding element 'field' implicitly has an 'any' type.
src/pages/settings/accounts/components/account-form.tsx(313,24): error TS7031: Binding element 'field' implicitly has an 'any' type.
src/pages/settings/accounts/components/account-form.tsx(318,39): error TS7006: Parameter 'checked' implicitly has an 'any' type.
src/pages/settings/accounts/components/account-form.tsx(336,26): error TS7031: Binding element 'field' implicitly has an 'any' type.
src/pages/settings/accounts/components/account-item.tsx(1,53): error TS6305: Output file '/app/packages/ui/dist/src/components/ui/avatar.d.ts' has not been built from source file '/app/packages/ui/src/components/ui/avatar.tsx'.
src/pages/settings/accounts/components/account-item.tsx(2,34): error TS6305: Output file '/app/packages/ui/dist/src/components/ui/icons.d.ts' has not been built from source file '/app/packages/ui/src/components/ui/icons.tsx'.
src/pages/settings/accounts/components/account-item.tsx(3,26): error TS6305: Output file '/app/packages/ui/dist/src/components/ui/skeleton.d.ts' has not been built from source file '/app/packages/ui/src/components/ui/skeleton.tsx'.
src/pages/settings/accounts/components/account-item.tsx(4,74): error TS6305: Output file '/app/packages/ui/dist/src/index.d.ts' has not been built from source file '/app/packages/ui/src/index.ts'.
src/pages/settings/accounts/components/account-operations.tsx(3,24): error TS6305: Output file '/app/packages/ui/dist/src/components/ui/button.d.ts' has not been built from source file '/app/packages/ui/src/components/ui/button.tsx'.
src/pages/settings/accounts/components/account-operations.tsx(12,8): error TS6305: Output file '/app/packages/ui/dist/src/components/ui/alert-dialog.d.ts' has not been built from source file '/app/packages/ui/src/components/ui/alert-dialog.tsx'.
src/pages/settings/accounts/components/account-operations.tsx(19,8): error TS6305: Output file '/app/packages/ui/dist/src/components/ui/dropdown-menu.d.ts' has not been built from source file '/app/packages/ui/src/components/ui/dropdown-menu.tsx'.
src/pages/settings/accounts/components/account-operations.tsx(20,23): error TS6305: Output file '/app/packages/ui/dist/src/components/ui/icons.d.ts' has not been built from source file '/app/packages/ui/src/components/ui/icons.tsx'.
src/pages/settings/accounts/components/use-account-mutations.ts(2,23): error TS6305: Output file '/app/packages/ui/dist/src/components/ui/use-toast.d.ts' has not been built from source file '/app/packages/ui/src/components/ui/use-toast.ts'.
src/pages/settings/addons/addon-settings.tsx(19,8): error TS6305: Output file '/app/packages/ui/dist/src/index.d.ts' has not been built from source file '/app/packages/ui/src/index.ts'.
src/pages/settings/addons/addon-settings.tsx(20,26): error TS6305: Output file '/app/packages/ui/dist/src/components/ui/use-toast.d.ts' has not been built from source file '/app/packages/ui/src/components/ui/use-toast.ts'.
src/pages/settings/addons/addon-settings.tsx(438,47): error TS7006: Parameter 'checked' implicitly has an 'any' type.
src/pages/settings/addons/components/addon-permission-dialog.tsx(1,23): error TS6305: Output file '/app/packages/ui/dist/src/components/ui/badge.d.ts' has not been built from source file '/app/packages/ui/src/components/ui/badge.tsx'.
src/pages/settings/addons/components/addon-permission-dialog.tsx(2,24): error TS6305: Output file '/app/packages/ui/dist/src/components/ui/button.d.ts' has not been built from source file '/app/packages/ui/src/components/ui/button.tsx'.
src/pages/settings/addons/components/addon-permission-dialog.tsx(10,8): error TS6305: Output file '/app/packages/ui/dist/src/components/ui/dialog.d.ts' has not been built from source file '/app/packages/ui/src/components/ui/dialog.tsx'.
src/pages/settings/addons/components/addon-permission-dialog.tsx(11,23): error TS6305: Output file '/app/packages/ui/dist/src/components/ui/icons.d.ts' has not been built from source file '/app/packages/ui/src/components/ui/icons.tsx'.
src/pages/settings/addons/components/addon-permission-dialog.tsx(17,8): error TS6305: Output file '/app/packages/addon-sdk/dist/src/index.d.ts' has not been built from source file '/app/packages/addon-sdk/src/index.ts'.
src/pages/settings/addons/components/addon-permission-dialog.tsx(18,31): error TS6305: Output file '/app/packages/ui/dist/src/index.d.ts' has not been built from source file '/app/packages/ui/src/index.ts'.
src/pages/settings/addons/components/addon-permission-dialog.tsx(65,59): error TS7006: Parameter 'total' implicitly has an 'any' type.
src/pages/settings/addons/components/addon-permission-dialog.tsx(65,66): error TS7006: Parameter 'permission' implicitly has an 'any' type.
src/pages/settings/addons/components/addon-store-browser.tsx(18,8): error TS6305: Output file '/app/packages/ui/dist/src/index.d.ts' has not been built from source file '/app/packages/ui/src/index.ts'.
src/pages/settings/addons/components/addon-store-browser.tsx(216,24): error TS7006: Parameter 'e' implicitly has an 'any' type.
src/pages/settings/addons/components/addon-store-card.tsx(19,8): error TS6305: Output file '/app/packages/ui/dist/src/index.d.ts' has not been built from source file '/app/packages/ui/src/index.ts'.
src/pages/settings/addons/components/addon-update-card.tsx(3,23): error TS6305: Output file '/app/packages/ui/dist/src/components/ui/badge.d.ts' has not been built from source file '/app/packages/ui/src/components/ui/badge.tsx'.
src/pages/settings/addons/components/addon-update-card.tsx(4,24): error TS6305: Output file '/app/packages/ui/dist/src/components/ui/button.d.ts' has not been built from source file '/app/packages/ui/src/components/ui/button.tsx'.
src/pages/settings/addons/components/addon-update-card.tsx(12,8): error TS6305: Output file '/app/packages/ui/dist/src/components/ui/dialog.d.ts' has not been built from source file '/app/packages/ui/src/components/ui/dialog.tsx'.
src/pages/settings/addons/components/addon-update-card.tsx(13,23): error TS6305: Output file '/app/packages/ui/dist/src/components/ui/icons.d.ts' has not been built from source file '/app/packages/ui/src/components/ui/icons.tsx'.
src/pages/settings/addons/components/addon-update-card.tsx(14,28): error TS6305: Output file '/app/packages/ui/dist/src/components/ui/scroll-area.d.ts' has not been built from source file '/app/packages/ui/src/components/ui/scroll-area.tsx'.
src/pages/settings/addons/components/addon-update-card.tsx(15,27): error TS6305: Output file '/app/packages/ui/dist/src/components/ui/separator.d.ts' has not been built from source file '/app/packages/ui/src/components/ui/separator.tsx'.
src/pages/settings/addons/components/addon-update-card.tsx(16,26): error TS6305: Output file '/app/packages/ui/dist/src/components/ui/use-toast.d.ts' has not been built from source file '/app/packages/ui/src/components/ui/use-toast.ts'.
src/pages/settings/addons/components/addon-update-card.tsx(17,38): error TS6305: Output file '/app/packages/addon-sdk/dist/src/index.d.ts' has not been built from source file '/app/packages/addon-sdk/src/index.ts'.
src/pages/settings/addons/components/permission-categories-display.tsx(2,23): error TS6305: Output file '/app/packages/ui/dist/src/components/ui/badge.d.ts' has not been built from source file '/app/packages/ui/src/components/ui/badge.tsx'.
src/pages/settings/addons/components/permission-categories-display.tsx(4,39): error TS6305: Output file '/app/packages/addon-sdk/dist/src/index.d.ts' has not been built from source file '/app/packages/addon-sdk/src/index.ts'.
src/pages/settings/addons/components/rating-dialog.tsx(12,8): error TS6305: Output file '/app/packages/ui/dist/src/index.d.ts' has not been built from source file '/app/packages/ui/src/index.ts'.
src/pages/settings/addons/components/rating-dialog.tsx(93,26): error TS7006: Parameter 'e' implicitly has an 'any' type.
src/pages/settings/addons/hooks/use-addon-actions.ts(3,26): error TS6305: Output file '/app/packages/ui/dist/src/components/ui/use-toast.d.ts' has not been built from source file '/app/packages/ui/src/components/ui/use-toast.ts'.
src/pages/settings/addons/hooks/use-addon-actions.ts(17,47): error TS6305: Output file '/app/packages/addon-sdk/dist/src/index.d.ts' has not been built from source file '/app/packages/addon-sdk/src/index.ts'.
src/pages/settings/addons/hooks/use-addon-rating-mutation.ts(2,26): error TS6305: Output file '/app/packages/ui/dist/src/components/ui/use-toast.d.ts' has not been built from source file '/app/packages/ui/src/components/ui/use-toast.ts'.
src/pages/settings/addons/hooks/use-addon-store.ts(14,26): error TS6305: Output file '/app/packages/ui/dist/src/components/ui/use-toast.d.ts' has not been built from source file '/app/packages/ui/src/components/ui/use-toast.ts'.
src/pages/settings/addons/hooks/use-addon-updates.ts(3,26): error TS6305: Output file '/app/packages/ui/dist/src/components/ui/use-toast.d.ts' has not been built from source file '/app/packages/ui/src/components/ui/use-toast.ts'.
src/pages/settings/addons/hooks/use-addon-updates.ts(5,45): error TS6305: Output file '/app/packages/addon-sdk/dist/src/index.d.ts' has not been built from source file '/app/packages/addon-sdk/src/index.ts'.
src/pages/settings/ai-providers/ai-providers-page.tsx(2,27): error TS6305: Output file '/app/packages/ui/dist/src/components/ui/separator.d.ts' has not been built from source file '/app/packages/ui/src/components/ui/separator.tsx'.
src/pages/settings/ai-providers/ai-providers-page.tsx(3,26): error TS6305: Output file '/app/packages/ui/dist/src/components/ui/skeleton.d.ts' has not been built from source file '/app/packages/ui/src/components/ui/skeleton.tsx'.
src/pages/settings/ai-providers/ai-providers-page.tsx(4,23): error TS6305: Output file '/app/packages/ui/dist/src/components/ui/icons.d.ts' has not been built from source file '/app/packages/ui/src/components/ui/icons.tsx'.
src/pages/settings/ai-providers/ai-providers-page.tsx(5,24): error TS6305: Output file '/app/packages/ui/dist/src/components/ui/button.d.ts' has not been built from source file '/app/packages/ui/src/components/ui/button.tsx'.
src/pages/settings/appearance/appearance-form.tsx(16,8): error TS6305: Output file '/app/packages/ui/dist/src/components/ui/form.d.ts' has not been built from source file '/app/packages/ui/src/components/ui/form.tsx'.
src/pages/settings/appearance/appearance-form.tsx(17,24): error TS6305: Output file '/app/packages/ui/dist/src/components/ui/switch.d.ts' has not been built from source file '/app/packages/ui/src/components/ui/switch.tsx'.
src/pages/settings/appearance/appearance-form.tsx(55,22): error TS7031: Binding element 'field' implicitly has an 'any' type.
src/pages/settings/appearance/appearance-form.tsx(79,22): error TS7031: Binding element 'field' implicitly has an 'any' type.
src/pages/settings/appearance/appearance-form.tsx(106,24): error TS7031: Binding element 'field' implicitly has an 'any' type.
src/pages/settings/appearance/appearance-form.tsx(115,39): error TS7006: Parameter 'value' implicitly has an 'any' type.
src/pages/settings/appearance/appearance-page.tsx(1,27): error TS6305: Output file '/app/packages/ui/dist/src/components/ui/separator.d.ts' has not been built from source file '/app/packages/ui/src/components/ui/separator.tsx'.
src/pages/settings/appearance/locale-settings.tsx(5,24): error TS6305: Output file '/app/packages/ui/dist/src/components/ui/button.d.ts' has not been built from source file '/app/packages/ui/src/components/ui/button.tsx'.
src/pages/settings/appearance/locale-settings.tsx(12,8): error TS6305: Output file '/app/packages/ui/dist/src/components/ui/card.d.ts' has not been built from source file '/app/packages/ui/src/components/ui/card.tsx'.
src/pages/settings/appearance/locale-settings.tsx(19,8): error TS6305: Output file '/app/packages/ui/dist/src/components/ui/form.d.ts' has not been built from source file '/app/packages/ui/src/components/ui/form.tsx'.
src/pages/settings/appearance/locale-settings.tsx(26,8): error TS6305: Output file '/app/packages/ui/dist/src/components/ui/select.d.ts' has not been built from source file '/app/packages/ui/src/components/ui/select.tsx'.
src/pages/settings/appearance/locale-settings.tsx(65,26): error TS7031: Binding element 'field' implicitly has an 'any' type.
src/pages/settings/contribution-limits/components/account-selection.tsx(2,24): error TS6305: Output file '/app/packages/ui/dist/src/components/ui/toggle.d.ts' has not been built from source file '/app/packages/ui/src/components/ui/toggle.tsx'.
src/pages/settings/contribution-limits/components/account-selection.tsx(3,24): error TS6305: Output file '/app/packages/ui/dist/src/components/ui/button.d.ts' has not been built from source file '/app/packages/ui/src/components/ui/button.tsx'.
src/pages/settings/contribution-limits/components/account-selection.tsx(4,23): error TS6305: Output file '/app/packages/ui/dist/src/components/ui/icons.d.ts' has not been built from source file '/app/packages/ui/src/components/ui/icons.tsx'.
src/pages/settings/contribution-limits/components/account-selection.tsx(7,30): error TS6305: Output file '/app/packages/ui/dist/src/index.d.ts' has not been built from source file '/app/packages/ui/src/index.ts'.
src/pages/settings/contribution-limits/components/contribution-limit-edit-modal.tsx(1,39): error TS6305: Output file '/app/packages/ui/dist/src/components/ui/dialog.d.ts' has not been built from source file '/app/packages/ui/src/components/ui/dialog.tsx'.
src/pages/settings/contribution-limits/components/contribution-limit-form.tsx(6,24): error TS6305: Output file '/app/packages/ui/dist/src/components/ui/button.d.ts' has not been built from source file '/app/packages/ui/src/components/ui/button.tsx'.
src/pages/settings/contribution-limits/components/contribution-limit-form.tsx(7,23): error TS6305: Output file '/app/packages/ui/dist/src/components/ui/icons.d.ts' has not been built from source file '/app/packages/ui/src/components/ui/icons.tsx'.
src/pages/settings/contribution-limits/components/contribution-limit-form.tsx(8,35): error TS6305: Output file '/app/packages/ui/dist/src/components/ui/card.d.ts' has not been built from source file '/app/packages/ui/src/components/ui/card.tsx'.
src/pages/settings/contribution-limits/components/contribution-limit-form.tsx(25,8): error TS6305: Output file '/app/packages/ui/dist/src/index.d.ts' has not been built from source file '/app/packages/ui/src/index.ts'.
src/pages/settings/contribution-limits/components/contribution-limit-form.tsx(29,28): error TS6305: Output file '/app/packages/ui/dist/src/index.d.ts' has not been built from source file '/app/packages/ui/src/index.ts'.
src/pages/settings/contribution-limits/components/contribution-limit-form.tsx(127,30): error TS7031: Binding element 'field' implicitly has an 'any' type.
src/pages/settings/contribution-limits/components/contribution-limit-form.tsx(148,30): error TS7031: Binding element 'field' implicitly has an 'any' type.
src/pages/settings/contribution-limits/components/contribution-limit-form.tsx(167,34): error TS7031: Binding element 'field' implicitly has an 'any' type.
src/pages/settings/contribution-limits/components/contribution-limit-form.tsx(175,42): error TS7006: Parameter 'e' implicitly has an 'any' type.
src/pages/settings/contribution-limits/components/contribution-limit-form.tsx(191,34): error TS7031: Binding element 'field' implicitly has an 'any' type.
src/pages/settings/contribution-limits/components/contribution-limit-form.tsx(211,34): error TS7031: Binding element 'field' implicitly has an 'any' type.
src/pages/settings/contribution-limits/components/contribution-limit-item.tsx(12,8): error TS6305: Output file '/app/packages/ui/dist/src/index.d.ts' has not been built from source file '/app/packages/ui/src/index.ts'.
src/pages/settings/contribution-limits/components/contribution-limit-operations.tsx(3,24): error TS6305: Output file '/app/packages/ui/dist/src/components/ui/button.d.ts' has not been built from source file '/app/packages/ui/src/components/ui/button.tsx'.
src/pages/settings/contribution-limits/components/contribution-limit-operations.tsx(12,8): error TS6305: Output file '/app/packages/ui/dist/src/components/ui/alert-dialog.d.ts' has not been built from source file '/app/packages/ui/src/components/ui/alert-dialog.tsx'.
src/pages/settings/contribution-limits/components/contribution-limit-operations.tsx(19,8): error TS6305: Output file '/app/packages/ui/dist/src/components/ui/dropdown-menu.d.ts' has not been built from source file '/app/packages/ui/src/components/ui/dropdown-menu.tsx'.
src/pages/settings/contribution-limits/components/contribution-limit-operations.tsx(20,23): error TS6305: Output file '/app/packages/ui/dist/src/components/ui/icons.d.ts' has not been built from source file '/app/packages/ui/src/components/ui/icons.tsx'.
src/pages/settings/contribution-limits/contribution-limits-page.tsx(6,70): error TS6305: Output file '/app/packages/ui/dist/src/index.d.ts' has not been built from source file '/app/packages/ui/src/index.ts'.
src/pages/settings/contribution-limits/use-contribution-limit-mutations.ts(9,23): error TS6305: Output file '/app/packages/ui/dist/src/components/ui/use-toast.d.ts' has not been built from source file '/app/packages/ui/src/components/ui/use-toast.ts'.
src/pages/settings/exports/backup-restore-form.tsx(1,24): error TS6305: Output file '/app/packages/ui/dist/src/components/ui/button.d.ts' has not been built from source file '/app/packages/ui/src/components/ui/button.tsx'.
src/pages/settings/exports/backup-restore-form.tsx(8,8): error TS6305: Output file '/app/packages/ui/dist/src/components/ui/card.d.ts' has not been built from source file '/app/packages/ui/src/components/ui/card.tsx'.
src/pages/settings/exports/backup-restore-form.tsx(9,23): error TS6305: Output file '/app/packages/ui/dist/src/components/ui/icons.d.ts' has not been built from source file '/app/packages/ui/src/components/ui/icons.tsx'.
src/pages/settings/exports/exports-form.tsx(1,24): error TS6305: Output file '/app/packages/ui/dist/src/components/ui/button.d.ts' has not been built from source file '/app/packages/ui/src/components/ui/button.tsx'.
src/pages/settings/exports/exports-form.tsx(2,35): error TS6305: Output file '/app/packages/ui/dist/src/components/ui/card.d.ts' has not been built from source file '/app/packages/ui/src/components/ui/card.tsx'.
src/pages/settings/exports/exports-form.tsx(3,23): error TS6305: Output file '/app/packages/ui/dist/src/components/ui/icons.d.ts' has not been built from source file '/app/packages/ui/src/components/ui/icons.tsx'.
src/pages/settings/exports/exports-form.tsx(4,23): error TS6305: Output file '/app/packages/ui/dist/src/components/ui/label.d.ts' has not been built from source file '/app/packages/ui/src/components/ui/label.tsx'.
src/pages/settings/exports/exports-form.tsx(5,44): error TS6305: Output file '/app/packages/ui/dist/src/components/ui/radio-group.d.ts' has not been built from source file '/app/packages/ui/src/components/ui/radio-group.tsx'.
src/pages/settings/exports/exports-page.tsx(1,27): error TS6305: Output file '/app/packages/ui/dist/src/components/ui/separator.d.ts' has not been built from source file '/app/packages/ui/src/components/ui/separator.tsx'.
src/pages/settings/exports/exports-page.tsx(2,58): error TS6305: Output file '/app/packages/ui/dist/src/components/ui/tabs.d.ts' has not been built from source file '/app/packages/ui/src/components/ui/tabs.tsx'.
src/pages/settings/exports/use-backup-restore.ts(13,23): error TS6305: Output file '/app/packages/ui/dist/src/components/ui/use-toast.d.ts' has not been built from source file '/app/packages/ui/src/components/ui/use-toast.ts'.
src/pages/settings/exports/use-export-data.ts(25,23): error TS6305: Output file '/app/packages/ui/dist/src/components/ui/use-toast.d.ts' has not been built from source file '/app/packages/ui/src/components/ui/use-toast.ts'.
src/pages/settings/general/auto-update-settings.tsx(2,58): error TS6305: Output file '/app/packages/ui/dist/src/components/ui/card.d.ts' has not been built from source file '/app/packages/ui/src/components/ui/card.tsx'.
src/pages/settings/general/auto-update-settings.tsx(3,23): error TS6305: Output file '/app/packages/ui/dist/src/components/ui/label.d.ts' has not been built from source file '/app/packages/ui/src/components/ui/label.tsx'.
src/pages/settings/general/auto-update-settings.tsx(4,24): error TS6305: Output file '/app/packages/ui/dist/src/components/ui/switch.d.ts' has not been built from source file '/app/packages/ui/src/components/ui/switch.tsx'.
src/pages/settings/general/auto-update-settings.tsx(5,23): error TS6305: Output file '/app/packages/ui/dist/src/components/ui/use-toast.d.ts' has not been built from source file '/app/packages/ui/src/components/ui/use-toast.ts'.
src/pages/settings/general/currency-settings.tsx(6,24): error TS6305: Output file '/app/packages/ui/dist/src/components/ui/button.d.ts' has not been built from source file '/app/packages/ui/src/components/ui/button.tsx'.
src/pages/settings/general/currency-settings.tsx(13,8): error TS6305: Output file '/app/packages/ui/dist/src/components/ui/form.d.ts' has not been built from source file '/app/packages/ui/src/components/ui/form.tsx'.
src/pages/settings/general/currency-settings.tsx(14,31): error TS6305: Output file '/app/packages/ui/dist/src/index.d.ts' has not been built from source file '/app/packages/ui/src/index.ts'.
src/pages/settings/general/currency-settings.tsx(22,8): error TS6305: Output file '/app/packages/ui/dist/src/components/ui/card.d.ts' has not been built from source file '/app/packages/ui/src/components/ui/card.tsx'.
src/pages/settings/general/currency-settings.tsx(58,22): error TS7031: Binding element 'field' implicitly has an 'any' type.
src/pages/settings/general/exchange-rates/add-exchange-rate-form.tsx(6,24): error TS6305: Output file '/app/packages/ui/dist/src/components/ui/button.d.ts' has not been built from source file '/app/packages/ui/src/components/ui/button.tsx'.
src/pages/settings/general/exchange-rates/add-exchange-rate-form.tsx(14,8): error TS6305: Output file '/app/packages/ui/dist/src/components/ui/command.d.ts' has not been built from source file '/app/packages/ui/src/components/ui/command.tsx'.
src/pages/settings/general/exchange-rates/add-exchange-rate-form.tsx(21,8): error TS6305: Output file '/app/packages/ui/dist/src/components/ui/dialog.d.ts' has not been built from source file '/app/packages/ui/src/components/ui/dialog.tsx'.
src/pages/settings/general/exchange-rates/add-exchange-rate-form.tsx(30,8): error TS6305: Output file '/app/packages/ui/dist/src/components/ui/form.d.ts' has not been built from source file '/app/packages/ui/src/components/ui/form.tsx'.
src/pages/settings/general/exchange-rates/add-exchange-rate-form.tsx(31,23): error TS6305: Output file '/app/packages/ui/dist/src/components/ui/icons.d.ts' has not been built from source file '/app/packages/ui/src/components/ui/icons.tsx'.
src/pages/settings/general/exchange-rates/add-exchange-rate-form.tsx(32,57): error TS6305: Output file '/app/packages/ui/dist/src/components/ui/popover.d.ts' has not been built from source file '/app/packages/ui/src/components/ui/popover.tsx'.
src/pages/settings/general/exchange-rates/add-exchange-rate-form.tsx(33,28): error TS6305: Output file '/app/packages/ui/dist/src/components/ui/scroll-area.d.ts' has not been built from source file '/app/packages/ui/src/components/ui/scroll-area.tsx'.
src/pages/settings/general/exchange-rates/add-exchange-rate-form.tsx(40,8): error TS6305: Output file '/app/packages/ui/dist/src/components/ui/select.d.ts' has not been built from source file '/app/packages/ui/src/components/ui/select.tsx'.
src/pages/settings/general/exchange-rates/add-exchange-rate-form.tsx(45,45): error TS6305: Output file '/app/packages/ui/dist/src/index.d.ts' has not been built from source file '/app/packages/ui/src/index.ts'.
src/pages/settings/general/exchange-rates/add-exchange-rate-form.tsx(113,10): error TS7006: Parameter 'currency' implicitly has an 'any' type.
src/pages/settings/general/exchange-rates/add-exchange-rate-form.tsx(126,20): error TS7031: Binding element 'field' implicitly has an 'any' type.
src/pages/settings/general/exchange-rates/add-exchange-rate-form.tsx(138,47): error TS7006: Parameter 'currency' implicitly has an 'any' type.
src/pages/settings/general/exchange-rates/add-exchange-rate-form.tsx(174,30): error TS7006: Parameter 'currency' implicitly has an 'any' type.
src/pages/settings/general/exchange-rates/add-exchange-rate-form.tsx(178,33): error TS7006: Parameter 'currency' implicitly has an 'any' type.
src/pages/settings/general/exchange-rates/add-exchange-rate-form.tsx(223,24): error TS7031: Binding element 'field' implicitly has an 'any' type.
src/pages/settings/general/exchange-rates/add-exchange-rate-form.tsx(264,26): error TS7031: Binding element 'field' implicitly has an 'any' type.
src/pages/settings/general/exchange-rates/exchange-rates-settings.tsx(1,24): error TS6305: Output file '/app/packages/ui/dist/src/components/ui/button.d.ts' has not been built from source file '/app/packages/ui/src/components/ui/button.tsx'.
src/pages/settings/general/exchange-rates/exchange-rates-settings.tsx(8,8): error TS6305: Output file '/app/packages/ui/dist/src/components/ui/card.d.ts' has not been built from source file '/app/packages/ui/src/components/ui/card.tsx'.
src/pages/settings/general/exchange-rates/exchange-rates-settings.tsx(9,27): error TS6305: Output file '/app/packages/ui/dist/src/components/ui/data-table/index.d.ts' has not been built from source file '/app/packages/ui/src/components/ui/data-table/index.tsx'.
src/pages/settings/general/exchange-rates/exchange-rates-settings.tsx(10,54): error TS6305: Output file '/app/packages/ui/dist/src/components/ui/dialog.d.ts' has not been built from source file '/app/packages/ui/src/components/ui/dialog.tsx'.
src/pages/settings/general/exchange-rates/exchange-rates-settings.tsx(11,23): error TS6305: Output file '/app/packages/ui/dist/src/components/ui/icons.d.ts' has not been built from source file '/app/packages/ui/src/components/ui/icons.tsx'.
src/pages/settings/general/exchange-rates/exchange-rates-settings.tsx(12,26): error TS6305: Output file '/app/packages/ui/dist/src/components/ui/skeleton.d.ts' has not been built from source file '/app/packages/ui/src/components/ui/skeleton.tsx'.
src/pages/settings/general/exchange-rates/exchange-rates-settings.tsx(16,31): error TS6305: Output file '/app/packages/ui/dist/src/index.d.ts' has not been built from source file '/app/packages/ui/src/index.ts'.
src/pages/settings/general/exchange-rates/rate-cell.tsx(3,23): error TS6305: Output file '/app/packages/ui/dist/src/components/ui/icons.d.ts' has not been built from source file '/app/packages/ui/src/components/ui/icons.tsx'.
src/pages/settings/general/exchange-rates/rate-cell.tsx(4,23): error TS6305: Output file '/app/packages/ui/dist/src/components/ui/input.d.ts' has not been built from source file '/app/packages/ui/src/components/ui/input.tsx'.
src/pages/settings/general/exchange-rates/rate-cell.tsx(5,24): error TS6305: Output file '/app/packages/ui/dist/src/components/ui/button.d.ts' has not been built from source file '/app/packages/ui/src/components/ui/button.tsx'.
src/pages/settings/general/exchange-rates/rate-cell.tsx(6,23): error TS6305: Output file '/app/packages/ui/dist/src/components/ui/use-toast.d.ts' has not been built from source file '/app/packages/ui/src/components/ui/use-toast.ts'.
src/pages/settings/general/exchange-rates/rate-cell.tsx(57,24): error TS7006: Parameter 'e' implicitly has an 'any' type.
src/pages/settings/general/exchange-rates/use-exchange-rate.ts(8,23): error TS6305: Output file '/app/packages/ui/dist/src/components/ui/use-toast.d.ts' has not been built from source file '/app/packages/ui/src/components/ui/use-toast.ts'.
src/pages/settings/general/exchange-rates/use-exchange-rate.ts(12,33): error TS6305: Output file '/app/packages/ui/dist/src/index.d.ts' has not been built from source file '/app/packages/ui/src/index.ts'.
src/pages/settings/general/exchange-rates/use-exchange-rate.ts(16,44): error TS7006: Parameter 'c' implicitly has an 'any' type.
src/pages/settings/general/general-page.tsx(1,27): error TS6305: Output file '/app/packages/ui/dist/src/components/ui/separator.d.ts' has not been built from source file '/app/packages/ui/src/components/ui/separator.tsx'.
src/pages/settings/general/timezone-input.tsx(2,20): error TS6305: Output file '/app/packages/ui/dist/src/lib/utils.d.ts' has not been built from source file '/app/packages/ui/src/lib/utils.ts'.
src/pages/settings/general/timezone-input.tsx(3,24): error TS6305: Output file '/app/packages/ui/dist/src/components/ui/button.d.ts' has not been built from source file '/app/packages/ui/src/components/ui/button.tsx'.
src/pages/settings/general/timezone-input.tsx(11,8): error TS6305: Output file '/app/packages/ui/dist/src/components/ui/command.d.ts' has not been built from source file '/app/packages/ui/src/components/ui/command.tsx'.
src/pages/settings/general/timezone-input.tsx(12,23): error TS6305: Output file '/app/packages/ui/dist/src/components/ui/icons.d.ts' has not been built from source file '/app/packages/ui/src/components/ui/icons.tsx'.
src/pages/settings/general/timezone-input.tsx(13,57): error TS6305: Output file '/app/packages/ui/dist/src/components/ui/popover.d.ts' has not been built from source file '/app/packages/ui/src/components/ui/popover.tsx'.
src/pages/settings/general/timezone-input.tsx(14,28): error TS6305: Output file '/app/packages/ui/dist/src/components/ui/scroll-area.d.ts' has not been built from source file '/app/packages/ui/src/components/ui/scroll-area.tsx'.
src/pages/settings/general/timezone-settings.tsx(7,24): error TS6305: Output file '/app/packages/ui/dist/src/components/ui/button.d.ts' has not been built from source file '/app/packages/ui/src/components/ui/button.tsx'.
src/pages/settings/general/timezone-settings.tsx(14,8): error TS6305: Output file '/app/packages/ui/dist/src/components/ui/card.d.ts' has not been built from source file '/app/packages/ui/src/components/ui/card.tsx'.
src/pages/settings/general/timezone-settings.tsx(21,8): error TS6305: Output file '/app/packages/ui/dist/src/components/ui/form.d.ts' has not been built from source file '/app/packages/ui/src/components/ui/form.tsx'.
src/pages/settings/general/timezone-settings.tsx(125,26): error TS7031: Binding element 'field' implicitly has an 'any' type.
src/pages/settings/market-data/components/quote-import-form.tsx(1,41): error TS6305: Output file '/app/packages/ui/dist/src/components/ui/alert.d.ts' has not been built from source file '/app/packages/ui/src/components/ui/alert.tsx'.
src/pages/settings/market-data/components/quote-import-form.tsx(2,24): error TS6305: Output file '/app/packages/ui/dist/src/components/ui/button.d.ts' has not been built from source file '/app/packages/ui/src/components/ui/button.tsx'.
src/pages/settings/market-data/components/quote-import-form.tsx(3,35): error TS6305: Output file '/app/packages/ui/dist/src/components/ui/card.d.ts' has not been built from source file '/app/packages/ui/src/components/ui/card.tsx'.
src/pages/settings/market-data/components/quote-import-form.tsx(4,23): error TS6305: Output file '/app/packages/ui/dist/src/components/ui/icons.d.ts' has not been built from source file '/app/packages/ui/src/components/ui/icons.tsx'.
src/pages/settings/market-data/components/quote-import-form.tsx(5,23): error TS6305: Output file '/app/packages/ui/dist/src/components/ui/input.d.ts' has not been built from source file '/app/packages/ui/src/components/ui/input.tsx'.
src/pages/settings/market-data/components/quote-import-help-popover.tsx(1,24): error TS6305: Output file '/app/packages/ui/dist/src/components/ui/button.d.ts' has not been built from source file '/app/packages/ui/src/components/ui/button.tsx'.
src/pages/settings/market-data/components/quote-import-help-popover.tsx(2,23): error TS6305: Output file '/app/packages/ui/dist/src/components/ui/icons.d.ts' has not been built from source file '/app/packages/ui/src/components/ui/icons.tsx'.
src/pages/settings/market-data/components/quote-import-help-popover.tsx(3,57): error TS6305: Output file '/app/packages/ui/dist/src/components/ui/popover.d.ts' has not been built from source file '/app/packages/ui/src/components/ui/popover.tsx'.
src/pages/settings/market-data/components/quote-import-progress.tsx(7,8): error TS6305: Output file '/app/packages/ui/dist/src/components/ui/card.d.ts' has not been built from source file '/app/packages/ui/src/components/ui/card.tsx'.
src/pages/settings/market-data/components/quote-import-progress.tsx(8,26): error TS6305: Output file '/app/packages/ui/dist/src/components/ui/progress.d.ts' has not been built from source file '/app/packages/ui/src/components/ui/progress.tsx'.
src/pages/settings/market-data/components/quote-import-progress.tsx(9,23): error TS6305: Output file '/app/packages/ui/dist/src/components/ui/badge.d.ts' has not been built from source file '/app/packages/ui/src/components/ui/badge.tsx'.
src/pages/settings/market-data/components/quote-import-progress.tsx(10,23): error TS6305: Output file '/app/packages/ui/dist/src/components/ui/icons.d.ts' has not been built from source file '/app/packages/ui/src/components/ui/icons.tsx'.
src/pages/settings/market-data/components/quote-import-progress.tsx(11,24): error TS6305: Output file '/app/packages/ui/dist/src/components/ui/button.d.ts' has not been built from source file '/app/packages/ui/src/components/ui/button.tsx'.
src/pages/settings/market-data/components/quote-import-section.tsx(1,27): error TS6305: Output file '/app/packages/ui/dist/src/components/ui/separator.d.ts' has not been built from source file '/app/packages/ui/src/components/ui/separator.tsx'.
src/pages/settings/market-data/components/quote-import-section.tsx(6,41): error TS6305: Output file '/app/packages/ui/dist/src/components/ui/alert.d.ts' has not been built from source file '/app/packages/ui/src/components/ui/alert.tsx'.
src/pages/settings/market-data/components/quote-import-section.tsx(7,24): error TS6305: Output file '/app/packages/ui/dist/src/components/ui/button.d.ts' has not been built from source file '/app/packages/ui/src/components/ui/button.tsx'.
src/pages/settings/market-data/components/quote-import-section.tsx(8,47): error TS6305: Output file '/app/packages/ui/dist/src/components/ui/card.d.ts' has not been built from source file '/app/packages/ui/src/components/ui/card.tsx'.
src/pages/settings/market-data/components/quote-import-section.tsx(9,23): error TS6305: Output file '/app/packages/ui/dist/src/components/ui/icons.d.ts' has not been built from source file '/app/packages/ui/src/components/ui/icons.tsx'.
src/pages/settings/market-data/components/quote-preview-table.tsx(2,23): error TS6305: Output file '/app/packages/ui/dist/src/components/ui/badge.d.ts' has not been built from source file '/app/packages/ui/src/components/ui/badge.tsx'.
src/pages/settings/market-data/components/quote-preview-table.tsx(9,8): error TS6305: Output file '/app/packages/ui/dist/src/components/ui/card.d.ts' has not been built from source file '/app/packages/ui/src/components/ui/card.tsx'.
src/pages/settings/market-data/components/quote-preview-table.tsx(10,23): error TS6305: Output file '/app/packages/ui/dist/src/components/ui/icons.d.ts' has not been built from source file '/app/packages/ui/src/components/ui/icons.tsx'.
src/pages/settings/market-data/components/quote-preview-table.tsx(18,8): error TS6305: Output file '/app/packages/ui/dist/src/components/ui/table.d.ts' has not been built from source file '/app/packages/ui/src/components/ui/table.tsx'.
src/pages/settings/market-data/components/quote-preview-table.tsx(24,8): error TS6305: Output file '/app/packages/ui/dist/src/components/ui/tooltip.d.ts' has not been built from source file '/app/packages/ui/src/components/ui/tooltip.tsx'.
src/pages/settings/market-data/custom-provider-form.tsx(6,24): error TS6305: Output file '/app/packages/ui/dist/src/components/ui/button.d.ts' has not been built from source file '/app/packages/ui/src/components/ui/button.tsx'.
src/pages/settings/market-data/custom-provider-form.tsx(14,8): error TS6305: Output file '/app/packages/ui/dist/src/components/ui/form.d.ts' has not been built from source file '/app/packages/ui/src/components/ui/form.tsx'.
src/pages/settings/market-data/custom-provider-form.tsx(15,23): error TS6305: Output file '/app/packages/ui/dist/src/components/ui/icons.d.ts' has not been built from source file '/app/packages/ui/src/components/ui/icons.tsx'.
src/pages/settings/market-data/custom-provider-form.tsx(16,23): error TS6305: Output file '/app/packages/ui/dist/src/components/ui/input.d.ts' has not been built from source file '/app/packages/ui/src/components/ui/input.tsx'.
src/pages/settings/market-data/custom-provider-form.tsx(17,26): error TS6305: Output file '/app/packages/ui/dist/src/components/ui/textarea.d.ts' has not been built from source file '/app/packages/ui/src/components/ui/textarea.tsx'.
src/pages/settings/market-data/custom-provider-form.tsx(18,23): error TS6305: Output file '/app/packages/ui/dist/src/components/ui/use-toast.d.ts' has not been built from source file '/app/packages/ui/src/components/ui/use-toast.ts'.
src/pages/settings/market-data/custom-provider-form.tsx(19,71): error TS6305: Output file '/app/packages/ui/dist/src/index.d.ts' has not been built from source file '/app/packages/ui/src/index.ts'.
src/pages/settings/market-data/custom-provider-form.tsx(199,22): error TS7006: Parameter 'nextOpen' implicitly has an 'any' type.
src/pages/settings/market-data/custom-provider-form.tsx(565,30): error TS7031: Binding element 'field' implicitly has an 'any' type.
src/pages/settings/market-data/custom-provider-form.tsx(579,38): error TS7006: Parameter 'e' implicitly has an 'any' type.
src/pages/settings/market-data/custom-provider-form.tsx(589,30): error TS7031: Binding element 'field' implicitly has an 'any' type.
src/pages/settings/market-data/custom-provider-form.tsx(599,38): error TS7006: Parameter 'e' implicitly has an 'any' type.
src/pages/settings/market-data/custom-provider-form.tsx(612,30): error TS7031: Binding element 'field' implicitly has an 'any' type.
src/pages/settings/market-data/custom-provider-form.tsx(629,28): error TS7031: Binding element 'field' implicitly has an 'any' type.
src/pages/settings/market-data/live-preview-pane.tsx(4,24): error TS6305: Output file '/app/packages/ui/dist/src/components/ui/button.d.ts' has not been built from source file '/app/packages/ui/src/components/ui/button.tsx'.
src/pages/settings/market-data/live-preview-pane.tsx(5,23): error TS6305: Output file '/app/packages/ui/dist/src/components/ui/icons.d.ts' has not been built from source file '/app/packages/ui/src/components/ui/icons.tsx'.
src/pages/settings/market-data/live-preview-pane.tsx(6,23): error TS6305: Output file '/app/packages/ui/dist/src/components/ui/input.d.ts' has not been built from source file '/app/packages/ui/src/components/ui/input.tsx'.
src/pages/settings/market-data/live-preview-pane.tsx(7,23): error TS6305: Output file '/app/packages/ui/dist/src/components/ui/label.d.ts' has not been built from source file '/app/packages/ui/src/components/ui/label.tsx'.
src/pages/settings/market-data/live-preview-pane.tsx(12,8): error TS6305: Output file '/app/packages/ui/dist/src/components/ui/collapsible.d.ts' has not been built from source file '/app/packages/ui/src/components/ui/collapsible.tsx'.
src/pages/settings/market-data/live-preview-pane.tsx(641,26): error TS7006: Parameter 'e' implicitly has an 'any' type.
src/pages/settings/market-data/live-preview-pane.tsx(649,28): error TS7006: Parameter 'e' implicitly has an 'any' type.
src/pages/settings/market-data/live-preview-pane.tsx(658,28): error TS7006: Parameter 'e' implicitly has an 'any' type.
src/pages/settings/market-data/live-preview-pane.tsx(667,28): error TS7006: Parameter 'e' implicitly has an 'any' type.
src/pages/settings/market-data/live-preview-pane.tsx(677,30): error TS7006: Parameter 'e' implicitly has an 'any' type.
src/pages/settings/market-data/live-preview-pane.tsx(684,30): error TS7006: Parameter 'e' implicitly has an 'any' type.
src/pages/settings/market-data/market-data-import-page.tsx(3,24): error TS6305: Output file '/app/packages/ui/dist/src/components/ui/button.d.ts' has not been built from source file '/app/packages/ui/src/components/ui/button.tsx'.
src/pages/settings/market-data/market-data-import-page.tsx(4,23): error TS6305: Output file '/app/packages/ui/dist/src/components/ui/icons.d.ts' has not been built from source file '/app/packages/ui/src/components/ui/icons.tsx'.
src/pages/settings/market-data/market-data-import-page.tsx(5,27): error TS6305: Output file '/app/packages/ui/dist/src/components/ui/separator.d.ts' has not been built from source file '/app/packages/ui/src/components/ui/separator.tsx'.
src/pages/settings/market-data/market-data-settings.tsx(2,23): error TS6305: Output file '/app/packages/ui/dist/src/components/ui/badge.d.ts' has not been built from source file '/app/packages/ui/src/components/ui/badge.tsx'.
src/pages/settings/market-data/market-data-settings.tsx(3,24): error TS6305: Output file '/app/packages/ui/dist/src/components/ui/button.d.ts' has not been built from source file '/app/packages/ui/src/components/ui/button.tsx'.
src/pages/settings/market-data/market-data-settings.tsx(4,23): error TS6305: Output file '/app/packages/ui/dist/src/components/ui/icons.d.ts' has not been built from source file '/app/packages/ui/src/components/ui/icons.tsx'.
src/pages/settings/market-data/market-data-settings.tsx(5,57): error TS6305: Output file '/app/packages/ui/dist/src/components/ui/popover.d.ts' has not been built from source file '/app/packages/ui/src/components/ui/popover.tsx'.
src/pages/settings/market-data/market-data-settings.tsx(6,27): error TS6305: Output file '/app/packages/ui/dist/src/components/ui/separator.d.ts' has not been built from source file '/app/packages/ui/src/components/ui/separator.tsx'.
src/pages/settings/market-data/market-data-settings.tsx(7,26): error TS6305: Output file '/app/packages/ui/dist/src/components/ui/skeleton.d.ts' has not been built from source file '/app/packages/ui/src/components/ui/skeleton.tsx'.
src/pages/settings/market-data/market-data-settings.tsx(8,58): error TS6305: Output file '/app/packages/ui/dist/src/components/ui/tabs.d.ts' has not been built from source file '/app/packages/ui/src/components/ui/tabs.tsx'.
src/pages/settings/market-data/market-data-settings.tsx(27,31): error TS6305: Output file '/app/packages/ui/dist/src/index.d.ts' has not been built from source file '/app/packages/ui/src/index.ts'.
src/pages/settings/market-data/market-data-settings.tsx(32,8): error TS6305: Output file '/app/packages/ui/dist/src/components/ui/collapsible.d.ts' has not been built from source file '/app/packages/ui/src/components/ui/collapsible.tsx'.
src/pages/settings/market-data/market-data-settings.tsx(33,23): error TS6305: Output file '/app/packages/ui/dist/src/components/ui/input.d.ts' has not been built from source file '/app/packages/ui/src/components/ui/input.tsx'.
src/pages/settings/market-data/market-data-settings.tsx(34,23): error TS6305: Output file '/app/packages/ui/dist/src/components/ui/label.d.ts' has not been built from source file '/app/packages/ui/src/components/ui/label.tsx'.
src/pages/settings/market-data/market-data-settings.tsx(35,24): error TS6305: Output file '/app/packages/ui/dist/src/components/ui/switch.d.ts' has not been built from source file '/app/packages/ui/src/components/ui/switch.tsx'.
src/pages/settings/market-data/market-data-settings.tsx(252,33): error TS7006: Parameter 'checked' implicitly has an 'any' type.
src/pages/settings/market-data/market-data-settings.tsx(350,38): error TS7006: Parameter 'e' implicitly has an 'any' type.
src/pages/settings/market-data/source-config-panel.tsx(10,8): error TS6305: Output file '/app/packages/ui/dist/src/components/ui/form.d.ts' has not been built from source file '/app/packages/ui/src/components/ui/form.tsx'.
src/pages/settings/market-data/source-config-panel.tsx(11,23): error TS6305: Output file '/app/packages/ui/dist/src/components/ui/icons.d.ts' has not been built from source file '/app/packages/ui/src/components/ui/icons.tsx'.
src/pages/settings/market-data/source-config-panel.tsx(12,23): error TS6305: Output file '/app/packages/ui/dist/src/components/ui/input.d.ts' has not been built from source file '/app/packages/ui/src/components/ui/input.tsx'.
src/pages/settings/market-data/source-config-panel.tsx(13,23): error TS6305: Output file '/app/packages/ui/dist/src/components/ui/label.d.ts' has not been built from source file '/app/packages/ui/src/components/ui/label.tsx'.
src/pages/settings/market-data/source-config-panel.tsx(14,24): error TS6305: Output file '/app/packages/ui/dist/src/components/ui/switch.d.ts' has not been built from source file '/app/packages/ui/src/components/ui/switch.tsx'.
src/pages/settings/market-data/source-config-panel.tsx(15,26): error TS6305: Output file '/app/packages/ui/dist/src/components/ui/textarea.d.ts' has not been built from source file '/app/packages/ui/src/components/ui/textarea.tsx'.
src/pages/settings/market-data/source-config-panel.tsx(20,8): error TS6305: Output file '/app/packages/ui/dist/src/components/ui/collapsible.d.ts' has not been built from source file '/app/packages/ui/src/components/ui/collapsible.tsx'.
src/pages/settings/market-data/source-config-panel.tsx(197,25): error TS7031: Binding element 'f' implicitly has an 'any' type.
src/pages/settings/market-data/source-config-panel.tsx(327,24): error TS7031: Binding element 'field' implicitly has an 'any' type.
src/pages/settings/market-data/source-config-panel.tsx(394,24): error TS7031: Binding element 'field' implicitly has an 'any' type.
src/pages/settings/market-data/source-config-panel.tsx(412,27): error TS7006: Parameter 'el' implicitly has an 'any' type.
src/pages/settings/market-data/source-config-panel.tsx(416,32): error TS7006: Parameter 'e' implicitly has an 'any' type.
src/pages/settings/market-data/source-config-panel.tsx(438,26): error TS7031: Binding element 'field' implicitly has an 'any' type.
src/pages/settings/market-data/source-config-panel.tsx(476,28): error TS7031: Binding element 'field' implicitly has an 'any' type.
src/pages/settings/market-data/source-config-panel.tsx(604,26): error TS7031: Binding element 'field' implicitly has an 'any' type.
src/pages/settings/market-data/source-config-panel.tsx(620,30): error TS7031: Binding element 'field' implicitly has an 'any' type.
src/pages/settings/market-data/source-config-panel.tsx(637,30): error TS7031: Binding element 'field' implicitly has an 'any' type.
src/pages/settings/market-data/source-config-panel.tsx(654,30): error TS7031: Binding element 'field' implicitly has an 'any' type.
src/pages/settings/market-data/source-config-panel.tsx(671,30): error TS7031: Binding element 'field' implicitly has an 'any' type.
src/pages/settings/market-data/source-config-panel.tsx(691,26): error TS7031: Binding element 'field' implicitly has an 'any' type.
src/pages/settings/market-data/source-config-panel.tsx(706,28): error TS7031: Binding element 'field' implicitly has an 'any' type.
src/pages/settings/market-data/source-config-panel.tsx(716,36): error TS7006: Parameter 'e' implicitly has an 'any' type.
src/pages/settings/market-data/source-config-panel.tsx(728,28): error TS7031: Binding element 'field' implicitly has an 'any' type.
src/pages/settings/market-data/source-config-panel.tsx(741,28): error TS7031: Binding element 'field' implicitly has an 'any' type.
src/pages/settings/market-data/source-config-panel.tsx(763,28): error TS7031: Binding element 'field' implicitly has an 'any' type.
src/pages/settings/market-data/source-config-panel.tsx(773,36): error TS7006: Parameter 'e' implicitly has an 'any' type.
src/pages/settings/market-data/source-config-panel.tsx(788,28): error TS7031: Binding element 'field' implicitly has an 'any' type.
src/pages/settings/market-data/use-market-data-settings.ts(10,23): error TS6305: Output file '/app/packages/ui/dist/src/components/ui/use-toast.d.ts' has not been built from source file '/app/packages/ui/src/components/ui/use-toast.ts'.
src/pages/settings/settings-header.tsx(1,24): error TS6305: Output file '/app/packages/ui/dist/src/components/ui/button.d.ts' has not been built from source file '/app/packages/ui/src/components/ui/button.tsx'.
src/pages/settings/settings-header.tsx(2,23): error TS6305: Output file '/app/packages/ui/dist/src/components/ui/icons.d.ts' has not been built from source file '/app/packages/ui/src/components/ui/icons.tsx'.
src/pages/settings/settings-layout.tsx(1,34): error TS6305: Output file '/app/packages/ui/dist/src/index.d.ts' has not been built from source file '/app/packages/ui/src/index.ts'.
src/pages/settings/settings-layout.tsx(2,23): error TS6305: Output file '/app/packages/ui/dist/src/components/ui/icons.d.ts' has not been built from source file '/app/packages/ui/src/components/ui/icons.tsx'.
src/pages/settings/settings-layout.tsx(3,27): error TS6305: Output file '/app/packages/ui/dist/src/components/ui/separator.d.ts' has not been built from source file '/app/packages/ui/src/components/ui/separator.tsx'.
src/pages/settings/sidebar-nav.tsx(5,32): error TS6305: Output file '/app/packages/ui/dist/src/components/ui/button-variants.d.ts' has not been built from source file '/app/packages/ui/src/components/ui/button-variants.ts'.
src/pages/settings/taxonomies/components/category-form.tsx(25,8): error TS6305: Output file '/app/packages/ui/dist/src/index.d.ts' has not been built from source file '/app/packages/ui/src/index.ts'.
src/pages/settings/taxonomies/components/category-form.tsx(166,24): error TS7031: Binding element 'field' implicitly has an 'any' type.
src/pages/settings/taxonomies/components/category-form.tsx(180,24): error TS7031: Binding element 'field' implicitly has an 'any' type.
src/pages/settings/taxonomies/components/category-form.tsx(202,24): error TS7031: Binding element 'field' implicitly has an 'any' type.
src/pages/settings/taxonomies/components/taxonomy-picker.tsx(15,8): error TS6305: Output file '/app/packages/ui/dist/src/index.d.ts' has not been built from source file '/app/packages/ui/src/index.ts'.
src/pages/settings/taxonomies/components/taxonomy-picker.tsx(16,50): error TS6305: Output file '/app/packages/ui/dist/src/components/ui/tree-view.d.ts' has not been built from source file '/app/packages/ui/src/components/ui/tree-view.tsx'.
src/pages/settings/taxonomies/migration-banner.tsx(1,68): error TS6305: Output file '/app/packages/ui/dist/src/index.d.ts' has not been built from source file '/app/packages/ui/src/index.ts'.
src/pages/settings/taxonomies/taxonomies-page.tsx(2,78): error TS6305: Output file '/app/packages/ui/dist/src/index.d.ts' has not been built from source file '/app/packages/ui/src/index.ts'.
src/pages/settings/taxonomies/taxonomies-page.tsx(7,8): error TS6305: Output file '/app/packages/ui/dist/src/components/ui/tree-view.d.ts' has not been built from source file '/app/packages/ui/src/components/ui/tree-view.tsx'.
src/pages/settings/taxonomies/taxonomies-page.tsx(93,27): error TS7006: Parameter 'value' implicitly has an 'any' type.
src/pages/settings/wealthfolio-connect/connect-settings-page.tsx(2,62): error TS6305: Output file '/app/packages/ui/dist/src/index.d.ts' has not been built from source file '/app/packages/ui/src/index.ts'.
src/pages/settings/wealthfolio-connect/connect-settings-page.tsx(3,23): error TS6305: Output file '/app/packages/ui/dist/src/components/ui/icons.d.ts' has not been built from source file '/app/packages/ui/src/components/ui/icons.tsx'.
src/pages/settings/wealthfolio-connect/connect-settings-page.tsx(4,27): error TS6305: Output file '/app/packages/ui/dist/src/components/ui/separator.d.ts' has not been built from source file '/app/packages/ui/src/components/ui/separator.tsx'.
/app/apps/frontend:
 ERR_PNPM_RECURSIVE_RUN_FIRST_FAIL  frontend@3.4.0 build: `cross-env BUILD_TARGET=web tsc && vite build`
Exit status 2
